Archive member included to satisfy reference by file (symbol)

c:/programdata/matlab/supportpackages/r2024a/3p.instrset/gnuarm-armcortex.instrset/win/bin/../lib/gcc/arm-none-eabi/11.3.1/thumb/v7e-m+dp/hard\libm.a(libm_a-w_fmod.o)
                              Vehicle_Control_CodeGen.o (fmod)
c:/programdata/matlab/supportpackages/r2024a/3p.instrset/gnuarm-armcortex.instrset/win/bin/../lib/gcc/arm-none-eabi/11.3.1/thumb/v7e-m+dp/hard\libm.a(libm_a-s_floor.o)
                              Vehicle_Control_CodeGen.o (floor)
c:/programdata/matlab/supportpackages/r2024a/3p.instrset/gnuarm-armcortex.instrset/win/bin/../lib/gcc/arm-none-eabi/11.3.1/thumb/v7e-m+dp/hard\libm.a(libm_a-e_fmod.o)
                              c:/programdata/matlab/supportpackages/r2024a/3p.instrset/gnuarm-armcortex.instrset/win/bin/../lib/gcc/arm-none-eabi/11.3.1/thumb/v7e-m+dp/hard\libm.a(libm_a-w_fmod.o) (__ieee754_fmod)
c:/programdata/matlab/supportpackages/r2024a/3p.instrset/gnuarm-armcortex.instrset/win/bin/../lib/gcc/arm-none-eabi/11.3.1/thumb/v7e-m+dp/hard\libc_nano.a(libc_a-exit.o)
                              c:/programdata/matlab/supportpackages/r2024a/3p.instrset/gnuarm-armcortex.instrset/win/bin/../lib/gcc/arm-none-eabi/11.3.1/thumb/v7e-m+dp/hard/crt0.o (exit)
c:/programdata/matlab/supportpackages/r2024a/3p.instrset/gnuarm-armcortex.instrset/win/bin/../lib/gcc/arm-none-eabi/11.3.1/thumb/v7e-m+dp/hard\libc_nano.a(libc_a-findfp.o)
                              tasks.o (__sf)
c:/programdata/matlab/supportpackages/r2024a/3p.instrset/gnuarm-armcortex.instrset/win/bin/../lib/gcc/arm-none-eabi/11.3.1/thumb/v7e-m+dp/hard\libc_nano.a(libc_a-fwalk.o)
                              c:/programdata/matlab/supportpackages/r2024a/3p.instrset/gnuarm-armcortex.instrset/win/bin/../lib/gcc/arm-none-eabi/11.3.1/thumb/v7e-m+dp/hard\libc_nano.a(libc_a-findfp.o) (_fwalk_sglue)
c:/programdata/matlab/supportpackages/r2024a/3p.instrset/gnuarm-armcortex.instrset/win/bin/../lib/gcc/arm-none-eabi/11.3.1/thumb/v7e-m+dp/hard\libc_nano.a(libc_a-stdio.o)
                              c:/programdata/matlab/supportpackages/r2024a/3p.instrset/gnuarm-armcortex.instrset/win/bin/../lib/gcc/arm-none-eabi/11.3.1/thumb/v7e-m+dp/hard\libc_nano.a(libc_a-findfp.o) (__sread)
c:/programdata/matlab/supportpackages/r2024a/3p.instrset/gnuarm-armcortex.instrset/win/bin/../lib/gcc/arm-none-eabi/11.3.1/thumb/v7e-m+dp/hard\libc_nano.a(libc_a-memset.o)
                              c:/programdata/matlab/supportpackages/r2024a/3p.instrset/gnuarm-armcortex.instrset/win/bin/../lib/gcc/arm-none-eabi/11.3.1/thumb/v7e-m+dp/hard/crt0.o (memset)
c:/programdata/matlab/supportpackages/r2024a/3p.instrset/gnuarm-armcortex.instrset/win/bin/../lib/gcc/arm-none-eabi/11.3.1/thumb/v7e-m+dp/hard\libc_nano.a(libc_a-closer.o)
                              c:/programdata/matlab/supportpackages/r2024a/3p.instrset/gnuarm-armcortex.instrset/win/bin/../lib/gcc/arm-none-eabi/11.3.1/thumb/v7e-m+dp/hard\libc_nano.a(libc_a-stdio.o) (_close_r)
c:/programdata/matlab/supportpackages/r2024a/3p.instrset/gnuarm-armcortex.instrset/win/bin/../lib/gcc/arm-none-eabi/11.3.1/thumb/v7e-m+dp/hard\libc_nano.a(libc_a-reent.o)
                              tasks.o (_reclaim_reent)
c:/programdata/matlab/supportpackages/r2024a/3p.instrset/gnuarm-armcortex.instrset/win/bin/../lib/gcc/arm-none-eabi/11.3.1/thumb/v7e-m+dp/hard\libc_nano.a(libc_a-impure.o)
                              tasks.o (_impure_ptr)
c:/programdata/matlab/supportpackages/r2024a/3p.instrset/gnuarm-armcortex.instrset/win/bin/../lib/gcc/arm-none-eabi/11.3.1/thumb/v7e-m+dp/hard\libc_nano.a(libc_a-lseekr.o)
                              c:/programdata/matlab/supportpackages/r2024a/3p.instrset/gnuarm-armcortex.instrset/win/bin/../lib/gcc/arm-none-eabi/11.3.1/thumb/v7e-m+dp/hard\libc_nano.a(libc_a-stdio.o) (_lseek_r)
c:/programdata/matlab/supportpackages/r2024a/3p.instrset/gnuarm-armcortex.instrset/win/bin/../lib/gcc/arm-none-eabi/11.3.1/thumb/v7e-m+dp/hard\libc_nano.a(libc_a-readr.o)
                              c:/programdata/matlab/supportpackages/r2024a/3p.instrset/gnuarm-armcortex.instrset/win/bin/../lib/gcc/arm-none-eabi/11.3.1/thumb/v7e-m+dp/hard\libc_nano.a(libc_a-stdio.o) (_read_r)
c:/programdata/matlab/supportpackages/r2024a/3p.instrset/gnuarm-armcortex.instrset/win/bin/../lib/gcc/arm-none-eabi/11.3.1/thumb/v7e-m+dp/hard\libc_nano.a(libc_a-writer.o)
                              c:/programdata/matlab/supportpackages/r2024a/3p.instrset/gnuarm-armcortex.instrset/win/bin/../lib/gcc/arm-none-eabi/11.3.1/thumb/v7e-m+dp/hard\libc_nano.a(libc_a-stdio.o) (_write_r)
c:/programdata/matlab/supportpackages/r2024a/3p.instrset/gnuarm-armcortex.instrset/win/bin/../lib/gcc/arm-none-eabi/11.3.1/thumb/v7e-m+dp/hard\libc_nano.a(libc_a-errno.o)
                              syscalls.o (__errno)
c:/programdata/matlab/supportpackages/r2024a/3p.instrset/gnuarm-armcortex.instrset/win/bin/../lib/gcc/arm-none-eabi/11.3.1/thumb/v7e-m+dp/hard\libc_nano.a(libc_a-init.o)
[...]
Memory Configuration

Name             Origin             Length             Attributes
ITCMRAM          0x00000000         0x00010000         xrw
DTCMRAM          0x20000000         0x00020000         xrw
FLASH            0x08000000         0x00100000         xr
RAM_D1           0x24000000         0x00050000         xrw
RAM_D2           0x30000000         0x00008000         xrw
RAM_D3           0x38000000         0x00004000         xrw
*default*        0x00000000         0xffffffff

Linker script and memory map

LOAD c:/programdata/matlab/supportpackages/r2024a/3p.instrset/gnuarm-armcortex.instrset/win/bin/../lib/gcc/arm-none-eabi/11.3.1/thumb/v7e-m+dp/hard/crti.o
LOAD c:/programdata/matlab/supportpackages/r2024a/3p.instrset/gnuarm-armcortex.instrset/win/bin/../lib/gcc/arm-none-eabi/11.3.1/thumb/v7e-m+dp/hard/crtbegin.o
LOAD c:/programdata/matlab/supportpackages/r2024a/3p.instrset/gnuarm-armcortex.instrset/win/bin/../lib/gcc/arm-none-eabi/11.3.1/thumb/v7e-m+dp/hard/crt0.o
LOAD stm_fdcan_hal.o
LOAD mw_stm32_nvic.o
LOAD ert_main.o
LOAD Vehicle_Control_CodeGen.o
LOAD Vehicle_Control_CodeGen_data.o
LOAD rt_nonfinite.o
LOAD overrideHALDelay.o
LOAD platform_timer.o
LOAD mw_freertos_init.o
LOAD mw_thread.o
LOAD mw_timer.o
LOAD mw_semaphore.o
LOAD main.o
LOAD freertos.o
LOAD stm32h7xx_it.o
LOAD stm32h7xx_hal_msp.o
LOAD stm32h7xx_hal_timebase_tim.o
LOAD stm32h7xx_ll_exti.o
LOAD stm32h7xx_ll_gpio.o
LOAD stm32h7xx_ll_adc.o
LOAD stm32h7xx_ll_dma.o
LOAD stm32h7xx_ll_rcc.o
LOAD stm32h7xx_ll_utils.o
LOAD stm32h7xx_hal_rcc.o
LOAD stm32h7xx_hal_rcc_ex.o
LOAD stm32h7xx_hal_flash.o
LOAD stm32h7xx_hal_flash_ex.o
LOAD stm32h7xx_hal_gpio.o
LOAD stm32h7xx_hal_hsem.o
LOAD stm32h7xx_hal_dma.o
LOAD stm32h7xx_hal_dma_ex.o
LOAD stm32h7xx_hal_mdma.o
LOAD stm32h7xx_hal_pwr.o
LOAD stm32h7xx_hal_pwr_ex.o
LOAD stm32h7xx_hal_cortex.o
LOAD stm32h7xx_hal.o
LOAD stm32h7xx_hal_i2c.o
LOAD stm32h7xx_hal_i2c_ex.o
LOAD stm32h7xx_hal_exti.o
LOAD stm32h7xx_ll_dac.o
LOAD stm32h7xx_hal_eth.o
LOAD stm32h7xx_hal_eth_ex.o
LOAD stm32h7xx_hal_fdcan.o
LOAD stm32h7xx_ll_i2c.o
LOAD stm32h7xx_ll_bdma.o
LOAD stm32h7xx_hal_ltdc.o
LOAD stm32h7xx_hal_ltdc_ex.o
LOAD stm32h7xx_hal_ospi.o
LOAD stm32h7xx_hal_sai.o
LOAD stm32h7xx_hal_sai_ex.o
LOAD stm32h7xx_ll_sdmmc.o
LOAD stm32h7xx_ll_delayblock.o
LOAD stm32h7xx_hal_sd.o
LOAD stm32h7xx_hal_sd_ex.o
LOAD stm32h7xx_hal_tim.o
LOAD stm32h7xx_hal_tim_ex.o
LOAD stm32h7xx_ll_tim.o
LOAD stm32h7xx_ll_usart.o
LOAD croutine.o
LOAD event_groups.o
LOAD list.o
LOAD queue.o
LOAD stream_buffer.o
LOAD tasks.o
LOAD timers.o
LOAD cmsis_os2.o
LOAD heap_4.o
LOAD port.o
LOAD system_stm32h7xx.o
LOAD syscalls.o
LOAD sysmem.o
LOAD startup_stm32h735igkx.o
LOAD C:/ProgramData/MATLAB/SupportPackages/R2024a/3P.instrset/cmsis_dsp.instrset/Lib/GCC/arm_cortexm7ldfdp_math/libCMSISDSP.a
LOAD C:/ProgramData/MATLAB/SupportPackages/R2024a/toolbox/shared/supportpackages/stm32/lib/GCC/libmw_pdmfilter_m7_dpfp.lib
LOAD c:/programdata/matlab/supportpackages/r2024a/3p.instrset/gnuarm-armcortex.instrset/win/bin/../lib/gcc/arm-none-eabi/11.3.1/thumb/v7e-m+dp/hard\libstdc++_nano.a
LOAD c:/programdata/matlab/supportpackages/r2024a/3p.instrset/gnuarm-armcortex.instrset/win/bin/../lib/gcc/arm-none-eabi/11.3.1/thumb/v7e-m+dp/hard\libm.a
START GROUP
LOAD c:/programdata/matlab/supportpackages/r2024a/3p.instrset/gnuarm-armcortex.instrset/win/bin/../lib/gcc/arm-none-eabi/11.3.1/thumb/v7e-m+dp/hard\libgcc.a
LOAD c:/programdata/matlab/supportpackages/r2024a/3p.instrset/gnuarm-armcortex.instrset/win/bin/../lib/gcc/arm-none-eabi/11.3.1/thumb/v7e-m+dp/hard\libc_nano.a
END GROUP
START GROUP
LOAD c:/programdata/matlab/supportpackages/r2024a/3p.instrset/gnuarm-armcortex.instrset/win/bin/../lib/gcc/arm-none-eabi/11.3.1/thumb/v7e-m+dp/hard\libgcc.a
LOAD c:/programdata/matlab/supportpackages/r2024a/3p.instrset/gnuarm-armcortex.instrset/win/bin/../lib/gcc/arm-none-eabi/11.3.1/thumb/v7e-m+dp/hard\libc_nano.a
LOAD c:/programdata/matlab/supportpackages/r2024a/3p.instrset/gnuarm-armcortex.instrset/win/bin/../lib/gcc/arm-none-eabi/11.3.1/thumb/v7e-m+dp/hard\libnosys.a
END GROUP
START GROUP
LOAD c:/programdata/matlab/supportpackages/r2024a/3p.instrset/gnuarm-armcortex.instrset/win/bin/../lib/gcc/arm-none-eabi/11.3.1/thumb/v7e-m+dp/hard\libgcc.a
LOAD c:/programdata/matlab/supportpackages/r2024a/3p.instrset/gnuarm-armcortex.instrset/win/bin/../lib/gcc/arm-none-eabi/11.3.1/thumb/v7e-m+dp/hard\libc_nano.a
LOAD c:/programdata/matlab/supportpackages/r2024a/3p.instrset/gnuarm-armcortex.instrset/win/bin/../lib/gcc/arm-none-eabi/11.3.1/thumb/v7e-m+dp/hard\libnosys.a
END GROUP
LOAD c:/programdata/matlab/supportpackages/r2024a/3p.instrset/gnuarm-armcortex.instrset/win/bin/../lib/gcc/arm-none-eabi/11.3.1/thumb/v7e-m+dp/hard/crtend.o
LOAD c:/programdata/matlab/supportpackages/r2024a/3p.instrset/gnuarm-armcortex.instrset/win/bin/../lib/gcc/arm-none-eabi/11.3.1/thumb/v7e-m+dp/hard/crtn.o
                0x24050000                _estack = (ORIGIN (RAM_D1) + LENGTH (RAM_D1))
                0x00000200                _Min_Heap_Size = 0x200
                0x00000400                _Min_Stack_Size = 0x400

.isr_vector     0x08000000      0x2cc
                0x08000000                . = ALIGN (0x4)
 *(.isr_vector)
 .isr_vector    0x08000000      0x2cc startup_stm32h735igkx.o
                0x08000000                g_pfnVectors
                0x080002cc                . = ALIGN (0x4)

.text           0x080002d0    0x12f20
                0x080002d0                . = ALIGN (0x4)
 *(.text)
 *(.text*)
 .text.deregister_tm_clones
                0x080002d0       0x1c c:/programdata/matlab/supportpackages/r2024a/3p.instrset/gnuarm-armcortex.instrset/win/bin/../lib/gcc/arm-none-eabi/11.3.1/thumb/v7e-m+dp/hard/crtbegin.o
 .text.register_tm_clones
                0x080002ec       0x24 c:/programdata/matlab/supportpackages/r2024a/3p.instrset/gnuarm-armcortex.instrset/win/bin/../lib/gcc/arm-none-eabi/11.3.1/thumb/v7e-m+dp/hard/crtbegin.o
 .text.__do_global_dtors_aux
                0x08000310       0x28 c:/programdata/matlab/supportpackages/r2024a/3p.instrset/gnuarm-armcortex.instrset/win/bin/../lib/gcc/arm-none-eabi/11.3.1/thumb/v7e-m+dp/hard/crtbegin.o
 .text.frame_dummy
                0x08000338       0x24 c:/programdata/matlab/supportpackages/r2024a/3p.instrset/gnuarm-armcortex.instrset/win/bin/../lib/gcc/arm-none-eabi/11.3.1/thumb/v7e-m+dp/hard/crtbegin.o
 .text.__NVIC_GetPriorityGrouping
                0x0800035c       0x1c stm_fdcan_hal.o
 .text.__NVIC_EnableIRQ
                0x08000378       0x3c stm_fdcan_hal.o
 .text.__NVIC_SetPriority
                0x080003b4       0x54 stm_fdcan_hal.o
 .text.NVIC_EncodePriority
                0x08000408       0x66 stm_fdcan_hal.o
 *fill*         0x0800046e        0x2 
 .text.MW_FDCAN_Initialize
                0x08000470       0xf0 stm_fdcan_hal.o
                0x08000470                MW_FDCAN_Initialize
 .text.MW_FDCAN_TransmitMessage
                0x08000560      0x220 stm_fdcan_hal.o
                0x08000560                MW_FDCAN_TransmitMessage
 .text.MW_FDCAN_ReceiveMessage
                0x08000780      0x194 stm_fdcan_hal.o
                0x08000780                MW_FDCAN_ReceiveMessage
 .text.MW_FDCAN_Close
                0x08000914       0x2a stm_fdcan_hal.o
                0x08000914                MW_FDCAN_Close
 *fill*         0x0800093e        0x2 
 .text.getFDCANModuleHandle
                0x08000940       0x34 stm_fdcan_hal.o
                0x08000940                getFDCANModuleHandle
 .text.MW_FDCAN_ConfigGlobalFilter
                0x08000974       0x38 stm_fdcan_hal.o
                0x08000974                MW_FDCAN_ConfigGlobalFilter
 .text.__NVIC_SetPriority
                0x080009ac       0x54 mw_stm32_nvic.o
 .text.MW_NVIC_ConfigureIRQ
                0x08000a00       0x26 mw_stm32_nvic.o
                0x08000a00                MW_NVIC_ConfigureIRQ
 *fill*         0x08000a26        0x2 
 .text.subrateTask
                0x08000a28       0x5c ert_main.o
                0x08000a28                subrateTask
 .text.baseRateTask
                0x08000a84       0xa8 ert_main.o
                0x08000a84                baseRateTask
 .text.terminateTask
                0x08000b2c       0xf8 ert_main.o
                0x08000b2c                terminateTask
 .text.main     0x08000c24       0xe4 ert_main.o
                0x08000c24                main
 .text.__NVIC_EnableIRQ
                0x08000d08       0x3c Vehicle_Control_CodeGen.o
 .text.MW_FDCAN_Start
                0x08000d44       0x28 Vehicle_Control_CodeGen.o
 .text.rate_monotonic_scheduler
                0x08000d6c       0x44 Vehicle_Control_CodeGen.o
 .text.Vehicle_Contro_SystemCore_setup
                0x08000db0       0x4e Vehicle_Control_CodeGen.o
 *fill*         0x08000dfe        0x2 
 .text.Vehicle__MovingAverage_Init
                0x08000e00       0x88 Vehicle_Control_CodeGen.o
                0x08000e00                Vehicle__MovingAverage_Init
 .text.Vehicle_Contr_MovingAverage
                0x08000e88      0x294 Vehicle_Control_CodeGen.o
                0x08000e88                Vehicle_Contr_MovingAverage
 .text.Vehicle__MovingAverage_Term
                0x0800111c       0x54 Vehicle_Control_CodeGen.o
                0x0800111c                Vehicle__MovingAverage_Term
 .text.Vehicle_Co_FDCANWrite1_Init
                0x08001170       0x3e Vehicle_Control_CodeGen.o
                0x08001170                Vehicle_Co_FDCANWrite1_Init
 .text.Vehicle_Control_FDCANWrite1
                0x080011ae       0x3e Vehicle_Control_CodeGen.o
                0x080011ae                Vehicle_Control_FDCANWrite1
 .text.Vehicle_Co_FDCANWrite1_Term
                0x080011ec       0x38 Vehicle_Control_CodeGen.o
                0x080011ec                Vehicle_Co_FDCANWrite1_Term
 .text.Vehicle_Co_FDCANWrite3_Init
                0x08001224       0x3e Vehicle_Control_CodeGen.o
                0x08001224                Vehicle_Co_FDCANWrite3_Init
 .text.Vehicle_Control_FDCANWrite3
                0x08001262       0x3e Vehicle_Control_CodeGen.o
                0x08001262                Vehicle_Control_FDCANWrite3
 .text.Vehicle_Co_FDCANWrite3_Term
                0x080012a0       0x38 Vehicle_Control_CodeGen.o
                0x080012a0                Vehicle_Co_FDCANWrite3_Term
 .text.Vehicle_Cont_SystemCore_setup_g
                0x080012d8       0x4e Vehicle_Control_CodeGen.o
 *fill*         0x08001326        0x2 
 .text.Vehicle_Control_CodeGen_step0
                0x08001328      0x8e0 Vehicle_Control_CodeGen.o
                0x08001328                Vehicle_Control_CodeGen_step0
 .text.Vehicle_Control_CodeGen_step1
                0x08001c08      0x590 Vehicle_Control_CodeGen.o
                0x08001c08                Vehicle_Control_CodeGen_step1
 .text.Vehicle_Control_CodeGen_step2
                0x08002198      0xcc8 Vehicle_Control_CodeGen.o
                0x08002198                Vehicle_Control_CodeGen_step2
 .text.Vehicle_Control_CodeGen_step
                0x08002e60       0x3e Vehicle_Control_CodeGen.o
                0x08002e60                Vehicle_Control_CodeGen_step
 *fill*         0x08002e9e        0x2 
 .text.Vehicle_Control_CodeGen_initialize
                0x08002ea0      0x4ac Vehicle_Control_CodeGen.o
                0x08002ea0                Vehicle_Control_CodeGen_initialize
 .text.Vehicle_Control_CodeGen_terminate
                0x0800334c      0x1a0 Vehicle_Control_CodeGen.o
                0x0800334c                Vehicle_Control_CodeGen_terminate
 .text.Vehicle_Control_CodeGen_configure_interrupts
                0x080034ec       0x30 Vehicle_Control_CodeGen.o
                0x080034ec                Vehicle_Control_CodeGen_configure_interrupts
 .text.FDCAN2_IT0_IRQHandler
                0x0800351c      0x36c Vehicle_Control_CodeGen.o
                0x0800351c                FDCAN2_IT0_IRQHandler
 .text.FDCAN1_IT0_IRQHandler
                0x08003888      0x2ec Vehicle_Control_CodeGen.o
                0x08003888                FDCAN1_IT0_IRQHandler
 .text.rtIsInf  0x08003b74       0x4c rt_nonfinite.o
                0x08003b74                rtIsInf
 .text.rtIsNaN  0x08003bc0       0x2e rt_nonfinite.o
                0x08003bc0                rtIsNaN
 *fill*         0x08003bee        0x2 
 .text.getCurrentTimestampInMicros
                0x08003bf0       0x3c platform_timer.o
                0x08003bf0                getCurrentTimestampInMicros
 .text.returnTimeElapsed
                0x08003c2c       0x2c platform_timer.o
                0x08003c2c                returnTimeElapsed
 .text.__NVIC_SetPriority
                0x08003c58       0x54 mw_freertos_init.o
 .text.schedulerTask
                0x08003cac       0x1c mw_freertos_init.o
                0x08003cac                schedulerTask
 .text.baseRateTaskWrapper
                0x08003cc8       0x16 mw_freertos_init.o
                0x08003cc8                baseRateTaskWrapper
 .text.subrateTaskWrapper
                0x08003cde       0x16 mw_freertos_init.o
                0x08003cde                subrateTaskWrapper
 .text.mw_RTOSInit
                0x08003cf4      0x278 mw_freertos_init.o
                0x08003cf4                mw_RTOSInit
 .text.mw_osThreadCreate
                0x08003f6c       0x66 mw_thread.o
                0x08003f6c                mw_osThreadCreate
 .text.mw_osThreadExit
                0x08003fd2       0x16 mw_thread.o
                0x08003fd2                mw_osThreadExit
 .text.mw_osThreadJoin
                0x08003fe8       0x24 mw_thread.o
                0x08003fe8                mw_osThreadJoin
 .text.mw_osTimerCreate
                0x0800400c       0x42 mw_timer.o
                0x0800400c                mw_osTimerCreate
 .text.mw_osTimerStart
                0x0800404e       0x48 mw_timer.o
                0x0800404e                mw_osTimerStart
 .text.mw_osSemaphoreCreate
                0x08004096       0x2e mw_semaphore.o
                0x08004096                mw_osSemaphoreCreate
 .text.mw_osSemaphoreWaitEver
                0x080040c4       0x3c mw_semaphore.o
                0x080040c4                mw_osSemaphoreWaitEver
 .text.mw_osSemaphoreRelease
                0x08004100       0x3c mw_semaphore.o
                0x08004100                mw_osSemaphoreRelease
 .text.mw_osSemaphoreDelete
                0x0800413c       0x26 mw_semaphore.o
                0x0800413c                mw_osSemaphoreDelete
 *fill*         0x08004162        0x2 
 .text.__NVIC_GetPriorityGrouping
                0x08004164       0x1c main.o
 .text.__NVIC_EnableIRQ
                0x08004180       0x3c main.o
 .text.__NVIC_SetPriority
                0x080041bc       0x54 main.o
 .text.NVIC_EncodePriority
                0x08004210       0x66 main.o
 .text.LL_ADC_REG_SetSequencerRanks
                0x08004276       0x58 main.o
 .text.LL_ADC_SetChannelSamplingTime
                0x080042ce       0x56 main.o
 .text.LL_ADC_SetChannelSingleDiff
                0x08004324       0x80 main.o
 .text.LL_ADC_SetOverSamplingScope
                0x080043a4       0x2c main.o
 .text.LL_ADC_DisableDeepPowerDown
                0x080043d0       0x24 main.o
 .text.LL_ADC_EnableInternalRegulator
                0x080043f4       0x28 main.o
 .text.LL_DAC_DisableTrigger
                0x0800441c       0x2e main.o
 *fill*         0x0800444a        0x2 
 .text.LL_DMA_SetDataTransferDirection
                0x0800444c       0x4c main.o
 .text.LL_DMA_SetMode
                0x08004498       0x4c main.o
 .text.LL_DMA_SetPeriphIncMode
                0x080044e4       0x4c main.o
 .text.LL_DMA_SetMemoryIncMode
                0x08004530       0x4c main.o
 .text.LL_DMA_SetPeriphSize
                0x0800457c       0x4c main.o
 .text.LL_DMA_SetMemorySize
                0x080045c8       0x4c main.o
 .text.LL_DMA_SetStreamPriorityLevel
                0x08004614       0x4c main.o
 .text.LL_DMA_SetPeriphRequest
                0x08004660       0x60 main.o
 .text.LL_DMA_DisableFifoMode
                0x080046c0       0x44 main.o
 .text.LL_I2C_EnableClockStretching
                0x08004704       0x20 main.o
 .text.LL_I2C_DisableGeneralCall
                0x08004724       0x20 main.o
 .text.LL_I2C_SetOwnAddress2
                0x08004744       0x30 main.o
 .text.LL_I2C_DisableOwnAddress2
                0x08004774       0x20 main.o
 .text.LL_I2C_EnableAutoEndMode
                0x08004794       0x20 main.o
 .text.LL_RCC_HSE_Enable
                0x080047b4       0x20 main.o
 .text.LL_RCC_HSE_IsReady
                0x080047d4       0x28 main.o
 .text.LL_RCC_HSI48_Enable
                0x080047fc       0x20 main.o
 .text.LL_RCC_HSI48_IsReady
                0x0800481c       0x28 main.o
 .text.LL_RCC_SetSysClkSource
                0x08004844       0x28 main.o
 .text.LL_RCC_GetSysClkSource
                0x0800486c       0x1c main.o
 .text.LL_RCC_SetSysPrescaler
                0x08004888       0x28 main.o
 .text.LL_RCC_SetAHBPrescaler
                0x080048b0       0x28 main.o
 .text.LL_RCC_SetAPB1Prescaler
                0x080048d8       0x28 main.o
 .text.LL_RCC_SetAPB2Prescaler
                0x08004900       0x28 main.o
 .text.LL_RCC_SetAPB3Prescaler
                0x08004928       0x28 main.o
 .text.LL_RCC_SetAPB4Prescaler
                0x08004950       0x28 main.o
 .text.LL_RCC_SetClockSource
                0x08004978       0x54 main.o
 .text.LL_RCC_SetUSARTClockSource
                0x080049cc       0x16 main.o
 .text.LL_RCC_SetI2CClockSource
                0x080049e2       0x16 main.o
 .text.LL_RCC_SetADCClockSource
                0x080049f8       0x28 main.o
 .text.LL_RCC_PLL_SetSource
                0x08004a20       0x28 main.o
 .text.LL_RCC_PLL1_Enable
                0x08004a48       0x20 main.o
 .text.LL_RCC_PLL1_IsReady
                0x08004a68       0x28 main.o
 .text.LL_RCC_PLL1P_Enable
                0x08004a90       0x20 main.o
 .text.LL_RCC_PLL1Q_Enable
                0x08004ab0       0x20 main.o
 .text.LL_RCC_PLL1R_Enable
                0x08004ad0       0x20 main.o
 .text.LL_RCC_PLL1_SetVCOOutputRange
                0x08004af0       0x2c main.o
 .text.LL_RCC_PLL1_SetVCOInputRange
                0x08004b1c       0x2c main.o
 .text.LL_RCC_PLL1_SetN
                0x08004b48       0x30 main.o
 .text.LL_RCC_PLL1_SetM
                0x08004b78       0x2c main.o
 .text.LL_RCC_PLL1_SetP
                0x08004ba4       0x2c main.o
 .text.LL_RCC_PLL1_SetQ
                0x08004bd0       0x2c main.o
 .text.LL_RCC_PLL1_SetR
                0x08004bfc       0x2c main.o
 .text.LL_RCC_PLL2_Enable
                0x08004c28       0x20 main.o
 .text.LL_RCC_PLL2_IsReady
                0x08004c48       0x28 main.o
 .text.LL_RCC_PLL2P_Enable
                0x08004c70       0x20 main.o
 .text.LL_RCC_PLL2_SetVCOOutputRange
                0x08004c90       0x2c main.o
 .text.LL_RCC_PLL2_SetVCOInputRange
                0x08004cbc       0x2c main.o
 .text.LL_RCC_PLL2_SetN
                0x08004ce8       0x30 main.o
 .text.LL_RCC_PLL2_SetM
                0x08004d18       0x2c main.o
 .text.LL_RCC_PLL2_SetP
                0x08004d44       0x2c main.o
 .text.LL_RCC_PLL2_SetQ
                0x08004d70       0x2c main.o
 .text.LL_RCC_PLL2_SetR
                0x08004d9c       0x2c main.o
 .text.LL_RCC_PLL3_Enable
                0x08004dc8       0x20 main.o
 .text.LL_RCC_PLL3_IsReady
                0x08004de8       0x28 main.o
 .text.LL_RCC_PLL3R_Enable
                0x08004e10       0x20 main.o
 .text.LL_RCC_PLL3_SetVCOOutputRange
                0x08004e30       0x2c main.o
 .text.LL_RCC_PLL3_SetVCOInputRange
                0x08004e5c       0x2c main.o
 .text.LL_RCC_PLL3_SetN
                0x08004e88       0x30 main.o
 .text.LL_RCC_PLL3_SetM
                0x08004eb8       0x2c main.o
 .text.LL_RCC_PLL3_SetP
                0x08004ee4       0x2c main.o
 .text.LL_RCC_PLL3_SetQ
                0x08004f10       0x2c main.o
 .text.LL_RCC_PLL3_SetR
                0x08004f3c       0x2c main.o
 .text.LL_AHB1_GRP1_EnableClock
                0x08004f68       0x38 main.o
 .text.LL_AHB4_GRP1_EnableClock
                0x08004fa0       0x38 main.o
 .text.LL_APB1_GRP1_EnableClock
                0x08004fd8       0x38 main.o
 .text.LL_APB2_GRP1_EnableClock
                0x08005010       0x38 main.o
 .text.LL_APB4_GRP1_EnableClock
                0x08005048       0x38 main.o
 .text.LL_SYSCFG_OpenAnalogSwitch
                0x08005080       0x24 main.o
 .text.LL_SYSCFG_SetEXTISource
                0x080050a4       0x70 main.o
 .text.LL_FLASH_SetLatency
                0x08005114       0x28 main.o
 .text.LL_FLASH_GetLatency
                0x0800513c       0x1c main.o
 .text.LL_PWR_ConfigSupply
                0x08005158       0x28 main.o
 .text.LL_PWR_SetRegulVoltageScaling
                0x08005180       0x28 main.o
 .text.LL_TIM_EnableARRPreload
                0x080051a8       0x20 main.o
 .text.LL_TIM_DisableARRPreload
                0x080051c8       0x20 main.o
 .text.LL_TIM_OC_DisableFast
                0x080051e8       0xa4 main.o
 .text.LL_TIM_OC_EnablePreload
                0x0800528c       0xa0 main.o
 .text.LL_TIM_SetTriggerOutput
                0x0800532c       0x26 main.o
 .text.LL_TIM_SetTriggerOutput2
                0x08005352       0x26 main.o
 .text.LL_TIM_DisableMasterSlaveMode
                0x08005378       0x20 main.o
 .text.LL_USART_Enable
                0x08005398       0x20 main.o
 .text.LL_USART_DisableFIFO
                0x080053b8       0x20 main.o
 .text.LL_USART_SetTXFIFOThreshold
                0x080053d8       0x4e main.o
 .text.LL_USART_SetRXFIFOThreshold
                0x08005426       0x4e main.o
 .text.LL_USART_ConfigAsyncMode
                0x08005474       0x2c main.o
 .text.LL_USART_IsActiveFlag_TEACK
                0x080054a0       0x28 main.o
 .text.LL_USART_IsActiveFlag_REACK
                0x080054c8       0x28 main.o
 .text.LL_GPIO_SetPinMode
                0x080054f0       0x40 main.o
 .text.LL_GPIO_SetPinPull
                0x08005530       0x40 main.o
 .text.LL_GPIO_ResetOutputPin
                0x08005570       0x1e main.o
 *fill*         0x0800558e        0x2 
 .text.SystemClock_Config
                0x08005590       0xec main.o
                0x08005590                SystemClock_Config
 .text.PeriphCommonClock_Config
                0x0800567c       0x86 main.o
                0x0800567c                PeriphCommonClock_Config
 *fill*         0x08005702        0x2 
 .text.MX_ADC1_Init
                0x08005704      0x148 main.o
                0x08005704                MX_ADC1_Init
 .text.MX_ADC2_Init
                0x0800584c       0xec main.o
                0x0800584c                MX_ADC2_Init
 .text.MX_ADC3_Init
                0x08005938      0x14c main.o
                0x08005938                MX_ADC3_Init
 .text.MX_DAC1_Init
                0x08005a84       0x8c main.o
                0x08005a84                MX_DAC1_Init
 .text.MX_ETH_Init
                0x08005b10       0x90 main.o
                0x08005b10                MX_ETH_Init
 .text.MX_FDCAN1_Init
                0x08005ba0       0xc8 main.o
                0x08005ba0                MX_FDCAN1_Init
 .text.MX_FDCAN2_Init
                0x08005c68       0xc8 main.o
                0x08005c68                MX_FDCAN2_Init
 .text.MX_I2C4_Init
                0x08005d30       0xc4 main.o
                0x08005d30                MX_I2C4_Init
 .text.MX_LTDC_Init
                0x08005df4      0x164 main.o
                0x08005df4                MX_LTDC_Init
 .text.MX_OCTOSPI1_Init
                0x08005f58       0xcc main.o
                0x08005f58                MX_OCTOSPI1_Init
 .text.MX_OCTOSPI2_Init
                0x08006024      0x108 main.o
                0x08006024                MX_OCTOSPI2_Init
 .text.MX_SAI1_Init
                0x0800612c      0x17c main.o
                0x0800612c                MX_SAI1_Init
 .text.MX_TIM1_Init
                0x080062a8      0x140 main.o
                0x080062a8                MX_TIM1_Init
 .text.MX_TIM4_Init
                0x080063e8      0x14c main.o
                0x080063e8                MX_TIM4_Init
 .text.MX_TIM5_Init
                0x08006534       0xd8 main.o
                0x08006534                MX_TIM5_Init
 .text.MX_TIM6_Init
                0x0800660c       0x70 main.o
                0x0800660c                MX_TIM6_Init
 .text.MX_TIM7_Init
                0x0800667c       0x54 main.o
                0x0800667c                MX_TIM7_Init
 .text.MX_TIM16_Init
                0x080066d0       0x70 main.o
                0x080066d0                MX_TIM16_Init
 .text.MX_TIM17_Init
                0x08006740       0x70 main.o
                0x08006740                MX_TIM17_Init
 .text.MX_TIM23_Init
                0x080067b0       0xa4 main.o
                0x080067b0                MX_TIM23_Init
 .text.MX_TIM24_Init
                0x08006854       0xa4 main.o
                0x08006854                MX_TIM24_Init
 .text.MX_USART1_UART_Init
                0x080068f8      0x138 main.o
                0x080068f8                MX_USART1_UART_Init
 .text.MX_USART3_UART_Init
                0x08006a30      0x13c main.o
                0x08006a30                MX_USART3_UART_Init
 .text.MX_USB_OTG_HS_USB_Init
                0x08006b6c        0xe main.o
                0x08006b6c                MX_USB_OTG_HS_USB_Init
 .text.MX_DMA_Init
                0x08006b7a       0x4e main.o
                0x08006b7a                MX_DMA_Init
 .text.MX_GPIO_Init
                0x08006bc8      0x394 main.o
                0x08006bc8                MX_GPIO_Init
 .text.HAL_TIM_PeriodElapsedCallback
                0x08006f5c       0x1e main.o
                0x08006f5c                HAL_TIM_PeriodElapsedCallback
 .text.Error_Handler
                0x08006f7a        0xa main.o
                0x08006f7a                Error_Handler
 .text.NMI_Handler
                0x08006f84        0x6 stm32h7xx_it.o
                0x08006f84                NMI_Handler
 .text.HardFault_Handler
                0x08006f8a        0x6 stm32h7xx_it.o
                0x08006f8a                HardFault_Handler
 .text.MemManage_Handler
                0x08006f90        0x6 stm32h7xx_it.o
                0x08006f90                MemManage_Handler
 .text.BusFault_Handler
                0x08006f96        0x6 stm32h7xx_it.o
                0x08006f96                BusFault_Handler
 .text.UsageFault_Handler
                0x08006f9c        0x6 stm32h7xx_it.o
                0x08006f9c                UsageFault_Handler
 .text.DebugMon_Handler
                0x08006fa2        0xe stm32h7xx_it.o
                0x08006fa2                DebugMon_Handler
 .text.DMA1_Stream0_IRQHandler
                0x08006fb0        0xe stm32h7xx_it.o
                0x08006fb0                DMA1_Stream0_IRQHandler
 .text.DMA1_Stream1_IRQHandler
                0x08006fbe        0xe stm32h7xx_it.o
                0x08006fbe                DMA1_Stream1_IRQHandler
 .text.TIM2_IRQHandler
                0x08006fcc       0x14 stm32h7xx_it.o
                0x08006fcc                TIM2_IRQHandler
 .text.TIM16_IRQHandler
                0x08006fe0        0xe stm32h7xx_it.o
                0x08006fe0                TIM16_IRQHandler
 .text.TIM17_IRQHandler
                0x08006fee        0xe stm32h7xx_it.o
                0x08006fee                TIM17_IRQHandler
 .text.TIM23_IRQHandler
                0x08006ffc       0x14 stm32h7xx_it.o
                0x08006ffc                TIM23_IRQHandler
 .text.TIM24_IRQHandler
                0x08007010       0x14 stm32h7xx_it.o
                0x08007010                TIM24_IRQHandler
 .text.LL_RCC_SetClockSource
                0x08007024       0x54 stm32h7xx_hal_msp.o
 .text.LL_RCC_SetSAIClockSource
                0x08007078       0x16 stm32h7xx_hal_msp.o
 *fill*         0x0800708e        0x2 
 .text.LL_RCC_SetOSPIClockSource
                0x08007090       0x28 stm32h7xx_hal_msp.o
 .text.LL_RCC_SetFDCANClockSource
                0x080070b8       0x28 stm32h7xx_hal_msp.o
 .text.HAL_MspInit
                0x080070e0       0x3c stm32h7xx_hal_msp.o
                0x080070e0                HAL_MspInit
 .text.HAL_ETH_MspInit
                0x0800711c      0x158 stm32h7xx_hal_msp.o
                0x0800711c                HAL_ETH_MspInit
 .text.HAL_FDCAN_MspInit
                0x08007274      0x148 stm32h7xx_hal_msp.o
                0x08007274                HAL_FDCAN_MspInit
 .text.HAL_FDCAN_MspDeInit
                0x080073bc       0x9c stm32h7xx_hal_msp.o
                0x080073bc                HAL_FDCAN_MspDeInit
 .text.HAL_LTDC_MspInit
                0x08007458      0x26c stm32h7xx_hal_msp.o
                0x08007458                HAL_LTDC_MspInit
 .text.HAL_OSPI_MspInit
                0x080076c4      0x2e4 stm32h7xx_hal_msp.o
                0x080076c4                HAL_OSPI_MspInit
 .text.HAL_TIM_Base_MspInit
                0x080079a8       0xbc stm32h7xx_hal_msp.o
                0x080079a8                HAL_TIM_Base_MspInit
 .text.HAL_SAI_MspInit
                0x08007a64       0xf0 stm32h7xx_hal_msp.o
                0x08007a64                HAL_SAI_MspInit
 .text.HAL_InitTick
                0x08007b54       0xd4 stm32h7xx_hal_timebase_tim.o
                0x08007b54                HAL_InitTick
 .text.LL_EXTI_EnableIT_0_31
                0x08007c28       0x28 stm32h7xx_ll_exti.o
 .text.LL_EXTI_EnableIT_32_63
                0x08007c50       0x28 stm32h7xx_ll_exti.o
 .text.LL_EXTI_EnableIT_64_95
                0x08007c78       0x28 stm32h7xx_ll_exti.o
 .text.LL_EXTI_DisableIT_0_31
                0x08007ca0       0x2a stm32h7xx_ll_exti.o
 .text.LL_EXTI_DisableIT_32_63
                0x08007cca       0x2a stm32h7xx_ll_exti.o
 .text.LL_EXTI_DisableIT_64_95
                0x08007cf4       0x2a stm32h7xx_ll_exti.o
 .text.LL_EXTI_EnableEvent_0_31
                0x08007d1e       0x28 stm32h7xx_ll_exti.o
 .text.LL_EXTI_EnableEvent_32_63
                0x08007d46       0x28 stm32h7xx_ll_exti.o
 .text.LL_EXTI_EnableEvent_64_95
                0x08007d6e       0x28 stm32h7xx_ll_exti.o
 .text.LL_EXTI_DisableEvent_0_31
                0x08007d96       0x2a stm32h7xx_ll_exti.o
 .text.LL_EXTI_DisableEvent_32_63
                0x08007dc0       0x2a stm32h7xx_ll_exti.o
 .text.LL_EXTI_DisableEvent_64_95
                0x08007dea       0x2a stm32h7xx_ll_exti.o
 .text.LL_EXTI_EnableRisingTrig_0_31
                0x08007e14       0x24 stm32h7xx_ll_exti.o
 .text.LL_EXTI_EnableRisingTrig_32_63
                0x08007e38       0x24 stm32h7xx_ll_exti.o
 .text.LL_EXTI_EnableRisingTrig_64_95
                0x08007e5c       0x24 stm32h7xx_ll_exti.o
 .text.LL_EXTI_DisableRisingTrig_0_31
                0x08007e80       0x26 stm32h7xx_ll_exti.o
 .text.LL_EXTI_DisableRisingTrig_32_63
                0x08007ea6       0x26 stm32h7xx_ll_exti.o
 .text.LL_EXTI_DisableRisingTrig_64_95
                0x08007ecc       0x26 stm32h7xx_ll_exti.o
 .text.LL_EXTI_EnableFallingTrig_0_31
                0x08007ef2       0x24 stm32h7xx_ll_exti.o
 .text.LL_EXTI_EnableFallingTrig_32_63
                0x08007f16       0x24 stm32h7xx_ll_exti.o
 .text.LL_EXTI_EnableFallingTrig_64_95
                0x08007f3a       0x24 stm32h7xx_ll_exti.o
 .text.LL_EXTI_DisableFallingTrig_0_31
                0x08007f5e       0x26 stm32h7xx_ll_exti.o
 .text.LL_EXTI_DisableFallingTrig_32_63
                0x08007f84       0x26 stm32h7xx_ll_exti.o
 .text.LL_EXTI_DisableFallingTrig_64_95
                0x08007faa       0x26 stm32h7xx_ll_exti.o
 .text.LL_EXTI_Init
                0x08007fd0      0x272 stm32h7xx_ll_exti.o
                0x08007fd0                LL_EXTI_Init
 .text.LL_GPIO_SetPinMode
                0x08008242       0x40 stm32h7xx_ll_gpio.o
 .text.LL_GPIO_SetPinOutputType
                0x08008282       0x30 stm32h7xx_ll_gpio.o
 .text.LL_GPIO_SetPinSpeed
                0x080082b2       0x40 stm32h7xx_ll_gpio.o
 .text.LL_GPIO_SetPinPull
                0x080082f2       0x40 stm32h7xx_ll_gpio.o
 .text.LL_GPIO_SetAFPin_0_7
                0x08008332       0x58 stm32h7xx_ll_gpio.o
 .text.LL_GPIO_SetAFPin_8_15
                0x0800838a       0x6c stm32h7xx_ll_gpio.o
 .text.LL_GPIO_Init
                0x080083f6       0xdc stm32h7xx_ll_gpio.o
                0x080083f6                LL_GPIO_Init
 .text.LL_ADC_REG_SetSequencerLength
                0x080084d2       0x26 stm32h7xx_ll_adc.o
 .text.LL_ADC_IsEnabled
                0x080084f8       0x26 stm32h7xx_ll_adc.o
 *fill*         0x0800851e        0x2 
 .text.LL_ADC_CommonInit
                0x08008520       0xb0 stm32h7xx_ll_adc.o
                0x08008520                LL_ADC_CommonInit
 .text.LL_ADC_Init
                0x080085d0       0xb0 stm32h7xx_ll_adc.o
                0x080085d0                LL_ADC_Init
 .text.LL_ADC_REG_Init
                0x08008680       0x94 stm32h7xx_ll_adc.o
                0x08008680                LL_ADC_REG_Init
 .text.LL_RCC_HSE_IsReady
                0x08008714       0x28 stm32h7xx_ll_rcc.o
 .text.LL_RCC_HSI_IsReady
                0x0800873c       0x24 stm32h7xx_ll_rcc.o
 .text.LL_RCC_HSI_GetDivider
                0x08008760       0x1c stm32h7xx_ll_rcc.o
 .text.LL_RCC_CSI_IsReady
                0x0800877c       0x28 stm32h7xx_ll_rcc.o
 .text.LL_RCC_LSE_IsReady
                0x080087a4       0x24 stm32h7xx_ll_rcc.o
 .text.LL_RCC_GetSysClkSource
                0x080087c8       0x1c stm32h7xx_ll_rcc.o
 .text.LL_RCC_GetSysPrescaler
                0x080087e4       0x1c stm32h7xx_ll_rcc.o
 .text.LL_RCC_GetAHBPrescaler
                0x08008800       0x1c stm32h7xx_ll_rcc.o
 .text.LL_RCC_GetAPB1Prescaler
                0x0800881c       0x1c stm32h7xx_ll_rcc.o
 .text.LL_RCC_GetAPB2Prescaler
                0x08008838       0x1c stm32h7xx_ll_rcc.o
 .text.LL_RCC_GetClockSource
                0x08008854       0x4c stm32h7xx_ll_rcc.o
 .text.LL_RCC_GetUSARTClockSource
                0x080088a0       0x18 stm32h7xx_ll_rcc.o
 .text.LL_RCC_PLL_GetSource
                0x080088b8       0x1c stm32h7xx_ll_rcc.o
 .text.LL_RCC_PLL1P_IsEnabled
                0x080088d4       0x28 stm32h7xx_ll_rcc.o
 .text.LL_RCC_PLL1Q_IsEnabled
                0x080088fc       0x28 stm32h7xx_ll_rcc.o
 .text.LL_RCC_PLL1R_IsEnabled
                0x08008924       0x28 stm32h7xx_ll_rcc.o
 .text.LL_RCC_PLL1FRACN_IsEnabled
                0x0800894c       0x24 stm32h7xx_ll_rcc.o
 .text.LL_RCC_PLL1_GetN
                0x08008970       0x1c stm32h7xx_ll_rcc.o
 .text.LL_RCC_PLL1_GetM
                0x0800898c       0x1c stm32h7xx_ll_rcc.o
 .text.LL_RCC_PLL1_GetP
                0x080089a8       0x20 stm32h7xx_ll_rcc.o
 .text.LL_RCC_PLL1_GetQ
                0x080089c8       0x20 stm32h7xx_ll_rcc.o
 .text.LL_RCC_PLL1_GetR
                0x080089e8       0x20 stm32h7xx_ll_rcc.o
 .text.LL_RCC_PLL1_GetFRACN
                0x08008a08       0x1c stm32h7xx_ll_rcc.o
 .text.LL_RCC_PLL2_IsReady
                0x08008a24       0x28 stm32h7xx_ll_rcc.o
 .text.LL_RCC_PLL2P_IsEnabled
                0x08008a4c       0x28 stm32h7xx_ll_rcc.o
 .text.LL_RCC_PLL2Q_IsEnabled
                0x08008a74       0x28 stm32h7xx_ll_rcc.o
 .text.LL_RCC_PLL2R_IsEnabled
                0x08008a9c       0x28 stm32h7xx_ll_rcc.o
 .text.LL_RCC_PLL2FRACN_IsEnabled
                0x08008ac4       0x24 stm32h7xx_ll_rcc.o
 .text.LL_RCC_PLL2_GetN
                0x08008ae8       0x1c stm32h7xx_ll_rcc.o
 .text.LL_RCC_PLL2_GetM
                0x08008b04       0x1c stm32h7xx_ll_rcc.o
 .text.LL_RCC_PLL2_GetP
                0x08008b20       0x20 stm32h7xx_ll_rcc.o
 .text.LL_RCC_PLL2_GetQ
                0x08008b40       0x20 stm32h7xx_ll_rcc.o
 .text.LL_RCC_PLL2_GetR
                0x08008b60       0x20 stm32h7xx_ll_rcc.o
 .text.LL_RCC_PLL2_GetFRACN
                0x08008b80       0x1c stm32h7xx_ll_rcc.o
 .text.LL_RCC_PLL3_IsReady
                0x08008b9c       0x28 stm32h7xx_ll_rcc.o
 .text.LL_RCC_PLL3P_IsEnabled
                0x08008bc4       0x28 stm32h7xx_ll_rcc.o
 .text.LL_RCC_PLL3Q_IsEnabled
                0x08008bec       0x28 stm32h7xx_ll_rcc.o
 .text.LL_RCC_PLL3R_IsEnabled
                0x08008c14       0x28 stm32h7xx_ll_rcc.o
 .text.LL_RCC_PLL3FRACN_IsEnabled
                0x08008c3c       0x28 stm32h7xx_ll_rcc.o
 .text.LL_RCC_PLL3_GetN
                0x08008c64       0x1c stm32h7xx_ll_rcc.o
 .text.LL_RCC_PLL3_GetM
                0x08008c80       0x1c stm32h7xx_ll_rcc.o
 .text.LL_RCC_PLL3_GetP
                0x08008c9c       0x20 stm32h7xx_ll_rcc.o
 .text.LL_RCC_PLL3_GetQ
                0x08008cbc       0x20 stm32h7xx_ll_rcc.o
 .text.LL_RCC_PLL3_GetR
                0x08008cdc       0x20 stm32h7xx_ll_rcc.o
 .text.LL_RCC_PLL3_GetFRACN
                0x08008cfc       0x1c stm32h7xx_ll_rcc.o
 .text.LL_RCC_GetPLL1ClockFreq
                0x08008d18      0x130 stm32h7xx_ll_rcc.o
                0x08008d18                LL_RCC_GetPLL1ClockFreq
 .text.LL_RCC_GetPLL2ClockFreq
                0x08008e48      0x130 stm32h7xx_ll_rcc.o
                0x08008e48                LL_RCC_GetPLL2ClockFreq
 .text.LL_RCC_GetPLL3ClockFreq
                0x08008f78      0x134 stm32h7xx_ll_rcc.o
                0x08008f78                LL_RCC_GetPLL3ClockFreq
 .text.LL_RCC_CalcPLLClockFreq
                0x080090ac       0x80 stm32h7xx_ll_rcc.o
                0x080090ac                LL_RCC_CalcPLLClockFreq
 .text.LL_RCC_GetUSARTClockFreq
                0x0800912c      0x1dc stm32h7xx_ll_rcc.o
                0x0800912c                LL_RCC_GetUSARTClockFreq
 .text.RCC_GetSystemClockFreq
                0x08009308       0xc4 stm32h7xx_ll_rcc.o
 .text.RCC_GetHCLKClockFreq
                0x080093cc       0x2c stm32h7xx_ll_rcc.o
 .text.RCC_GetPCLK1ClockFreq
                0x080093f8       0x30 stm32h7xx_ll_rcc.o
 .text.RCC_GetPCLK2ClockFreq
                0x08009428       0x30 stm32h7xx_ll_rcc.o
 .text.LL_SetSystemCoreClock
                0x08009458       0x20 stm32h7xx_ll_utils.o
                0x08009458                LL_SetSystemCoreClock
 .text.HAL_RCC_GetSysClockFreq
                0x08009478      0x2f4 stm32h7xx_hal_rcc.o
                0x08009478                HAL_RCC_GetSysClockFreq
 .text.HAL_RCC_GetHCLKFreq
                0x0800976c       0x60 stm32h7xx_hal_rcc.o
                0x0800976c                HAL_RCC_GetHCLKFreq
 .text.HAL_RCC_GetPCLK1Freq
                0x080097cc       0x2c stm32h7xx_hal_rcc.o
                0x080097cc                HAL_RCC_GetPCLK1Freq
 .text.HAL_RCC_GetClockConfig
                0x080097f8       0x84 stm32h7xx_hal_rcc.o
                0x080097f8                HAL_RCC_GetClockConfig
 .text.HAL_RCCEx_GetPeriphCLKFreq
                0x0800987c      0x84c stm32h7xx_hal_rcc_ex.o
                0x0800987c                HAL_RCCEx_GetPeriphCLKFreq
 .text.HAL_RCCEx_GetD3PCLK1Freq
                0x0800a0c8       0x2c stm32h7xx_hal_rcc_ex.o
                0x0800a0c8                HAL_RCCEx_GetD3PCLK1Freq
 .text.HAL_RCCEx_GetPLL2ClockFreq
                0x0800a0f4      0x2a8 stm32h7xx_hal_rcc_ex.o
                0x0800a0f4                HAL_RCCEx_GetPLL2ClockFreq
 .text.HAL_RCCEx_GetPLL3ClockFreq
                0x0800a39c      0x2a8 stm32h7xx_hal_rcc_ex.o
                0x0800a39c                HAL_RCCEx_GetPLL3ClockFreq
 .text.HAL_RCCEx_GetPLL1ClockFreq
                0x0800a644      0x2a4 stm32h7xx_hal_rcc_ex.o
                0x0800a644                HAL_RCCEx_GetPLL1ClockFreq
 .text.HAL_GPIO_Init
                0x0800a8e8      0x350 stm32h7xx_hal_gpio.o
                0x0800a8e8                HAL_GPIO_Init
 .text.HAL_GPIO_DeInit
                0x0800ac38      0x204 stm32h7xx_hal_gpio.o
                0x0800ac38                HAL_GPIO_DeInit
 .text.__NVIC_SetPriorityGrouping
                0x0800ae3c       0x48 stm32h7xx_hal_cortex.o
 .text.__NVIC_GetPriorityGrouping
                0x0800ae84       0x1c stm32h7xx_hal_cortex.o
 .text.__NVIC_EnableIRQ
                0x0800aea0       0x3c stm32h7xx_hal_cortex.o
 .text.__NVIC_DisableIRQ
                0x0800aedc       0x48 stm32h7xx_hal_cortex.o
 .text.__NVIC_SetPriority
                0x0800af24       0x54 stm32h7xx_hal_cortex.o
 .text.NVIC_EncodePriority
                0x0800af78       0x66 stm32h7xx_hal_cortex.o
 .text.HAL_NVIC_SetPriorityGrouping
                0x0800afde       0x16 stm32h7xx_hal_cortex.o
                0x0800afde                HAL_NVIC_SetPriorityGrouping
 .text.HAL_NVIC_SetPriority
                0x0800aff4       0x34 stm32h7xx_hal_cortex.o
                0x0800aff4                HAL_NVIC_SetPriority
 .text.HAL_NVIC_EnableIRQ
                0x0800b028       0x1c stm32h7xx_hal_cortex.o
                0x0800b028                HAL_NVIC_EnableIRQ
 .text.HAL_NVIC_DisableIRQ
                0x0800b044       0x1c stm32h7xx_hal_cortex.o
                0x0800b044                HAL_NVIC_DisableIRQ
 .text.HAL_Init
                0x0800b060       0x78 stm32h7xx_hal.o
                0x0800b060                HAL_Init
 .text.HAL_IncTick
                0x0800b0d8       0x28 stm32h7xx_hal.o
                0x0800b0d8                HAL_IncTick
 .text.HAL_GetTick
                0x0800b100       0x18 stm32h7xx_hal.o
                0x0800b100                HAL_GetTick
 .text.HAL_SYSCFG_ETHInterfaceSelect
                0x0800b118       0x28 stm32h7xx_hal.o
                0x0800b118                HAL_SYSCFG_ETHInterfaceSelect
 .text.LL_DAC_IsEnabled
                0x0800b140       0x3e stm32h7xx_ll_dac.o
 .text.LL_DAC_Init
                0x0800b17e       0xca stm32h7xx_ll_dac.o
                0x0800b17e                LL_DAC_Init
 .text.HAL_ETH_Init
                0x0800b248      0x1b8 stm32h7xx_hal_eth.o
                0x0800b248                HAL_ETH_Init
 .text.ETH_SetMACConfig
                0x0800b400      0x238 stm32h7xx_hal_eth.o
 .text.ETH_SetDMAConfig
                0x0800b638      0x10c stm32h7xx_hal_eth.o
 .text.ETH_MACDMAConfig
                0x0800b744      0x13a stm32h7xx_hal_eth.o
 *fill*         0x0800b87e        0x2 
 .text.ETH_MAC_MDIO_ClkConfig
                0x0800b880       0xb0 stm32h7xx_hal_eth.o
 .text.ETH_DMATxDescListInit
                0x0800b930       0x92 stm32h7xx_hal_eth.o
 .text.ETH_DMARxDescListInit
                0x0800b9c2       0xbc stm32h7xx_hal_eth.o
 *fill*         0x0800ba7e        0x2 
 .text.HAL_FDCAN_Init
                0x0800ba80      0x3bc stm32h7xx_hal_fdcan.o
                0x0800ba80                HAL_FDCAN_Init
 .text.HAL_FDCAN_DeInit
                0x0800be3c       0x48 stm32h7xx_hal_fdcan.o
                0x0800be3c                HAL_FDCAN_DeInit
 .text.HAL_FDCAN_ConfigGlobalFilter
                0x0800be84       0x5a stm32h7xx_hal_fdcan.o
                0x0800be84                HAL_FDCAN_ConfigGlobalFilter
 .text.HAL_FDCAN_Start
                0x0800bede       0x56 stm32h7xx_hal_fdcan.o
                0x0800bede                HAL_FDCAN_Start
 .text.HAL_FDCAN_Stop
                0x0800bf34       0xee stm32h7xx_hal_fdcan.o
                0x0800bf34                HAL_FDCAN_Stop
 .text.HAL_FDCAN_AddMessageToTxFifoQ
                0x0800c022       0xb6 stm32h7xx_hal_fdcan.o
                0x0800c022                HAL_FDCAN_AddMessageToTxFifoQ
 .text.HAL_FDCAN_GetRxMessage
                0x0800c0d8      0x2dc stm32h7xx_hal_fdcan.o
                0x0800c0d8                HAL_FDCAN_GetRxMessage
 .text.HAL_FDCAN_IsRxBufferMessageAvailable
                0x0800c3b4       0x8c stm32h7xx_hal_fdcan.o
                0x0800c3b4                HAL_FDCAN_IsRxBufferMessageAvailable
 .text.HAL_FDCAN_GetRxFifoFillLevel
                0x0800c440       0x3c stm32h7xx_hal_fdcan.o
                0x0800c440                HAL_FDCAN_GetRxFifoFillLevel
 .text.HAL_FDCAN_GetTxFifoFreeLevel
                0x0800c47c       0x24 stm32h7xx_hal_fdcan.o
                0x0800c47c                HAL_FDCAN_GetTxFifoFreeLevel
 .text.HAL_FDCAN_ConfigInterruptLines
                0x0800c4a0       0x6c stm32h7xx_hal_fdcan.o
                0x0800c4a0                HAL_FDCAN_ConfigInterruptLines
 .text.HAL_FDCAN_ActivateNotification
                0x0800c50c       0xf4 stm32h7xx_hal_fdcan.o
                0x0800c50c                HAL_FDCAN_ActivateNotification
 .text.FDCAN_CalcultateRamBlockAddresses
                0x0800c600      0x30c stm32h7xx_hal_fdcan.o
 .text.FDCAN_CopyMessageToRAM
                0x0800c90c       0xfc stm32h7xx_hal_fdcan.o
 .text.LL_I2C_Enable
                0x0800ca08       0x20 stm32h7xx_ll_i2c.o
 .text.LL_I2C_Disable
                0x0800ca28       0x20 stm32h7xx_ll_i2c.o
 .text.LL_I2C_ConfigFilters
                0x0800ca48       0x2e stm32h7xx_ll_i2c.o
 *fill*         0x0800ca76        0x2 
 .text.LL_I2C_SetOwnAddress1
                0x0800ca78       0x30 stm32h7xx_ll_i2c.o
 .text.LL_I2C_EnableOwnAddress1
                0x0800caa8       0x20 stm32h7xx_ll_i2c.o
 .text.LL_I2C_DisableOwnAddress1
                0x0800cac8       0x20 stm32h7xx_ll_i2c.o
 .text.LL_I2C_SetTiming
                0x0800cae8       0x1c stm32h7xx_ll_i2c.o
 .text.LL_I2C_SetMode
                0x0800cb04       0x26 stm32h7xx_ll_i2c.o
 .text.LL_I2C_AcknowledgeNextData
                0x0800cb2a       0x26 stm32h7xx_ll_i2c.o
 .text.LL_I2C_Init
                0x0800cb50       0x78 stm32h7xx_ll_i2c.o
                0x0800cb50                LL_I2C_Init
 .text.HAL_LTDC_Init
                0x0800cbc8      0x1a0 stm32h7xx_hal_ltdc.o
                0x0800cbc8                HAL_LTDC_Init
 .text.HAL_LTDC_ConfigLayer
                0x0800cd68       0x7c stm32h7xx_hal_ltdc.o
                0x0800cd68                HAL_LTDC_ConfigLayer
 .text.LTDC_SetConfig
                0x0800cde4      0x334 stm32h7xx_hal_ltdc.o
 .text.HAL_OSPI_Init
                0x0800d118      0x17c stm32h7xx_hal_ospi.o
                0x0800d118                HAL_OSPI_Init
 .text.HAL_OSPI_HyperbusCfg
                0x0800d294       0x7e stm32h7xx_hal_ospi.o
                0x0800d294                HAL_OSPI_HyperbusCfg
 .text.HAL_OSPI_SetTimeout
                0x0800d312       0x1e stm32h7xx_hal_ospi.o
                0x0800d312                HAL_OSPI_SetTimeout
 .text.HAL_OSPIM_Config
                0x0800d330      0x9d0 stm32h7xx_hal_ospi.o
                0x0800d330                HAL_OSPIM_Config
 .text.OSPI_WaitFlagStateUntilTimeout
                0x0800dd00       0x6e stm32h7xx_hal_ospi.o
 *fill*         0x0800dd6e        0x2 
 .text.OSPIM_GetConfig
                0x0800dd70      0x174 stm32h7xx_hal_ospi.o
 .text.HAL_SAI_Init
                0x0800dee4      0x428 stm32h7xx_hal_sai.o
                0x0800dee4                HAL_SAI_Init
 .text.SAI_Disable
                0x0800e30c       0x74 stm32h7xx_hal_sai.o
 .text.HAL_TIM_Base_Init
                0x0800e380       0xae stm32h7xx_hal_tim.o
                0x0800e380                HAL_TIM_Base_Init
 *fill*         0x0800e42e        0x2 
 .text.HAL_TIM_Base_Start_IT
                0x0800e430      0x10c stm32h7xx_hal_tim.o
                0x0800e430                HAL_TIM_Base_Start_IT
 .text.HAL_TIM_IRQHandler
                0x0800e53c      0x23e stm32h7xx_hal_tim.o
                0x0800e53c                HAL_TIM_IRQHandler
 .text.HAL_TIM_SlaveConfigSynchro
                0x0800e77a       0x84 stm32h7xx_hal_tim.o
                0x0800e77a                HAL_TIM_SlaveConfigSynchro
 .text.HAL_TIM_OC_DelayElapsedCallback
                0x0800e7fe       0x14 stm32h7xx_hal_tim.o
                0x0800e7fe                HAL_TIM_OC_DelayElapsedCallback
 .text.HAL_TIM_IC_CaptureCallback
                0x0800e812       0x14 stm32h7xx_hal_tim.o
                0x0800e812                HAL_TIM_IC_CaptureCallback
 .text.HAL_TIM_PWM_PulseFinishedCallback
                0x0800e826       0x14 stm32h7xx_hal_tim.o
                0x0800e826                HAL_TIM_PWM_PulseFinishedCallback
 .text.HAL_TIM_TriggerCallback
                0x0800e83a       0x14 stm32h7xx_hal_tim.o
                0x0800e83a                HAL_TIM_TriggerCallback
 *fill*         0x0800e84e        0x2 
 .text.TIM_Base_SetConfig
                0x0800e850      0x14c stm32h7xx_hal_tim.o
                0x0800e850                TIM_Base_SetConfig
 .text.TIM_SlaveTimer_SetConfig
                0x0800e99c      0x1d4 stm32h7xx_hal_tim.o
 .text.TIM_TI1_ConfigInputStage
                0x0800eb70       0x5e stm32h7xx_hal_tim.o
 .text.TIM_TI2_ConfigInputStage
                0x0800ebce       0x60 stm32h7xx_hal_tim.o
 .text.TIM_ETR_SetConfig
                0x0800ec2e       0x40 stm32h7xx_hal_tim.o
                0x0800ec2e                TIM_ETR_SetConfig
 *fill*         0x0800ec6e        0x2 
 .text.HAL_TIMEx_MasterConfigSynchronization
                0x0800ec70      0x138 stm32h7xx_hal_tim_ex.o
                0x0800ec70                HAL_TIMEx_MasterConfigSynchronization
 .text.HAL_TIMEx_CommutCallback
                0x0800eda8       0x14 stm32h7xx_hal_tim_ex.o
                0x0800eda8                HAL_TIMEx_CommutCallback
 .text.HAL_TIMEx_BreakCallback
                0x0800edbc       0x14 stm32h7xx_hal_tim_ex.o
                0x0800edbc                HAL_TIMEx_BreakCallback
 .text.HAL_TIMEx_Break2Callback
                0x0800edd0       0x14 stm32h7xx_hal_tim_ex.o
                0x0800edd0                HAL_TIMEx_Break2Callback
 .text.LL_TIM_SetPrescaler
                0x0800ede4       0x1c stm32h7xx_ll_tim.o
 .text.LL_TIM_SetAutoReload
                0x0800ee00       0x1c stm32h7xx_ll_tim.o
 .text.LL_TIM_SetRepetitionCounter
                0x0800ee1c       0x1c stm32h7xx_ll_tim.o
 .text.LL_TIM_OC_SetCompareCH1
                0x0800ee38       0x1c stm32h7xx_ll_tim.o
 .text.LL_TIM_OC_SetCompareCH2
                0x0800ee54       0x1c stm32h7xx_ll_tim.o
 .text.LL_TIM_OC_SetCompareCH3
                0x0800ee70       0x1c stm32h7xx_ll_tim.o
 .text.LL_TIM_OC_SetCompareCH4
                0x0800ee8c       0x1c stm32h7xx_ll_tim.o
 .text.LL_TIM_OC_SetCompareCH5
                0x0800eea8       0x20 stm32h7xx_ll_tim.o
 .text.LL_TIM_OC_SetCompareCH6
                0x0800eec8       0x1c stm32h7xx_ll_tim.o
 .text.LL_TIM_GenerateEvent_UPDATE
                0x0800eee4       0x20 stm32h7xx_ll_tim.o
 .text.LL_TIM_Init
                0x0800ef04      0x140 stm32h7xx_ll_tim.o
                0x0800ef04                LL_TIM_Init
 .text.LL_TIM_OC_Init
                0x0800f044       0xbe stm32h7xx_ll_tim.o
                0x0800f044                LL_TIM_OC_Init
 *fill*         0x0800f102        0x2 
 .text.LL_TIM_BDTR_Init
                0x0800f104      0x110 stm32h7xx_ll_tim.o
                0x0800f104                LL_TIM_BDTR_Init
 .text.OC1Config
                0x0800f214      0x100 stm32h7xx_ll_tim.o
 .text.OC2Config
                0x0800f314      0x108 stm32h7xx_ll_tim.o
 .text.OC3Config
                0x0800f41c      0x108 stm32h7xx_ll_tim.o
 .text.OC4Config
                0x0800f524       0xd8 stm32h7xx_ll_tim.o
 .text.OC5Config
                0x0800f5fc       0xc8 stm32h7xx_ll_tim.o
 .text.OC6Config
                0x0800f6c4       0xc8 stm32h7xx_ll_tim.o
 .text.LL_USART_IsEnabled
                0x0800f78c       0x26 stm32h7xx_ll_usart.o
 .text.LL_USART_SetPrescaler
                0x0800f7b2       0x28 stm32h7xx_ll_usart.o
 .text.LL_USART_SetStopBitsLength
                0x0800f7da       0x26 stm32h7xx_ll_usart.o
 .text.LL_USART_SetHWFlowCtrl
                0x0800f800       0x26 stm32h7xx_ll_usart.o
 *fill*         0x0800f826        0x2 
 .text.LL_USART_SetBaudRate
                0x0800f828       0xa0 stm32h7xx_ll_usart.o
 .text.LL_USART_Init
                0x0800f8c8      0x184 stm32h7xx_ll_usart.o
                0x0800f8c8                LL_USART_Init
 .text.vListInitialise
                0x0800fa4c       0x40 list.o
                0x0800fa4c                vListInitialise
 .text.vListInitialiseItem
                0x0800fa8c       0x1a list.o
                0x0800fa8c                vListInitialiseItem
 .text.vListInsertEnd
                0x0800faa6       0x48 list.o
                0x0800faa6                vListInsertEnd
 .text.vListInsert
                0x0800faee       0x72 list.o
                0x0800faee                vListInsert
 .text.uxListRemove
                0x0800fb60       0x54 list.o
                0x0800fb60                uxListRemove
 .text.xQueueGenericReset
                0x0800fbb4       0xd0 queue.o
                0x0800fbb4                xQueueGenericReset
 .text.xQueueGenericCreateStatic
                0x0800fc84       0xf0 queue.o
                0x0800fc84                xQueueGenericCreateStatic
 .text.xQueueGenericCreate
                0x0800fd74       0x74 queue.o
                0x0800fd74                xQueueGenericCreate
 .text.prvInitialiseNewQueue
                0x0800fde8       0x46 queue.o
 .text.xQueueCreateCountingSemaphore
                0x0800fe2e       0x66 queue.o
                0x0800fe2e                xQueueCreateCountingSemaphore
 .text.xQueueGenericSend
                0x0800fe94      0x1fc queue.o
                0x0800fe94                xQueueGenericSend
 .text.xQueueGenericSendFromISR
                0x08010090      0x136 queue.o
                0x08010090                xQueueGenericSendFromISR
 *fill*         0x080101c6        0x2 
 .text.xQueueReceive
                0x080101c8      0x1c0 queue.o
                0x080101c8                xQueueReceive
 .text.xQueueSemaphoreTake
                0x08010388      0x218 queue.o
                0x08010388                xQueueSemaphoreTake
 .text.vQueueDelete
                0x080105a0       0x46 queue.o
                0x080105a0                vQueueDelete
 .text.prvGetDisinheritPriorityAfterTimeout
                0x080105e6       0x30 queue.o
 .text.prvCopyDataToQueue
                0x08010616       0xd4 queue.o
 .text.prvCopyDataFromQueue
                0x080106ea       0x4c queue.o
 .text.prvUnlockQueue
                0x08010736       0xa4 queue.o
 .text.prvIsQueueEmpty
                0x080107da       0x2c queue.o
 .text.prvIsQueueFull
                0x08010806       0x30 queue.o
 *fill*         0x08010836        0x2 
 .text.vQueueAddToRegistry
                0x08010838       0x54 queue.o
                0x08010838                vQueueAddToRegistry
 .text.vQueueUnregisterQueue
                0x0801088c       0x54 queue.o
                0x0801088c                vQueueUnregisterQueue
 .text.vQueueWaitForMessageRestricted
                0x080108e0       0x68 queue.o
                0x080108e0                vQueueWaitForMessageRestricted
 .text.xTaskCreateStatic
                0x08010948       0xbe tasks.o
                0x08010948                xTaskCreateStatic
 .text.xTaskCreate
                0x08010a06       0x8c tasks.o
                0x08010a06                xTaskCreate
 *fill*         0x08010a92        0x2 
 .text.prvInitialiseNewTask
                0x08010a94      0x1a0 tasks.o
 .text.prvAddNewTaskToReadyList
                0x08010c34       0xe0 tasks.o
 .text.vTaskDelete
                0x08010d14       0xe4 tasks.o
                0x08010d14                vTaskDelete
 .text.vTaskStartScheduler
                0x08010df8       0xe0 tasks.o
                0x08010df8                vTaskStartScheduler
 .text.vTaskSuspendAll
                0x08010ed8       0x1c tasks.o
                0x08010ed8                vTaskSuspendAll
 .text.xTaskResumeAll
                0x08010ef4      0x13c tasks.o
                0x08010ef4                xTaskResumeAll
 .text.xTaskGetTickCount
                0x08011030       0x20 tasks.o
                0x08011030                xTaskGetTickCount
 .text.xTaskIncrementTick
                0x08011050      0x174 tasks.o
                0x08011050                xTaskIncrementTick
 .text.vTaskSwitchContext
                0x080111c4       0xc8 tasks.o
                0x080111c4                vTaskSwitchContext
 .text.vTaskPlaceOnEventList
                0x0801128c       0x48 tasks.o
                0x0801128c                vTaskPlaceOnEventList
 .text.vTaskPlaceOnEventListRestricted
                0x080112d4       0x58 tasks.o
                0x080112d4                vTaskPlaceOnEventListRestricted
 .text.xTaskRemoveFromEventList
                0x0801132c       0xc8 tasks.o
                0x0801132c                xTaskRemoveFromEventList
 .text.vTaskInternalSetTimeOutState
                0x080113f4       0x2c tasks.o
                0x080113f4                vTaskInternalSetTimeOutState
 .text.xTaskCheckForTimeOut
                0x08011420       0xc4 tasks.o
                0x08011420                xTaskCheckForTimeOut
 .text.vTaskMissedYield
                0x080114e4       0x18 tasks.o
                0x080114e4                vTaskMissedYield
 .text.prvIdleTask
                0x080114fc       0x30 tasks.o
 .text.prvInitialiseTaskLists
                0x0801152c       0x80 tasks.o
 .text.prvCheckTasksWaitingTermination
                0x080115ac       0x5c tasks.o
 .text.prvDeleteTCB
                0x08011608       0x68 tasks.o
 .text.prvResetNextTaskUnblockTime
                0x08011670       0x40 tasks.o
 .text.xTaskGetSchedulerState
                0x080116b0       0x3c tasks.o
                0x080116b0                xTaskGetSchedulerState
 .text.xTaskPriorityInherit
                0x080116ec       0xd0 tasks.o
                0x080116ec                xTaskPriorityInherit
 .text.xTaskPriorityDisinherit
                0x080117bc       0xdc tasks.o
                0x080117bc                xTaskPriorityDisinherit
 .text.vTaskPriorityDisinheritAfterTimeout
                0x08011898      0x104 tasks.o
                0x08011898                vTaskPriorityDisinheritAfterTimeout
 .text.pvTaskIncrementMutexHeldCount
                0x0801199c       0x28 tasks.o
                0x0801199c                pvTaskIncrementMutexHeldCount
 .text.prvAddCurrentTaskToDelayedList
                0x080119c4       0xa8 tasks.o
 .text.xTimerCreateTimerTask
                0x08011a6c       0x90 timers.o
                0x08011a6c                xTimerCreateTimerTask
 .text.xTimerCreate
                0x08011afc       0x42 timers.o
                0x08011afc                xTimerCreate
 .text.prvInitialiseNewTimer
                0x08011b3e       0x76 timers.o
 .text.xTimerGenericCommand
                0x08011bb4       0x9c timers.o
                0x08011bb4                xTimerGenericCommand
 .text.prvProcessExpiredTimer
                0x08011c50       0x98 timers.o
 .text.prvTimerTask
                0x08011ce8       0x24 timers.o
 .text.prvProcessTimerOrBlockTask
                0x08011d0c       0x9c timers.o
 .text.prvGetNextExpireTime
                0x08011da8       0x48 timers.o
 .text.prvSampleTimeNow
                0x08011df0       0x40 timers.o
 .text.prvInsertTimerInActiveList
                0x08011e30       0x84 timers.o
 .text.prvProcessReceivedCommands
                0x08011eb4      0x1c4 timers.o
 .text.prvSwitchTimerLists
                0x08012078       0xc8 timers.o
 .text.prvCheckForValidListAndQueue
                0x08012140       0x80 timers.o
 .text.SysTick_Handler
                0x080121c0       0x20 cmsis_os2.o
                0x080121c0                SysTick_Handler
 .text.vApplicationGetIdleTaskMemory
                0x080121e0       0x34 cmsis_os2.o
                0x080121e0                vApplicationGetIdleTaskMemory
 .text.vApplicationGetTimerTaskMemory
                0x08012214       0x34 cmsis_os2.o
                0x08012214                vApplicationGetTimerTaskMemory
 .text.pvPortMalloc
                0x08012248      0x198 heap_4.o
                0x08012248                pvPortMalloc
 .text.vPortFree
                0x080123e0       0xc4 heap_4.o
                0x080123e0                vPortFree
 .text.prvHeapInit
                0x080124a4       0xc4 heap_4.o
 .text.prvInsertBlockIntoFreeList
                0x08012568       0xb4 heap_4.o
 .text.pxPortInitialiseStack
                0x0801261c       0x68 port.o
                0x0801261c                pxPortInitialiseStack
 .text.prvTaskExitError
                0x08012684       0x58 port.o
 *fill*         0x080126dc        0x4 
 .text.SVC_Handler
                0x080126e0       0x28 port.o
                0x080126e0                SVC_Handler
 .text.prvPortStartFirstTask
                0x08012708       0x28 port.o
 .text.xPortStartScheduler
                0x08012730      0x144 port.o
                0x08012730                xPortStartScheduler
 .text.vPortEnterCritical
                0x08012874       0x60 port.o
                0x08012874                vPortEnterCritical
 .text.vPortExitCritical
                0x080128d4       0x54 port.o
                0x080128d4                vPortExitCritical
 *fill*         0x08012928        0x8 
 .text.PendSV_Handler
                0x08012930       0x68 port.o
                0x08012930                PendSV_Handler
 .text.xPortSysTickHandler
                0x08012998       0x44 port.o
                0x08012998                xPortSysTickHandler
 .text.vPortSetupTimerInterrupt
                0x080129dc       0x48 port.o
                0x080129dc                vPortSetupTimerInterrupt
 .text.vPortEnableVFP
                0x08012a24       0x14 port.o
 .text.vPortValidateInterruptPriority
                0x08012a38       0x80 port.o
                0x08012a38                vPortValidateInterruptPriority
 .text.SystemInit
                0x08012ab8       0xf0 system_stm32h7xx.o
                0x08012ab8                SystemInit
 .text.Reset_Handler
                0x08012ba8       0x50 startup_stm32h735igkx.o
                0x08012ba8                Reset_Handler
 .text.Default_Handler
                0x08012bf8        0x2 startup_stm32h735igkx.o
                0x08012bf8                RTC_Alarm_IRQHandler
                0x08012bf8                HASH_RNG_IRQHandler
                0x08012bf8                EXTI2_IRQHandler
                0x08012bf8                TIM8_CC_IRQHandler
                0x08012bf8                UART8_IRQHandler
                0x08012bf8                SPI4_IRQHandler
                0x08012bf8                FDCAN3_IT0_IRQHandler
                0x08012bf8                TIM1_CC_IRQHandler
                0x08012bf8                BDMA_Channel6_IRQHandler
                0x08012bf8                DMA2_Stream5_IRQHandler
                0x08012bf8                DMA1_Stream5_IRQHandler
                0x08012bf8                CORDIC_IRQHandler
                0x08012bf8                BDMA_Channel1_IRQHandler
                0x08012bf8                TAMP_STAMP_IRQHandler
                0x08012bf8                EXTI3_IRQHandler
                0x08012bf8                LPTIM4_IRQHandler
                0x08012bf8                TIM8_TRG_COM_TIM14_IRQHandler
                0x08012bf8                LPTIM2_IRQHandler
                0x08012bf8                DFSDM1_FLT1_IRQHandler
                0x08012bf8                DMAMUX2_OVR_IRQHandler
                0x08012bf8                TIM8_UP_TIM13_IRQHandler
                0x08012bf8                I2C3_ER_IRQHandler
                0x08012bf8                DFSDM1_FLT2_IRQHandler
                0x08012bf8                I2C5_EV_IRQHandler
                0x08012bf8                USART10_IRQHandler
                0x08012bf8                MDMA_IRQHandler
                0x08012bf8                LPTIM3_IRQHandler
                0x08012bf8                HSEM1_IRQHandler
                0x08012bf8                EXTI0_IRQHandler
                0x08012bf8                I2C2_EV_IRQHandler
                0x08012bf8                DMA1_Stream2_IRQHandler
                0x08012bf8                FPU_IRQHandler
                0x08012bf8                OTG_HS_WKUP_IRQHandler
                0x08012bf8                FDCAN1_IT1_IRQHandler
                0x08012bf8                LTDC_ER_IRQHandler
                0x08012bf8                DMA2_Stream2_IRQHandler
                0x08012bf8                SPI1_IRQHandler
                0x08012bf8                OCTOSPI1_IRQHandler
                0x08012bf8                TIM6_DAC_IRQHandler
                0x08012bf8                DMA2_Stream3_IRQHandler
                0x08012bf8                OCTOSPI2_IRQHandler
                0x08012bf8                DFSDM1_FLT3_IRQHandler
                0x08012bf8                USART6_IRQHandler
                0x08012bf8                USART3_IRQHandler
                0x08012bf8                BDMA_Channel7_IRQHandler
                0x08012bf8                CRYP_IRQHandler
                0x08012bf8                LPTIM5_IRQHandler
                0x08012bf8                UART5_IRQHandler
                0x08012bf8                ADC3_IRQHandler
                0x08012bf8                DMA2_Stream0_IRQHandler
                0x08012bf8                TIM4_IRQHandler
                0x08012bf8                BDMA_Channel2_IRQHandler
                0x08012bf8                I2C1_EV_IRQHandler
                0x08012bf8                DMA1_Stream6_IRQHandler
                0x08012bf8                DMAMUX1_OVR_IRQHandler
                0x08012bf8                UART4_IRQHandler
                0x08012bf8                BDMA_Channel5_IRQHandler
                0x08012bf8                TIM3_IRQHandler
                0x08012bf8                RCC_IRQHandler
                0x08012bf8                UART9_IRQHandler
                0x08012bf8                TIM8_BRK_TIM12_IRQHandler
                0x08012bf8                TIM1_TRG_COM_IRQHandler
                0x08012bf8                Default_Handler
                0x08012bf8                ECC_IRQHandler
                0x08012bf8                FMAC_IRQHandler
                0x08012bf8                CEC_IRQHandler
                0x08012bf8                EXTI15_10_IRQHandler
                0x08012bf8                BDMA_Channel0_IRQHandler
                0x08012bf8                ADC_IRQHandler
                0x08012bf8                I2C5_ER_IRQHandler
                0x08012bf8                OTFDEC1_IRQHandler
                0x08012bf8                DMA1_Stream7_IRQHandler
                0x08012bf8                SPI5_IRQHandler
                0x08012bf8                TIM7_IRQHandler
                0x08012bf8                FDCAN3_IT1_IRQHandler
                0x08012bf8                SDMMC1_IRQHandler
                0x08012bf8                TIM5_IRQHandler
                0x08012bf8                DMA2_Stream7_IRQHandler
                0x08012bf8                TIM15_IRQHandler
                0x08012bf8                PVD_AVD_IRQHandler
                0x08012bf8                I2C3_EV_IRQHandler
                0x08012bf8                EXTI9_5_IRQHandler
                0x08012bf8                RTC_WKUP_IRQHandler
                0x08012bf8                LTDC_IRQHandler
                0x08012bf8                ETH_WKUP_IRQHandler
                0x08012bf8                SPDIF_RX_IRQHandler
                0x08012bf8                SPI2_IRQHandler
                0x08012bf8                OTG_HS_EP1_IN_IRQHandler
                0x08012bf8                OTFDEC2_IRQHandler
                0x08012bf8                CRS_IRQHandler
                0x08012bf8                EXTI4_IRQHandler
                0x08012bf8                FDCAN2_IT1_IRQHandler
                0x08012bf8                ETH_IRQHandler
                0x08012bf8                TIM1_UP_IRQHandler
                0x08012bf8                BDMA_Channel4_IRQHandler
                0x08012bf8                OTG_HS_EP1_OUT_IRQHandler
                0x08012bf8                WWDG_IRQHandler
                0x08012bf8                SPI6_IRQHandler
                0x08012bf8                MDIOS_IRQHandler
                0x08012bf8                I2C4_EV_IRQHandler
                0x08012bf8                LPUART1_IRQHandler
                0x08012bf8                OTG_HS_IRQHandler
                0x08012bf8                DMA2D_IRQHandler
                0x08012bf8                TIM1_BRK_IRQHandler
                0x08012bf8                EXTI1_IRQHandler
                0x08012bf8                SDMMC2_IRQHandler
                0x08012bf8                BDMA_Channel3_IRQHandler
                0x08012bf8                DTS_IRQHandler
                0x08012bf8                UART7_IRQHandler
                0x08012bf8                MDIOS_WKUP_IRQHandler
                0x08012bf8                USART2_IRQHandler
                0x08012bf8                DFSDM1_FLT0_IRQHandler
                0x08012bf8                SAI4_IRQHandler
                0x08012bf8                I2C2_ER_IRQHandler
                0x08012bf8                DMA2_Stream1_IRQHandler
                0x08012bf8                FLASH_IRQHandler
                0x08012bf8                DMA2_Stream4_IRQHandler
                0x08012bf8                USART1_IRQHandler
                0x08012bf8                SPI3_IRQHandler
                0x08012bf8                WAKEUP_PIN_IRQHandler
                0x08012bf8                DMA1_Stream4_IRQHandler
                0x08012bf8                I2C1_ER_IRQHandler
                0x08012bf8                FMC_IRQHandler
                0x08012bf8                FDCAN_CAL_IRQHandler
                0x08012bf8                SWPMI1_IRQHandler
                0x08012bf8                COMP1_IRQHandler
                0x08012bf8                LPTIM1_IRQHandler
                0x08012bf8                DCMI_PSSI_IRQHandler
                0x08012bf8                I2C4_ER_IRQHandler
                0x08012bf8                DMA2_Stream6_IRQHandler
                0x08012bf8                SAI1_IRQHandler
                0x08012bf8                DMA1_Stream3_IRQHandler
 *fill*         0x08012bfa        0x6 
 .text.fmod     0x08012c00       0x50 c:/programdata/matlab/supportpackages/r2024a/3p.instrset/gnuarm-armcortex.instrset/win/bin/../lib/gcc/arm-none-eabi/11.3.1/thumb/v7e-m+dp/hard\libm.a(libm_a-w_fmod.o)
                0x08012c00                fmod
 .text.floor    0x08012c50      0x110 c:/programdata/matlab/supportpackages/r2024a/3p.instrset/gnuarm-armcortex.instrset/win/bin/../lib/gcc/arm-none-eabi/11.3.1/thumb/v7e-m+dp/hard\libm.a(libm_a-s_floor.o)
                0x08012c50                floor
 .text.__ieee754_fmod
                0x08012d60      0x298 c:/programdata/matlab/supportpackages/r2024a/3p.instrset/gnuarm-armcortex.instrset/win/bin/../lib/gcc/arm-none-eabi/11.3.1/thumb/v7e-m+dp/hard\libm.a(libm_a-e_fmod.o)
                0x08012d60                __ieee754_fmod
 .text.memset   0x08012ff8       0x10 c:/programdata/matlab/supportpackages/r2024a/3p.instrset/gnuarm-armcortex.instrset/win/bin/../lib/gcc/arm-none-eabi/11.3.1/thumb/v7e-m+dp/hard\libc_nano.a(libc_a-memset.o)
                0x08012ff8                memset
 .text._reclaim_reent
                0x08013008       0xac c:/programdata/matlab/supportpackages/r2024a/3p.instrset/gnuarm-armcortex.instrset/win/bin/../lib/gcc/arm-none-eabi/11.3.1/thumb/v7e-m+dp/hard\libc_nano.a(libc_a-reent.o)
                0x08013008                _reclaim_reent
 .text.__errno  0x080130b4        0xc c:/programdata/matlab/supportpackages/r2024a/3p.instrset/gnuarm-armcortex.instrset/win/bin/../lib/gcc/arm-none-eabi/11.3.1/thumb/v7e-m+dp/hard\libc_nano.a(libc_a-errno.o)
                0x080130b4                __errno
 .text.__libc_init_array
                0x080130c0       0x48 c:/programdata/matlab/supportpackages/r2024a/3p.instrset/gnuarm-armcortex.instrset/win/bin/../lib/gcc/arm-none-eabi/11.3.1/thumb/v7e-m+dp/hard\libc_nano.a(libc_a-init.o)
                0x080130c0                __libc_init_array
 .text.__retarget_lock_acquire_recursive
                0x08013108        0x2 c:/programdata/matlab/supportpackages/r2024a/3p.instrset/gnuarm-armcortex.instrset/win/bin/../lib/gcc/arm-none-eabi/11.3.1/thumb/v7e-m+dp/hard\libc_nano.a(libc_a-lock.o)
                0x08013108                __retarget_lock_acquire_recursive
 .text.__retarget_lock_release_recursive
                0x0801310a        0x2 c:/programdata/matlab/supportpackages/r2024a/3p.instrset/gnuarm-armcortex.instrset/win/bin/../lib/gcc/arm-none-eabi/11.3.1/thumb/v7e-m+dp/hard\libc_nano.a(libc_a-lock.o)
                0x0801310a                __retarget_lock_release_recursive
 .text.memcpy   0x0801310c       0x1c c:/programdata/matlab/supportpackages/r2024a/3p.instrset/gnuarm-armcortex.instrset/win/bin/../lib/gcc/arm-none-eabi/11.3.1/thumb/v7e-m+dp/hard\libc_nano.a(libc_a-memcpy-stub.o)
                0x0801310c                memcpy
 .text._free_r  0x08013128       0x98 c:/programdata/matlab/supportpackages/r2024a/3p.instrset/gnuarm-armcortex.instrset/win/bin/../lib/gcc/arm-none-eabi/11.3.1/thumb/v7e-m+dp/hard\libc_nano.a(libc_a-freer.o)
                0x08013128                _free_r
 .text.__malloc_lock
                0x080131c0        0xc c:/programdata/matlab/supportpackages/r2024a/3p.instrset/gnuarm-armcortex.instrset/win/bin/../lib/gcc/arm-none-eabi/11.3.1/thumb/v7e-m+dp/hard\libc_nano.a(libc_a-mlock.o)
                0x080131c0                __malloc_lock
 .text.__malloc_unlock
                0x080131cc        0xc c:/programdata/matlab/supportpackages/r2024a/3p.instrset/gnuarm-armcortex.instrset/win/bin/../lib/gcc/arm-none-eabi/11.3.1/thumb/v7e-m+dp/hard\libc_nano.a(libc_a-mlock.o)
                0x080131cc                __malloc_unlock
 *(.glue_7)
 .glue_7        0x080131d8        0x0 linker stubs
 *(.glue_7t)
 .glue_7t       0x080131d8        0x0 linker stubs
 *(.eh_frame)
 .eh_frame      0x080131d8        0x0 c:/programdata/matlab/supportpackages/r2024a/3p.instrset/gnuarm-armcortex.instrset/win/bin/../lib/gcc/arm-none-eabi/11.3.1/thumb/v7e-m+dp/hard/crtbegin.o
 *(.init)
 .init          0x080131d8        0x4 c:/programdata/matlab/supportpackages/r2024a/3p.instrset/gnuarm-armcortex.instrset/win/bin/../lib/gcc/arm-none-eabi/11.3.1/thumb/v7e-m+dp/hard/crti.o
                0x080131d8                _init
 .init          0x080131dc        0x8 c:/programdata/matlab/supportpackages/r2024a/3p.instrset/gnuarm-armcortex.instrset/win/bin/../lib/gcc/arm-none-eabi/11.3.1/thumb/v7e-m+dp/hard/crtn.o
 *(.fini)
 .fini          0x080131e4        0x4 c:/programdata/matlab/supportpackages/r2024a/3p.instrset/gnuarm-armcortex.instrset/win/bin/../lib/gcc/arm-none-eabi/11.3.1/thumb/v7e-m+dp/hard/crti.o
                0x080131e4                _fini
 .fini          0x080131e8        0x8 c:/programdata/matlab/supportpackages/r2024a/3p.instrset/gnuarm-armcortex.instrset/win/bin/../lib/gcc/arm-none-eabi/11.3.1/thumb/v7e-m+dp/hard/crtn.o
                0x080131f0                . = ALIGN (0x4)
                0x080131f0                _etext = .

.vfp11_veneer   0x080131f0        0x0
 .vfp11_veneer  0x080131f0        0x0 linker stubs

.v4_bx          0x080131f0        0x0
 .v4_bx         0x080131f0        0x0 linker stubs

.iplt           0x080131f0        0x0
 .iplt          0x080131f0        0x0 c:/programdata/matlab/supportpackages/r2024a/3p.instrset/gnuarm-armcortex.instrset/win/bin/../lib/gcc/arm-none-eabi/11.3.1/thumb/v7e-m+dp/hard/crtbegin.o

.rodata         0x080131f0      0x110
                0x080131f0                . = ALIGN (0x4)
 *(.rodata)
 .rodata        0x080131f0       0x13 mw_freertos_init.o
 *fill*         0x08013203        0x1 
 .rodata        0x08013204       0x4c stm32h7xx_hal_fdcan.o
 .rodata        0x08013250        0x5 tasks.o
 *fill*         0x08013255        0x3 
 .rodata        0x08013258        0xd timers.o
 *(.rodata*)
 *fill*         0x08013265        0x3 
 .rodata.Vehicle_Control_CodeGen_M
                0x08013268        0x4 Vehicle_Control_CodeGen.o
                0x08013268                Vehicle_Control_CodeGen_M
 .rodata.LL_DMA_STR_OFFSET_TAB
                0x0801326c        0x8 main.o
 .rodata.OFFSET_TAB_CCMRx
                0x08013274        0x9 main.o
 *fill*         0x0801327d        0x3 
 .rodata.SHIFT_TAB_OCxx
                0x08013280        0x9 main.o
 *fill*         0x08013289        0x3 
 .rodata.LL_RCC_PrescTable
                0x0801328c       0x10 stm32h7xx_ll_rcc.o
                0x0801328c                LL_RCC_PrescTable
 .rodata.DLCtoBytes
                0x0801329c       0x10 stm32h7xx_hal_fdcan.o
 .rodata.USART_PRESCALER_TAB
                0x080132ac       0x30 stm32h7xx_ll_usart.o
 .rodata.D1CorePrescTable
                0x080132dc       0x10 system_stm32h7xx.o
                0x080132dc                D1CorePrescTable
 *fill*         0x080132ec        0x4 
 .rodata.Zero   0x080132f0       0x10 c:/programdata/matlab/supportpackages/r2024a/3p.instrset/gnuarm-armcortex.instrset/win/bin/../lib/gcc/arm-none-eabi/11.3.1/thumb/v7e-m+dp/hard\libm.a(libm_a-e_fmod.o)
                0x08013300                . = ALIGN (0x4)

.rel.dyn        0x08013300        0x0
 .rel.iplt      0x08013300        0x0 c:/programdata/matlab/supportpackages/r2024a/3p.instrset/gnuarm-armcortex.instrset/win/bin/../lib/gcc/arm-none-eabi/11.3.1/thumb/v7e-m+dp/hard/crtbegin.o

.ARM.extab
 *(.ARM.extab* .gnu.linkonce.armextab.*)

.ARM            0x08013300        0x0
                0x08013300                __exidx_start = .
 *(.ARM.exidx*)
                0x08013300                __exidx_end = .

.preinit_array  0x08013300        0x0
                0x08013300                PROVIDE (__preinit_array_start = .)
 *(.preinit_array*)
                0x08013300                PROVIDE (__preinit_array_end = .)

.init_array     0x08013300        0x4
                0x08013300                PROVIDE (__init_array_start = .)
 *(SORT_BY_NAME(.init_array.*))
 *(.init_array*)
 .init_array    0x08013300        0x4 c:/programdata/matlab/supportpackages/r2024a/3p.instrset/gnuarm-armcortex.instrset/win/bin/../lib/gcc/arm-none-eabi/11.3.1/thumb/v7e-m+dp/hard/crtbegin.o
                0x08013304                PROVIDE (__init_array_end = .)

.fini_array     0x08013304        0x4
                [!provide]                PROVIDE (__fini_array_start = .)
 *(SORT_BY_NAME(.fini_array.*))
 *(.fini_array*)
 .fini_array    0x08013304        0x4 c:/programdata/matlab/supportpackages/r2024a/3p.instrset/gnuarm-armcortex.instrset/win/bin/../lib/gcc/arm-none-eabi/11.3.1/thumb/v7e-m+dp/hard/crtbegin.o
                [!provide]                PROVIDE (__fini_array_end = .)
                0x08013308                _sidata = LOADADDR (.data)

.data           0x24000000      0x63c load address 0x08013308
                0x24000000                . = ALIGN (0x4)
                0x24000000                _sdata = .
 *(.data)
 *(.data*)
 .data.runModel
                0x24000000        0x1 ert_main.o
                0x24000000                runModel
 *fill*         0x24000001        0x7 
 .data.Vehicle_Control_CodeGen_P
                0x24000008      0x5c0 Vehicle_Control_CodeGen_data.o
                0x24000008                Vehicle_Control_CodeGen_P
 .data.rtInf    0x240005c8        0x8 rt_nonfinite.o
                0x240005c8                rtInf
 .data.rtMinusInf
                0x240005d0        0x8 rt_nonfinite.o
                0x240005d0                rtMinusInf
 .data.uwTickPrio
                0x240005d8        0x4 stm32h7xx_hal.o
                0x240005d8                uwTickPrio
 .data.uwTickFreq
                0x240005dc        0x1 stm32h7xx_hal.o
                0x240005dc                uwTickFreq
 *fill*         0x240005dd        0x3 
 .data.uxCriticalNesting
                0x240005e0        0x4 port.o
 .data.SystemCoreClock
                0x240005e4        0x4 system_stm32h7xx.o
                0x240005e4                SystemCoreClock
 .data.SystemD2Clock
                0x240005e8        0x4 system_stm32h7xx.o
                0x240005e8                SystemD2Clock
 .data._impure_data
                0x240005ec       0x4c c:/programdata/matlab/supportpackages/r2024a/3p.instrset/gnuarm-armcortex.instrset/win/bin/../lib/gcc/arm-none-eabi/11.3.1/thumb/v7e-m+dp/hard\libc_nano.a(libc_a-impure.o)
                0x240005ec                _impure_data
 .data._impure_ptr
                0x24000638        0x4 c:/programdata/matlab/supportpackages/r2024a/3p.instrset/gnuarm-armcortex.instrset/win/bin/../lib/gcc/arm-none-eabi/11.3.1/thumb/v7e-m+dp/hard\libc_nano.a(libc_a-impure.o)
                0x24000638                _impure_ptr
 *(.RamFunc)
 *(.RamFunc*)
                0x2400063c                . = ALIGN (0x4)
                0x2400063c                _edata = .

.tm_clone_table
                0x2400063c        0x0 load address 0x08013944
 .tm_clone_table
                0x2400063c        0x0 c:/programdata/matlab/supportpackages/r2024a/3p.instrset/gnuarm-armcortex.instrset/win/bin/../lib/gcc/arm-none-eabi/11.3.1/thumb/v7e-m+dp/hard/crtbegin.o
 .tm_clone_table
                0x2400063c        0x0 c:/programdata/matlab/supportpackages/r2024a/3p.instrset/gnuarm-armcortex.instrset/win/bin/../lib/gcc/arm-none-eabi/11.3.1/thumb/v7e-m+dp/hard/crtend.o

.igot.plt       0x2400063c        0x0 load address 0x08013944
 .igot.plt      0x2400063c        0x0 c:/programdata/matlab/supportpackages/r2024a/3p.instrset/gnuarm-armcortex.instrset/win/bin/../lib/gcc/arm-none-eabi/11.3.1/thumb/v7e-m+dp/hard/crtbegin.o

.RxDecripSection
                0x2400063c       0x60 load address 0x08013944
 .RxDecripSection
                0x2400063c       0x60 main.o
                0x2400063c                DMARxDscrTab

.TxDecripSection
                0x2400069c       0x60 load address 0x080139a4
 .TxDecripSection
                0x2400069c       0x60 main.o
                0x2400069c                DMATxDscrTab
                0x240006fc                . = ALIGN (0x4)

.bss            0x24000700     0x9658 load address 0x08013a04
                0x24000700                _sbss = .
                0x24000700                __bss_start__ = _sbss
 *(.bss)
 *(.bss*)
 .bss.completed.1
                0x24000700        0x1 c:/programdata/matlab/supportpackages/r2024a/3p.instrset/gnuarm-armcortex.instrset/win/bin/../lib/gcc/arm-none-eabi/11.3.1/thumb/v7e-m+dp/hard/crtbegin.o
 *fill*         0x24000701        0x3 
 .bss.object.0  0x24000704       0x18 c:/programdata/matlab/supportpackages/r2024a/3p.instrset/gnuarm-armcortex.instrset/win/bin/../lib/gcc/arm-none-eabi/11.3.1/thumb/v7e-m+dp/hard/crtbegin.o
 .bss.mw_fdcan1
                0x2400071c        0x8 stm_fdcan_hal.o
                0x2400071c                mw_fdcan1
 .bss.mw_fdcan2
                0x24000724        0x8 stm_fdcan_hal.o
                0x24000724                mw_fdcan2
 .bss.stopRequested
                0x2400072c        0x1 ert_main.o
                0x2400072c                stopRequested
 *fill*         0x2400072d        0x3 
 .bss.stopSem   0x24000730        0x4 ert_main.o
                0x24000730                stopSem
 .bss.baserateTaskSem
                0x24000734        0x4 ert_main.o
                0x24000734                baserateTaskSem
 .bss.subrateTaskSem
                0x24000738        0x8 ert_main.o
                0x24000738                subrateTaskSem
 .bss.taskId    0x24000740        0x8 ert_main.o
                0x24000740                taskId
 .bss.baseRateThread
                0x24000748       0x1c ert_main.o
                0x24000748                baseRateThread
 .bss.threadJoinStatus
                0x24000764        0x4 ert_main.o
                0x24000764                threadJoinStatus
 .bss.terminatingmodel
                0x24000768        0x4 ert_main.o
                0x24000768                terminatingmodel
 .bss.subRateThread
                0x2400076c       0x38 ert_main.o
                0x2400076c                subRateThread
 .bss.subratePriority
                0x240007a4        0x8 ert_main.o
                0x240007a4                subratePriority
 *fill*         0x240007ac        0x4 
 .bss.Vehicle_Control_CodeGen_B
                0x240007b0     0x2080 Vehicle_Control_CodeGen.o
                0x240007b0                Vehicle_Control_CodeGen_B
 .bss.Vehicle_Control_CodeGen_DW
                0x24002830     0x2248 Vehicle_Control_CodeGen.o
                0x24002830                Vehicle_Control_CodeGen_DW
 .bss.Vehicle_Control_CodeGen_M_
                0x24004a78       0x10 Vehicle_Control_CodeGen.o
 .bss.mw_scheduler_timer_def
                0x24004a88       0x20 mw_freertos_init.o
                0x24004a88                mw_scheduler_timer_def
 .bss.mw_timer_id
                0x24004aa8        0x4 mw_freertos_init.o
                0x24004aa8                mw_timer_id
 .bss.TxConfig  0x24004aac       0x34 main.o
                0x24004aac                TxConfig
 .bss.heth      0x24004ae0       0x88 main.o
                0x24004ae0                heth
 .bss.hfdcan1   0x24004b68       0xa0 main.o
                0x24004b68                hfdcan1
 .bss.hfdcan2   0x24004c08       0xa0 main.o
                0x24004c08                hfdcan2
 .bss.hltdc     0x24004ca8       0xa8 main.o
                0x24004ca8                hltdc
 .bss.hospi1    0x24004d50       0x60 main.o
                0x24004d50                hospi1
 .bss.hospi2    0x24004db0       0x60 main.o
                0x24004db0                hospi2
 .bss.hsai_BlockA1
                0x24004e10       0x98 main.o
                0x24004e10                hsai_BlockA1
 .bss.hsai_BlockB1
                0x24004ea8       0x98 main.o
                0x24004ea8                hsai_BlockB1
 .bss.htim6     0x24004f40       0x4c main.o
                0x24004f40                htim6
 .bss.htim23    0x24004f8c       0x4c main.o
                0x24004f8c                htim23
 .bss.htim24    0x24004fd8       0x4c main.o
                0x24004fd8                htim24
 .bss.HAL_RCC_FDCAN_CLK_ENABLED
                0x24005024        0x4 stm32h7xx_hal_msp.o
 .bss.HAL_RCC_OCTOSPIM_CLK_ENABLED
                0x24005028        0x4 stm32h7xx_hal_msp.o
 .bss.SAI1_client
                0x2400502c        0x4 stm32h7xx_hal_msp.o
 .bss.htim2     0x24005030       0x4c stm32h7xx_hal_timebase_tim.o
                0x24005030                htim2
 .bss.uwTick    0x2400507c        0x4 stm32h7xx_hal.o
                0x2400507c                uwTick
 .bss.xQueueRegistry
                0x24005080       0x40 queue.o
                0x24005080                xQueueRegistry
 .bss.pxCurrentTCB
                0x240050c0        0x4 tasks.o
                0x240050c0                pxCurrentTCB
 .bss.pxReadyTasksLists
                0x240050c4      0x460 tasks.o
 .bss.xDelayedTaskList1
                0x24005524       0x14 tasks.o
 .bss.xDelayedTaskList2
                0x24005538       0x14 tasks.o
 .bss.pxDelayedTaskList
                0x2400554c        0x4 tasks.o
 .bss.pxOverflowDelayedTaskList
                0x24005550        0x4 tasks.o
 .bss.xPendingReadyList
                0x24005554       0x14 tasks.o
 .bss.xTasksWaitingTermination
                0x24005568       0x14 tasks.o
 .bss.uxDeletedTasksWaitingCleanUp
                0x2400557c        0x4 tasks.o
 .bss.xSuspendedTaskList
                0x24005580       0x14 tasks.o
 .bss.uxCurrentNumberOfTasks
                0x24005594        0x4 tasks.o
 .bss.xTickCount
                0x24005598        0x4 tasks.o
 .bss.uxTopReadyPriority
                0x2400559c        0x4 tasks.o
 .bss.xSchedulerRunning
                0x240055a0        0x4 tasks.o
 .bss.xPendedTicks
                0x240055a4        0x4 tasks.o
 .bss.xYieldPending
                0x240055a8        0x4 tasks.o
 .bss.xNumOfOverflows
                0x240055ac        0x4 tasks.o
 .bss.uxTaskNumber
                0x240055b0        0x4 tasks.o
 .bss.xNextTaskUnblockTime
                0x240055b4        0x4 tasks.o
 .bss.xIdleTaskHandle
                0x240055b8        0x4 tasks.o
 .bss.uxSchedulerSuspended
                0x240055bc        0x4 tasks.o
 .bss.xActiveTimerList1
                0x240055c0       0x14 timers.o
 .bss.xActiveTimerList2
                0x240055d4       0x14 timers.o
 .bss.pxCurrentTimerList
                0x240055e8        0x4 timers.o
 .bss.pxOverflowTimerList
                0x240055ec        0x4 timers.o
 .bss.xTimerQueue
                0x240055f0        0x4 timers.o
 .bss.xTimerTaskHandle
                0x240055f4        0x4 timers.o
 .bss.xLastTime.2
                0x240055f8        0x4 timers.o
 .bss.ucStaticTimerQueueStorage.1
                0x240055fc       0xa0 timers.o
 .bss.xStaticTimerQueue.0
                0x2400569c       0x50 timers.o
 *fill*         0x240056ec        0x4 
 .bss.Idle_TCB.3
                0x240056f0      0x180 cmsis_os2.o
 .bss.Idle_Stack.2
                0x24005870      0x200 cmsis_os2.o
 .bss.Timer_TCB.1
                0x24005a70      0x180 cmsis_os2.o
 .bss.Timer_Stack.0
                0x24005bf0      0x400 cmsis_os2.o
 .bss.ucHeap    0x24005ff0     0x3c00 heap_4.o
 .bss.xStart    0x24009bf0        0x8 heap_4.o
 .bss.pxEnd     0x24009bf8        0x4 heap_4.o
 .bss.xFreeBytesRemaining
                0x24009bfc        0x4 heap_4.o
 .bss.xMinimumEverFreeBytesRemaining
                0x24009c00        0x4 heap_4.o
 .bss.xNumberOfSuccessfulAllocations
                0x24009c04        0x4 heap_4.o
 .bss.xNumberOfSuccessfulFrees
                0x24009c08        0x4 heap_4.o
 .bss.xBlockAllocatedBit
                0x24009c0c        0x4 heap_4.o
 .bss.ucMaxSysCallPriority
                0x24009c10        0x1 port.o
 *fill*         0x24009c11        0x3 
 .bss.ulMaxPRIGROUPValue
                0x24009c14        0x4 port.o
 .bss.__sf      0x24009c18      0x138 c:/programdata/matlab/supportpackages/r2024a/3p.instrset/gnuarm-armcortex.instrset/win/bin/../lib/gcc/arm-none-eabi/11.3.1/thumb/v7e-m+dp/hard\libc_nano.a(libc_a-findfp.o)
                0x24009c18                __sf
 .bss.__lock___malloc_recursive_mutex
                0x24009d50        0x1 c:/programdata/matlab/supportpackages/r2024a/3p.instrset/gnuarm-armcortex.instrset/win/bin/../lib/gcc/arm-none-eabi/11.3.1/thumb/v7e-m+dp/hard\libc_nano.a(libc_a-lock.o)
                0x24009d50                __lock___malloc_recursive_mutex
 *fill*         0x24009d51        0x3 
 .bss.__malloc_free_list
                0x24009d54        0x4 c:/programdata/matlab/supportpackages/r2024a/3p.instrset/gnuarm-armcortex.instrset/win/bin/../lib/gcc/arm-none-eabi/11.3.1/thumb/v7e-m+dp/hard\libc_nano.a(libc_a-mallocr.o)
                0x24009d54                __malloc_free_list
 *(COMMON)
                0x24009d58                . = ALIGN (0x4)
                0x24009d58                _ebss = .
                0x24009d58                __bss_end__ = _ebss

._user_heap_stack
                0x24009d58      0x600 load address 0x08013a04
                0x24009d58                . = ALIGN (0x8)
                [!provide]                PROVIDE (end = .)
                0x24009d58                PROVIDE (_end = .)
                0x24009f58                . = (. + _Min_Heap_Size)
 *fill*         0x24009d58      0x200 
                0x2400a358                . = (. + _Min_Stack_Size)
 *fill*         0x24009f58      0x400 
                0x2400a358                . = ALIGN (0x8)

/DISCARD/
 libc.a(*)
 libm.a(*)
 libgcc.a(*)

.ARM.attributes
                0x00000000       0x2e
 *(.ARM.attributes)
 .ARM.attributes
                0x00000000       0x1e c:/programdata/matlab/supportpackages/r2024a/3p.instrset/gnuarm-armcortex.instrset/win/bin/../lib/gcc/arm-none-eabi/11.3.1/thumb/v7e-m+dp/hard/crti.o
 .ARM.attributes
                0x0000001e       0x32 c:/programdata/matlab/supportpackages/r2024a/3p.instrset/gnuarm-armcortex.instrset/win/bin/../lib/gcc/arm-none-eabi/11.3.1/thumb/v7e-m+dp/hard/crtbegin.o
 .ARM.attributes
                0x00000050       0x32 stm_fdcan_hal.o
 .ARM.attributes
                0x00000082       0x32 mw_stm32_nvic.o
 .ARM.attributes
                0x000000b4       0x32 ert_main.o
 .ARM.attributes
                0x000000e6       0x32 Vehicle_Control_CodeGen.o
 .ARM.attributes
                0x00000118       0x32 Vehicle_Control_CodeGen_data.o
 .ARM.attributes
                0x0000014a       0x32 rt_nonfinite.o
 .ARM.attributes
                0x0000017c       0x32 platform_timer.o
 .ARM.attributes
                0x000001ae       0x32 mw_freertos_init.o
 .ARM.attributes
                0x000001e0       0x32 mw_thread.o
 .ARM.attributes
                0x00000212       0x32 mw_timer.o
 .ARM.attributes
                0x00000244       0x32 mw_semaphore.o
 .ARM.attributes
                0x00000276       0x32 main.o
 .ARM.attributes
                0x000002a8       0x32 stm32h7xx_it.o
 .ARM.attributes
                0x000002da       0x32 stm32h7xx_hal_msp.o
 .ARM.attributes
                0x0000030c       0x32 stm32h7xx_hal_timebase_tim.o
 .ARM.attributes
                0x0000033e       0x32 stm32h7xx_ll_exti.o
 .ARM.attributes
                0x00000370       0x32 stm32h7xx_ll_gpio.o
 .ARM.attributes
                0x000003a2       0x32 stm32h7xx_ll_adc.o
 .ARM.attributes
                0x000003d4       0x32 stm32h7xx_ll_rcc.o
 .ARM.attributes
                0x00000406       0x32 stm32h7xx_ll_utils.o
 .ARM.attributes
                0x00000438       0x32 stm32h7xx_hal_rcc.o
 .ARM.attributes
                0x0000046a       0x32 stm32h7xx_hal_rcc_ex.o
 .ARM.attributes
                0x0000049c       0x32 stm32h7xx_hal_gpio.o
 .ARM.attributes
                0x000004ce       0x32 stm32h7xx_hal_cortex.o
 .ARM.attributes
                0x00000500       0x32 stm32h7xx_hal.o
 .ARM.attributes
                0x00000532       0x32 stm32h7xx_ll_dac.o
 .ARM.attributes
                0x00000564       0x32 stm32h7xx_hal_eth.o
 .ARM.attributes
                0x00000596       0x32 stm32h7xx_hal_fdcan.o
 .ARM.attributes
                0x000005c8       0x32 stm32h7xx_ll_i2c.o
 .ARM.attributes
                0x000005fa       0x32 stm32h7xx_hal_ltdc.o
 .ARM.attributes
                0x0000062c       0x32 stm32h7xx_hal_ospi.o
 .ARM.attributes
                0x0000065e       0x32 stm32h7xx_hal_sai.o
 .ARM.attributes
                0x00000690       0x32 stm32h7xx_hal_tim.o
 .ARM.attributes
                0x000006c2       0x32 stm32h7xx_hal_tim_ex.o
 .ARM.attributes
                0x000006f4       0x32 stm32h7xx_ll_tim.o
 .ARM.attributes
                0x00000726       0x32 stm32h7xx_ll_usart.o
 .ARM.attributes
                0x00000758       0x32 list.o
 .ARM.attributes
                0x0000078a       0x32 queue.o
 .ARM.attributes