Archive member included to satisfy reference by file (symbol)

c:/programdata/matlab/supportpackages/r2024a/3p.instrset/gnuarm-armcortex.instrset/win/bin/../lib/gcc/arm-none-eabi/11.3.1/thumb/v7e-m+dp/hard\libm.a(libm_a-w_fmod.o)
                              Vehicle_Control_CodeGen.o (fmod)
c:/programdata/matlab/supportpackages/r2024a/3p.instrset/gnuarm-armcortex.instrset/win/bin/../lib/gcc/arm-none-eabi/11.3.1/thumb/v7e-m+dp/hard\libm.a(libm_a-s_floor.o)
                              Vehicle_Control_CodeGen.o (floor)
c:/programdata/matlab/supportpackages/r2024a/3p.instrset/gnuarm-armcortex.instrset/win/bin/../lib/gcc/arm-none-eabi/11.3.1/thumb/v7e-m+dp/hard\libm.a(libm_a-e_fmod.o)
                              c:/programdata/matlab/supportpackages/r2024a/3p.instrset/gnuarm-armcortex.instrset/win/bin/../lib/gcc/arm-none-eabi/11.3.1/thumb/v7e-m+dp/hard\libm.a(libm_a-w_fmod.o) (__ieee754_fmod)
c:/programdata/matlab/supportpackages/r2024a/3p.instrset/gnuarm-armcortex.instrset/win/bin/../lib/gcc/arm-none-eabi/11.3.1/thumb/v7e-m+dp/hard\libc_nano.a(libc_a-exit.o)
                              c:/programdata/matlab/supportpackages/r2024a/3p.instrset/gnuarm-armcortex.instrset/win/bin/../lib/gcc/arm-none-eabi/11.3.1/thumb/v7e-m+dp/hard/crt0.o (exit)
c:/programdata/matlab/supportpackages/r2024a/3p.instrset/gnuarm-armcortex.instrset/win/bin/../lib/gcc/arm-none-eabi/11.3.1/thumb/v7e-m+dp/hard\libc_nano.a(libc_a-findfp.o)
                              tasks.o (__sf)
c:/programdata/matlab/supportpackages/r2024a/3p.instrset/gnuarm-armcortex.instrset/win/bin/../lib/gcc/arm-none-eabi/11.3.1/thumb/v7e-m+dp/hard\libc_nano.a(libc_a-fwalk.o)
                              c:/programdata/matlab/supportpackages/r2024a/3p.instrset/gnuarm-armcortex.instrset/win/bin/../lib/gcc/arm-none-eabi/11.3.1/thumb/v7e-m+dp/hard\libc_nano.a(libc_a-findfp.o) (_fwalk_sglue)
c:/programdata/matlab/supportpackages/r2024a/3p.instrset/gnuarm-armcortex.instrset/win/bin/../lib/gcc/arm-none-eabi/11.3.1/thumb/v7e-m+dp/hard\libc_nano.a(libc_a-stdio.o)
                              c:/programdata/matlab/supportpackages/r2024a/3p.instrset/gnuarm-armcortex.instrset/win/bin/../lib/gcc/arm-none-eabi/11.3.1/thumb/v7e-m+dp/hard\libc_nano.a(libc_a-findfp.o) (__sread)
c:/programdata/matlab/supportpackages/r2024a/3p.instrset/gnuarm-armcortex.instrset/win/bin/../lib/gcc/arm-none-eabi/11.3.1/thumb/v7e-m+dp/hard\libc_nano.a(libc_a-memset.o)
                              c:/programdata/matlab/supportpackages/r2024a/3p.instrset/gnuarm-armcortex.instrset/win/bin/../lib/gcc/arm-none-eabi/11.3.1/thumb/v7e-m+dp/hard/crt0.o (memset)
c:/programdata/matlab/supportpackages/r2024a/3p.instrset/gnuarm-armcortex.instrset/win/bin/../lib/gcc/arm-none-eabi/11.3.1/thumb/v7e-m+dp/hard\libc_nano.a(libc_a-closer.o)
                              c:/programdata/matlab/supportpackages/r2024a/3p.instrset/gnuarm-armcortex.instrset/win/bin/../lib/gcc/arm-none-eabi/11.3.1/thumb/v7e-m+dp/hard\libc_nano.a(libc_a-stdio.o) (_close_r)
c:/programdata/matlab/supportpackages/r2024a/3p.instrset/gnuarm-armcortex.instrset/win/bin/../lib/gcc/arm-none-eabi/11.3.1/thumb/v7e-m+dp/hard\libc_nano.a(libc_a-reent.o)
                              tasks.o (_reclaim_reent)
c:/programdata/matlab/supportpackages/r2024a/3p.instrset/gnuarm-armcortex.instrset/win/bin/../lib/gcc/arm-none-eabi/11.3.1/thumb/v7e-m+dp/hard\libc_nano.a(libc_a-impure.o)
                              tasks.o (_impure_ptr)
c:/programdata/matlab/supportpackages/r2024a/3p.instrset/gnuarm-armcortex.instrset/win/bin/../lib/gcc/arm-none-eabi/11.3.1/thumb/v7e-m+dp/hard\libc_nano.a(libc_a-lseekr.o)
                              c:/programdata/matlab/supportpackages/r2024a/3p.instrset/gnuarm-armcortex.instrset/win/bin/../lib/gcc/arm-none-eabi/11.3.1/thumb/v7e-m+dp/hard\libc_nano.a(libc_a-stdio.o) (_lseek_r)
c:/programdata/matlab/supportpackages/r2024a/3p.instrset/gnuarm-armcortex.instrset/win/bin/../lib/gcc/arm-none-eabi/11.3.1/thumb/v7e-m+dp/hard\libc_nano.a(libc_a-readr.o)
                              c:/programdata/matlab/supportpackages/r2024a/3p.instrset/gnuarm-armcortex.instrset/win/bin/../lib/gcc/arm-none-eabi/11.3.1/thumb/v7e-m+dp/hard\libc_nano.a(libc_a-stdio.o) (_read_r)
c:/programdata/matlab/supportpackages/r2024a/3p.instrset/gnuarm-armcortex.instrset/win/bin/../lib/gcc/arm-none-eabi/11.3.1/thumb/v7e-m+dp/hard\libc_nano.a(libc_a-writer.o)
                              c:/programdata/matlab/supportpackages/r2024a/3p.instrset/gnuarm-armcortex.instrset/win/bin/../lib/gcc/arm-none-eabi/11.3.1/thumb/v7e-m+dp/hard\libc_nano.a(libc_a-stdio.o) (_write_r)
c:/programdata/matlab/supportpackages/r2024a/3p.instrset/gnuarm-armcortex.instrset/win/bin/../lib/gcc/arm-none-eabi/11.3.1/thumb/v7e-m+dp/hard\libc_nano.a(libc_a-errno.o)
                              syscalls.o (__errno)
c:/programdata/matlab/supportpackages/r2024a/3p.instrset/gnuarm-armcortex.instrset/win/bin/../lib/gcc/arm-none-eabi/11.3.1/thumb/v7e-m+dp/hard\libc_nano.a(libc_a-init.o)
[...]
Memory Configuration

Name             Origin             Length             Attributes
ITCMRAM          0x00000000         0x00010000         xrw
DTCMRAM          0x20000000         0x00020000         xrw
FLASH            0x08000000         0x00100000         xr
RAM_D1           0x24000000         0x00050000         xrw
RAM_D2           0x30000000         0x00008000         xrw
RAM_D3           0x38000000         0x00004000         xrw
*default*        0x00000000         0xffffffff

Linker script and memory map

LOAD c:/programdata/matlab/supportpackages/r2024a/3p.instrset/gnuarm-armcortex.instrset/win/bin/../lib/gcc/arm-none-eabi/11.3.1/thumb/v7e-m+dp/hard/crti.o
LOAD c:/programdata/matlab/supportpackages/r2024a/3p.instrset/gnuarm-armcortex.instrset/win/bin/../lib/gcc/arm-none-eabi/11.3.1/thumb/v7e-m+dp/hard/crtbegin.o
LOAD c:/programdata/matlab/supportpackages/r2024a/3p.instrset/gnuarm-armcortex.instrset/win/bin/../lib/gcc/arm-none-eabi/11.3.1/thumb/v7e-m+dp/hard/crt0.o
LOAD stm_fdcan_hal.o
LOAD mw_stm32_nvic.o
LOAD ert_main.o
LOAD Vehicle_Control_CodeGen.o
LOAD Vehicle_Control_CodeGen_data.o
LOAD rt_nonfinite.o
LOAD overrideHALDelay.o
LOAD platform_timer.o
LOAD mw_freertos_init.o
LOAD mw_thread.o
LOAD mw_timer.o
LOAD mw_semaphore.o
LOAD main.o
LOAD freertos.o
LOAD stm32h7xx_it.o
LOAD stm32h7xx_hal_msp.o
LOAD stm32h7xx_hal_timebase_tim.o
LOAD stm32h7xx_ll_exti.o
LOAD stm32h7xx_ll_gpio.o
LOAD stm32h7xx_ll_adc.o
LOAD stm32h7xx_ll_dma.o
LOAD stm32h7xx_ll_rcc.o
LOAD stm32h7xx_ll_utils.o
LOAD stm32h7xx_hal_rcc.o
LOAD stm32h7xx_hal_rcc_ex.o
LOAD stm32h7xx_hal_flash.o
LOAD stm32h7xx_hal_flash_ex.o
LOAD stm32h7xx_hal_gpio.o
LOAD stm32h7xx_hal_hsem.o
LOAD stm32h7xx_hal_dma.o
LOAD stm32h7xx_hal_dma_ex.o
LOAD stm32h7xx_hal_mdma.o
LOAD stm32h7xx_hal_pwr.o
LOAD stm32h7xx_hal_pwr_ex.o
LOAD stm32h7xx_hal_cortex.o
LOAD stm32h7xx_hal.o
LOAD stm32h7xx_hal_i2c.o
LOAD stm32h7xx_hal_i2c_ex.o
LOAD stm32h7xx_hal_exti.o
LOAD stm32h7xx_ll_dac.o
LOAD stm32h7xx_hal_eth.o
LOAD stm32h7xx_hal_eth_ex.o
LOAD stm32h7xx_hal_fdcan.o
LOAD stm32h7xx_ll_i2c.o
LOAD stm32h7xx_ll_bdma.o
LOAD stm32h7xx_hal_ltdc.o
LOAD stm32h7xx_hal_ltdc_ex.o
LOAD stm32h7xx_hal_ospi.o
LOAD stm32h7xx_hal_sai.o
LOAD stm32h7xx_hal_sai_ex.o
LOAD stm32h7xx_ll_sdmmc.o
LOAD stm32h7xx_ll_delayblock.o
LOAD stm32h7xx_hal_sd.o
LOAD stm32h7xx_hal_sd_ex.o
LOAD stm32h7xx_hal_tim.o
LOAD stm32h7xx_hal_tim_ex.o
LOAD stm32h7xx_ll_tim.o
LOAD stm32h7xx_ll_usart.o
LOAD croutine.o
LOAD event_groups.o
LOAD list.o
LOAD queue.o
LOAD stream_buffer.o
LOAD tasks.o
LOAD timers.o
LOAD cmsis_os2.o
LOAD heap_4.o
LOAD port.o
LOAD system_stm32h7xx.o
LOAD syscalls.o
LOAD sysmem.o
LOAD startup_stm32h735igkx.o
LOAD C:/ProgramData/MATLAB/SupportPackages/R2024a/3P.instrset/cmsis_dsp.instrset/Lib/GCC/arm_cortexm7ldfdp_math/libCMSISDSP.a
LOAD C:/ProgramData/MATLAB/SupportPackages/R2024a/toolbox/shared/supportpackages/stm32/lib/GCC/libmw_pdmfilter_m7_dpfp.lib
LOAD c:/programdata/matlab/supportpackages/r2024a/3p.instrset/gnuarm-armcortex.instrset/win/bin/../lib/gcc/arm-none-eabi/11.3.1/thumb/v7e-m+dp/hard\libstdc++_nano.a
LOAD c:/programdata/matlab/supportpackages/r2024a/3p.instrset/gnuarm-armcortex.instrset/win/bin/../lib/gcc/arm-none-eabi/11.3.1/thumb/v7e-m+dp/hard\libm.a
START GROUP
LOAD c:/programdata/matlab/supportpackages/r2024a/3p.instrset/gnuarm-armcortex.instrset/win/bin/../lib/gcc/arm-none-eabi/11.3.1/thumb/v7e-m+dp/hard\libgcc.a
LOAD c:/programdata/matlab/supportpackages/r2024a/3p.instrset/gnuarm-armcortex.instrset/win/bin/../lib/gcc/arm-none-eabi/11.3.1/thumb/v7e-m+dp/hard\libc_nano.a
END GROUP
START GROUP
LOAD c:/programdata/matlab/supportpackages/r2024a/3p.instrset/gnuarm-armcortex.instrset/win/bin/../lib/gcc/arm-none-eabi/11.3.1/thumb/v7e-m+dp/hard\libgcc.a
LOAD c:/programdata/matlab/supportpackages/r2024a/3p.instrset/gnuarm-armcortex.instrset/win/bin/../lib/gcc/arm-none-eabi/11.3.1/thumb/v7e-m+dp/hard\libc_nano.a
LOAD c:/programdata/matlab/supportpackages/r2024a/3p.instrset/gnuarm-armcortex.instrset/win/bin/../lib/gcc/arm-none-eabi/11.3.1/thumb/v7e-m+dp/hard\libnosys.a
END GROUP
START GROUP
LOAD c:/programdata/matlab/supportpackages/r2024a/3p.instrset/gnuarm-armcortex.instrset/win/bin/../lib/gcc/arm-none-eabi/11.3.1/thumb/v7e-m+dp/hard\libgcc.a
LOAD c:/programdata/matlab/supportpackages/r2024a/3p.instrset/gnuarm-armcortex.instrset/win/bin/../lib/gcc/arm-none-eabi/11.3.1/thumb/v7e-m+dp/hard\libc_nano.a
LOAD c:/programdata/matlab/supportpackages/r2024a/3p.instrset/gnuarm-armcortex.instrset/win/bin/../lib/gcc/arm-none-eabi/11.3.1/thumb/v7e-m+dp/hard\libnosys.a
END GROUP
LOAD c:/programdata/matlab/supportpackages/r2024a/3p.instrset/gnuarm-armcortex.instrset/win/bin/../lib/gcc/arm-none-eabi/11.3.1/thumb/v7e-m+dp/hard/crtend.o
LOAD c:/programdata/matlab/supportpackages/r2024a/3p.instrset/gnuarm-armcortex.instrset/win/bin/../lib/gcc/arm-none-eabi/11.3.1/thumb/v7e-m+dp/hard/crtn.o
                0x24050000                _estack = (ORIGIN (RAM_D1) + LENGTH (RAM_D1))
                0x00000200                _Min_Heap_Size = 0x200
                0x00000400                _Min_Stack_Size = 0x400

.isr_vector     0x08000000      0x2cc
                0x08000000                . = ALIGN (0x4)
 *(.isr_vector)
 .isr_vector    0x08000000      0x2cc startup_stm32h735igkx.o
                0x08000000                g_pfnVectors
                0x080002cc                . = ALIGN (0x4)

.text           0x080002d0    0x12380
                0x080002d0                . = ALIGN (0x4)
 *(.text)
 *(.text*)
 .text.deregister_tm_clones
                0x080002d0       0x1c c:/programdata/matlab/supportpackages/r2024a/3p.instrset/gnuarm-armcortex.instrset/win/bin/../lib/gcc/arm-none-eabi/11.3.1/thumb/v7e-m+dp/hard/crtbegin.o
 .text.register_tm_clones
                0x080002ec       0x24 c:/programdata/matlab/supportpackages/r2024a/3p.instrset/gnuarm-armcortex.instrset/win/bin/../lib/gcc/arm-none-eabi/11.3.1/thumb/v7e-m+dp/hard/crtbegin.o
 .text.__do_global_dtors_aux
                0x08000310       0x28 c:/programdata/matlab/supportpackages/r2024a/3p.instrset/gnuarm-armcortex.instrset/win/bin/../lib/gcc/arm-none-eabi/11.3.1/thumb/v7e-m+dp/hard/crtbegin.o
 .text.frame_dummy
                0x08000338       0x24 c:/programdata/matlab/supportpackages/r2024a/3p.instrset/gnuarm-armcortex.instrset/win/bin/../lib/gcc/arm-none-eabi/11.3.1/thumb/v7e-m+dp/hard/crtbegin.o
 .text.__NVIC_GetPriorityGrouping
                0x0800035c       0x1c stm_fdcan_hal.o
 .text.__NVIC_EnableIRQ
                0x08000378       0x3c stm_fdcan_hal.o
 .text.__NVIC_SetPriority
                0x080003b4       0x54 stm_fdcan_hal.o
 .text.NVIC_EncodePriority
                0x08000408       0x66 stm_fdcan_hal.o
 *fill*         0x0800046e        0x2 
 .text.MW_FDCAN_Initialize
                0x08000470       0xf0 stm_fdcan_hal.o
                0x08000470                MW_FDCAN_Initialize
 .text.MW_FDCAN_TransmitMessage
                0x08000560      0x220 stm_fdcan_hal.o
                0x08000560                MW_FDCAN_TransmitMessage
 .text.MW_FDCAN_ReceiveMessage
                0x08000780      0x194 stm_fdcan_hal.o
                0x08000780                MW_FDCAN_ReceiveMessage
 .text.MW_FDCAN_Close
                0x08000914       0x2a stm_fdcan_hal.o
                0x08000914                MW_FDCAN_Close
 *fill*         0x0800093e        0x2 
 .text.getFDCANModuleHandle
                0x08000940       0x34 stm_fdcan_hal.o
                0x08000940                getFDCANModuleHandle
 .text.MW_FDCAN_ConfigGlobalFilter
                0x08000974       0x38 stm_fdcan_hal.o
                0x08000974                MW_FDCAN_ConfigGlobalFilter
 .text.__NVIC_SetPriority
                0x080009ac       0x54 mw_stm32_nvic.o
 .text.MW_NVIC_ConfigureIRQ
                0x08000a00       0x26 mw_stm32_nvic.o
                0x08000a00                MW_NVIC_ConfigureIRQ
 *fill*         0x08000a26        0x2 
 .text.subrateTask
                0x08000a28       0x5c ert_main.o
                0x08000a28                subrateTask
 .text.baseRateTask
                0x08000a84       0x88 ert_main.o
                0x08000a84                baseRateTask
 .text.terminateTask
                0x08000b0c       0xf8 ert_main.o
                0x08000b0c                terminateTask
 .text.main     0x08000c04       0xe0 ert_main.o
                0x08000c04                main
 .text.__NVIC_EnableIRQ
                0x08000ce4       0x3c Vehicle_Control_CodeGen.o
 .text.MW_FDCAN_Start
                0x08000d20       0x28 Vehicle_Control_CodeGen.o
 .text.rate_monotonic_scheduler
                0x08000d48       0x2c Vehicle_Control_CodeGen.o
 .text.Vehicle_Contro_SystemCore_setup
                0x08000d74       0x4e Vehicle_Control_CodeGen.o
 *fill*         0x08000dc2        0x2 
 .text.Vehicle__MovingAverage_Init
                0x08000dc4       0x88 Vehicle_Control_CodeGen.o
                0x08000dc4                Vehicle__MovingAverage_Init
 .text.Vehicle_Contr_MovingAverage
                0x08000e4c      0x294 Vehicle_Control_CodeGen.o
                0x08000e4c                Vehicle_Contr_MovingAverage
 .text.Vehicle__MovingAverage_Term
                0x080010e0       0x54 Vehicle_Control_CodeGen.o
                0x080010e0                Vehicle__MovingAverage_Term
 .text.Vehicle_Co_FDCANWrite1_Init
                0x08001134       0x3e Vehicle_Control_CodeGen.o
                0x08001134                Vehicle_Co_FDCANWrite1_Init
 .text.Vehicle_Control_FDCANWrite1
                0x08001172       0x3e Vehicle_Control_CodeGen.o
                0x08001172                Vehicle_Control_FDCANWrite1
 .text.Vehicle_Co_FDCANWrite1_Term
                0x080011b0       0x38 Vehicle_Control_CodeGen.o
                0x080011b0                Vehicle_Co_FDCANWrite1_Term
 .text.Vehicle_Co_FDCANWrite3_Init
                0x080011e8       0x3e Vehicle_Control_CodeGen.o
                0x080011e8                Vehicle_Co_FDCANWrite3_Init
 .text.Vehicle_Control_FDCANWrite3
                0x08001226       0x3e Vehicle_Control_CodeGen.o
                0x08001226                Vehicle_Control_FDCANWrite3
 .text.Vehicle_Co_FDCANWrite3_Term
                0x08001264       0x38 Vehicle_Control_CodeGen.o
                0x08001264                Vehicle_Co_FDCANWrite3_Term
 *fill*         0x0800129c        0x4 
 .text.Vehicle_Control_CodeGen_step0
                0x080012a0      0x850 Vehicle_Control_CodeGen.o
                0x080012a0                Vehicle_Control_CodeGen_step0
 .text.Vehicle_Control_CodeGen_step1
                0x08001af0      0xbf8 Vehicle_Control_CodeGen.o
                0x08001af0                Vehicle_Control_CodeGen_step1
 .text.Vehicle_Control_CodeGen_step
                0x080026e8       0x2a Vehicle_Control_CodeGen.o
                0x080026e8                Vehicle_Control_CodeGen_step
 *fill*         0x08002712        0x2 
 .text.Vehicle_Control_CodeGen_initialize
                0x08002714      0x29c Vehicle_Control_CodeGen.o
                0x08002714                Vehicle_Control_CodeGen_initialize
 .text.Vehicle_Control_CodeGen_terminate
                0x080029b0       0xf4 Vehicle_Control_CodeGen.o
                0x080029b0                Vehicle_Control_CodeGen_terminate
 .text.Vehicle_Control_CodeGen_configure_interrupts
                0x08002aa4       0x30 Vehicle_Control_CodeGen.o
                0x08002aa4                Vehicle_Control_CodeGen_configure_interrupts
 .text.FDCAN2_IT0_IRQHandler
                0x08002ad4      0x2b8 Vehicle_Control_CodeGen.o
                0x08002ad4                FDCAN2_IT0_IRQHandler
 .text.FDCAN1_IT0_IRQHandler
                0x08002d8c      0x248 Vehicle_Control_CodeGen.o
                0x08002d8c                FDCAN1_IT0_IRQHandler
 .text.rtIsInf  0x08002fd4       0x4c rt_nonfinite.o
                0x08002fd4                rtIsInf
 .text.rtIsNaN  0x08003020       0x2e rt_nonfinite.o
                0x08003020                rtIsNaN
 *fill*         0x0800304e        0x2 
 .text.getCurrentTimestampInMicros
                0x08003050       0x3c platform_timer.o
                0x08003050                getCurrentTimestampInMicros
 .text.returnTimeElapsed
                0x0800308c       0x2c platform_timer.o
                0x0800308c                returnTimeElapsed
 .text.__NVIC_SetPriority
                0x080030b8       0x54 mw_freertos_init.o
 .text.schedulerTask
                0x0800310c       0x1c mw_freertos_init.o
                0x0800310c                schedulerTask
 .text.baseRateTaskWrapper
                0x08003128       0x16 mw_freertos_init.o
                0x08003128                baseRateTaskWrapper
 .text.subrateTaskWrapper
                0x0800313e       0x16 mw_freertos_init.o
                0x0800313e                subrateTaskWrapper
 .text.mw_RTOSInit
                0x08003154      0x278 mw_freertos_init.o
                0x08003154                mw_RTOSInit
 .text.mw_osThreadCreate
                0x080033cc       0x66 mw_thread.o
                0x080033cc                mw_osThreadCreate
 .text.mw_osThreadExit
                0x08003432       0x16 mw_thread.o
                0x08003432                mw_osThreadExit
 .text.mw_osThreadJoin
                0x08003448       0x24 mw_thread.o
                0x08003448                mw_osThreadJoin
 .text.mw_osTimerCreate
                0x0800346c       0x42 mw_timer.o
                0x0800346c                mw_osTimerCreate
 .text.mw_osTimerStart
                0x080034ae       0x48 mw_timer.o
                0x080034ae                mw_osTimerStart
 .text.mw_osSemaphoreCreate
                0x080034f6       0x2e mw_semaphore.o
                0x080034f6                mw_osSemaphoreCreate
 .text.mw_osSemaphoreWaitEver
                0x08003524       0x3c mw_semaphore.o
                0x08003524                mw_osSemaphoreWaitEver
 .text.mw_osSemaphoreRelease
                0x08003560       0x3c mw_semaphore.o
                0x08003560                mw_osSemaphoreRelease
 .text.mw_osSemaphoreDelete
                0x0800359c       0x26 mw_semaphore.o
                0x0800359c                mw_osSemaphoreDelete
 *fill*         0x080035c2        0x2 
 .text.__NVIC_GetPriorityGrouping
                0x080035c4       0x1c main.o
 .text.__NVIC_EnableIRQ
                0x080035e0       0x3c main.o
 .text.__NVIC_SetPriority
                0x0800361c       0x54 main.o
 .text.NVIC_EncodePriority
                0x08003670       0x66 main.o
 .text.LL_ADC_REG_SetSequencerRanks
                0x080036d6       0x58 main.o
 .text.LL_ADC_SetChannelSamplingTime
                0x0800372e       0x56 main.o
 .text.LL_ADC_SetChannelSingleDiff
                0x08003784       0x80 main.o
 .text.LL_ADC_SetOverSamplingScope
                0x08003804       0x2c main.o
 .text.LL_ADC_DisableDeepPowerDown
                0x08003830       0x24 main.o
 .text.LL_ADC_EnableInternalRegulator
                0x08003854       0x28 main.o
 .text.LL_DAC_DisableTrigger
                0x0800387c       0x2e main.o
 *fill*         0x080038aa        0x2 
 .text.LL_DMA_SetDataTransferDirection
                0x080038ac       0x4c main.o
 .text.LL_DMA_SetMode
                0x080038f8       0x4c main.o
 .text.LL_DMA_SetPeriphIncMode
                0x08003944       0x4c main.o
 .text.LL_DMA_SetMemoryIncMode
                0x08003990       0x4c main.o
 .text.LL_DMA_SetPeriphSize
                0x080039dc       0x4c main.o
 .text.LL_DMA_SetMemorySize
                0x08003a28       0x4c main.o
 .text.LL_DMA_SetStreamPriorityLevel
                0x08003a74       0x4c main.o
 .text.LL_DMA_SetPeriphRequest
                0x08003ac0       0x60 main.o
 .text.LL_DMA_DisableFifoMode
                0x08003b20       0x44 main.o
 .text.LL_I2C_EnableClockStretching
                0x08003b64       0x20 main.o
 .text.LL_I2C_DisableGeneralCall
                0x08003b84       0x20 main.o
 .text.LL_I2C_SetOwnAddress2
                0x08003ba4       0x30 main.o
 .text.LL_I2C_DisableOwnAddress2
                0x08003bd4       0x20 main.o
 .text.LL_I2C_EnableAutoEndMode
                0x08003bf4       0x20 main.o
 .text.LL_RCC_HSE_Enable
                0x08003c14       0x20 main.o
 .text.LL_RCC_HSE_IsReady
                0x08003c34       0x28 main.o
 .text.LL_RCC_HSI48_Enable
                0x08003c5c       0x20 main.o
 .text.LL_RCC_HSI48_IsReady
                0x08003c7c       0x28 main.o
 .text.LL_RCC_SetSysClkSource
                0x08003ca4       0x28 main.o
 .text.LL_RCC_GetSysClkSource
                0x08003ccc       0x1c main.o
 .text.LL_RCC_SetSysPrescaler
                0x08003ce8       0x28 main.o
 .text.LL_RCC_SetAHBPrescaler
                0x08003d10       0x28 main.o
 .text.LL_RCC_SetAPB1Prescaler
                0x08003d38       0x28 main.o
 .text.LL_RCC_SetAPB2Prescaler
                0x08003d60       0x28 main.o
 .text.LL_RCC_SetAPB3Prescaler
                0x08003d88       0x28 main.o
 .text.LL_RCC_SetAPB4Prescaler
                0x08003db0       0x28 main.o
 .text.LL_RCC_SetClockSource
                0x08003dd8       0x54 main.o
 .text.LL_RCC_SetUSARTClockSource
                0x08003e2c       0x16 main.o
 .text.LL_RCC_SetI2CClockSource
                0x08003e42       0x16 main.o
 .text.LL_RCC_SetADCClockSource
                0x08003e58       0x28 main.o
 .text.LL_RCC_PLL_SetSource
                0x08003e80       0x28 main.o
 .text.LL_RCC_PLL1_Enable
                0x08003ea8       0x20 main.o
 .text.LL_RCC_PLL1_IsReady
                0x08003ec8       0x28 main.o
 .text.LL_RCC_PLL1P_Enable
                0x08003ef0       0x20 main.o
 .text.LL_RCC_PLL1Q_Enable
                0x08003f10       0x20 main.o
 .text.LL_RCC_PLL1R_Enable
                0x08003f30       0x20 main.o
 .text.LL_RCC_PLL1_SetVCOOutputRange
                0x08003f50       0x2c main.o
 .text.LL_RCC_PLL1_SetVCOInputRange
                0x08003f7c       0x2c main.o
 .text.LL_RCC_PLL1_SetN
                0x08003fa8       0x30 main.o
 .text.LL_RCC_PLL1_SetM
                0x08003fd8       0x2c main.o
 .text.LL_RCC_PLL1_SetP
                0x08004004       0x2c main.o
 .text.LL_RCC_PLL1_SetQ
                0x08004030       0x2c main.o
 .text.LL_RCC_PLL1_SetR
                0x0800405c       0x2c main.o
 .text.LL_RCC_PLL2_Enable
                0x08004088       0x20 main.o
 .text.LL_RCC_PLL2_IsReady
                0x080040a8       0x28 main.o
 .text.LL_RCC_PLL2P_Enable
                0x080040d0       0x20 main.o
 .text.LL_RCC_PLL2_SetVCOOutputRange
                0x080040f0       0x2c main.o
 .text.LL_RCC_PLL2_SetVCOInputRange
                0x0800411c       0x2c main.o
 .text.LL_RCC_PLL2_SetN
                0x08004148       0x30 main.o
 .text.LL_RCC_PLL2_SetM
                0x08004178       0x2c main.o
 .text.LL_RCC_PLL2_SetP
                0x080041a4       0x2c main.o
 .text.LL_RCC_PLL2_SetQ
                0x080041d0       0x2c main.o
 .text.LL_RCC_PLL2_SetR
                0x080041fc       0x2c main.o
 .text.LL_RCC_PLL3_Enable
                0x08004228       0x20 main.o
 .text.LL_RCC_PLL3_IsReady
                0x08004248       0x28 main.o
 .text.LL_RCC_PLL3R_Enable
                0x08004270       0x20 main.o
 .text.LL_RCC_PLL3_SetVCOOutputRange
                0x08004290       0x2c main.o
 .text.LL_RCC_PLL3_SetVCOInputRange
                0x080042bc       0x2c main.o
 .text.LL_RCC_PLL3_SetN
                0x080042e8       0x30 main.o
 .text.LL_RCC_PLL3_SetM
                0x08004318       0x2c main.o
 .text.LL_RCC_PLL3_SetP
                0x08004344       0x2c main.o
 .text.LL_RCC_PLL3_SetQ
                0x08004370       0x2c main.o
 .text.LL_RCC_PLL3_SetR
                0x0800439c       0x2c main.o
 .text.LL_AHB1_GRP1_EnableClock
                0x080043c8       0x38 main.o
 .text.LL_AHB4_GRP1_EnableClock
                0x08004400       0x38 main.o
 .text.LL_APB1_GRP1_EnableClock
                0x08004438       0x38 main.o
 .text.LL_APB2_GRP1_EnableClock
                0x08004470       0x38 main.o
 .text.LL_APB4_GRP1_EnableClock
                0x080044a8       0x38 main.o
 .text.LL_SYSCFG_OpenAnalogSwitch
                0x080044e0       0x24 main.o
 .text.LL_SYSCFG_SetEXTISource
                0x08004504       0x70 main.o
 .text.LL_FLASH_SetLatency
                0x08004574       0x28 main.o
 .text.LL_FLASH_GetLatency
                0x0800459c       0x1c main.o
 .text.LL_PWR_ConfigSupply
                0x080045b8       0x28 main.o
 .text.LL_PWR_SetRegulVoltageScaling
                0x080045e0       0x28 main.o
 .text.LL_TIM_EnableARRPreload
                0x08004608       0x20 main.o
 .text.LL_TIM_DisableARRPreload
                0x08004628       0x20 main.o
 .text.LL_TIM_OC_DisableFast
                0x08004648       0xa4 main.o
 .text.LL_TIM_OC_EnablePreload
                0x080046ec       0xa0 main.o
 .text.LL_TIM_SetTriggerOutput
                0x0800478c       0x26 main.o
 .text.LL_TIM_SetTriggerOutput2
                0x080047b2       0x26 main.o
 .text.LL_TIM_DisableMasterSlaveMode
                0x080047d8       0x20 main.o
 .text.LL_USART_Enable
                0x080047f8       0x20 main.o
 .text.LL_USART_DisableFIFO
                0x08004818       0x20 main.o
 .text.LL_USART_SetTXFIFOThreshold
                0x08004838       0x4e main.o
 .text.LL_USART_SetRXFIFOThreshold
                0x08004886       0x4e main.o
 .text.LL_USART_ConfigAsyncMode
                0x080048d4       0x2c main.o
 .text.LL_USART_IsActiveFlag_TEACK
                0x08004900       0x28 main.o
 .text.LL_USART_IsActiveFlag_REACK
                0x08004928       0x28 main.o
 .text.LL_GPIO_SetPinMode
                0x08004950       0x40 main.o
 .text.LL_GPIO_SetPinPull
                0x08004990       0x40 main.o
 .text.LL_GPIO_ResetOutputPin
                0x080049d0       0x1e main.o
 *fill*         0x080049ee        0x2 
 .text.SystemClock_Config
                0x080049f0       0xec main.o
                0x080049f0                SystemClock_Config
 .text.PeriphCommonClock_Config
                0x08004adc       0x86 main.o
                0x08004adc                PeriphCommonClock_Config
 *fill*         0x08004b62        0x2 
 .text.MX_ADC1_Init
                0x08004b64      0x148 main.o
                0x08004b64                MX_ADC1_Init
 .text.MX_ADC2_Init
                0x08004cac       0xec main.o
                0x08004cac                MX_ADC2_Init
 .text.MX_ADC3_Init
                0x08004d98      0x14c main.o
                0x08004d98                MX_ADC3_Init
 .text.MX_DAC1_Init
                0x08004ee4       0x8c main.o
                0x08004ee4                MX_DAC1_Init
 .text.MX_ETH_Init
                0x08004f70       0x90 main.o
                0x08004f70                MX_ETH_Init
 .text.MX_FDCAN1_Init
                0x08005000       0xc8 main.o
                0x08005000                MX_FDCAN1_Init
 .text.MX_FDCAN2_Init
                0x080050c8       0xc8 main.o
                0x080050c8                MX_FDCAN2_Init
 .text.MX_I2C4_Init
                0x08005190       0xc4 main.o
                0x08005190                MX_I2C4_Init
 .text.MX_LTDC_Init
                0x08005254      0x164 main.o
                0x08005254                MX_LTDC_Init
 .text.MX_OCTOSPI1_Init
                0x080053b8       0xcc main.o
                0x080053b8                MX_OCTOSPI1_Init
 .text.MX_OCTOSPI2_Init
                0x08005484      0x108 main.o
                0x08005484                MX_OCTOSPI2_Init
 .text.MX_SAI1_Init
                0x0800558c      0x17c main.o
                0x0800558c                MX_SAI1_Init
 .text.MX_TIM1_Init
                0x08005708      0x140 main.o
                0x08005708                MX_TIM1_Init
 .text.MX_TIM4_Init
                0x08005848      0x14c main.o
                0x08005848                MX_TIM4_Init
 .text.MX_TIM5_Init
                0x08005994       0xd8 main.o
                0x08005994                MX_TIM5_Init
 .text.MX_TIM6_Init
                0x08005a6c       0x70 main.o
                0x08005a6c                MX_TIM6_Init
 .text.MX_TIM7_Init
                0x08005adc       0x54 main.o
                0x08005adc                MX_TIM7_Init
 .text.MX_TIM16_Init
                0x08005b30       0x70 main.o
                0x08005b30                MX_TIM16_Init
 .text.MX_TIM17_Init
                0x08005ba0       0x70 main.o
                0x08005ba0                MX_TIM17_Init
 .text.MX_TIM23_Init
                0x08005c10       0xa4 main.o
                0x08005c10                MX_TIM23_Init
 .text.MX_TIM24_Init
                0x08005cb4       0xa4 main.o
                0x08005cb4                MX_TIM24_Init
 .text.MX_USART1_UART_Init
                0x08005d58      0x138 main.o
                0x08005d58                MX_USART1_UART_Init
 .text.MX_USART3_UART_Init
                0x08005e90      0x13c main.o
                0x08005e90                MX_USART3_UART_Init
 .text.MX_USB_OTG_HS_USB_Init
                0x08005fcc        0xe main.o
                0x08005fcc                MX_USB_OTG_HS_USB_Init
 .text.MX_DMA_Init
                0x08005fda       0x4e main.o
                0x08005fda                MX_DMA_Init
 .text.MX_GPIO_Init
                0x08006028      0x394 main.o
                0x08006028                MX_GPIO_Init
 .text.HAL_TIM_PeriodElapsedCallback
                0x080063bc       0x1e main.o
                0x080063bc                HAL_TIM_PeriodElapsedCallback
 .text.Error_Handler
                0x080063da        0xa main.o
                0x080063da                Error_Handler
 .text.NMI_Handler
                0x080063e4        0x6 stm32h7xx_it.o
                0x080063e4                NMI_Handler
 .text.HardFault_Handler
                0x080063ea        0x6 stm32h7xx_it.o
                0x080063ea                HardFault_Handler
 .text.MemManage_Handler
                0x080063f0        0x6 stm32h7xx_it.o
                0x080063f0                MemManage_Handler
 .text.BusFault_Handler
                0x080063f6        0x6 stm32h7xx_it.o
                0x080063f6                BusFault_Handler
 .text.UsageFault_Handler
                0x080063fc        0x6 stm32h7xx_it.o
                0x080063fc                UsageFault_Handler
 .text.DebugMon_Handler
                0x08006402        0xe stm32h7xx_it.o
                0x08006402                DebugMon_Handler
 .text.DMA1_Stream0_IRQHandler
                0x08006410        0xe stm32h7xx_it.o
                0x08006410                DMA1_Stream0_IRQHandler
 .text.DMA1_Stream1_IRQHandler
                0x0800641e        0xe stm32h7xx_it.o
                0x0800641e                DMA1_Stream1_IRQHandler
 .text.TIM2_IRQHandler
                0x0800642c       0x14 stm32h7xx_it.o
                0x0800642c                TIM2_IRQHandler
 .text.TIM16_IRQHandler
                0x08006440        0xe stm32h7xx_it.o
                0x08006440                TIM16_IRQHandler
 .text.TIM17_IRQHandler
                0x0800644e        0xe stm32h7xx_it.o
                0x0800644e                TIM17_IRQHandler
 .text.TIM23_IRQHandler
                0x0800645c       0x14 stm32h7xx_it.o
                0x0800645c                TIM23_IRQHandler
 .text.TIM24_IRQHandler
                0x08006470       0x14 stm32h7xx_it.o
                0x08006470                TIM24_IRQHandler
 .text.LL_RCC_SetClockSource
                0x08006484       0x54 stm32h7xx_hal_msp.o
 .text.LL_RCC_SetSAIClockSource
                0x080064d8       0x16 stm32h7xx_hal_msp.o
 *fill*         0x080064ee        0x2 
 .text.LL_RCC_SetOSPIClockSource
                0x080064f0       0x28 stm32h7xx_hal_msp.o
 .text.LL_RCC_SetFDCANClockSource
                0x08006518       0x28 stm32h7xx_hal_msp.o
 .text.HAL_MspInit
                0x08006540       0x3c stm32h7xx_hal_msp.o
                0x08006540                HAL_MspInit
 .text.HAL_ETH_MspInit
                0x0800657c      0x158 stm32h7xx_hal_msp.o
                0x0800657c                HAL_ETH_MspInit
 .text.HAL_FDCAN_MspInit
                0x080066d4      0x148 stm32h7xx_hal_msp.o
                0x080066d4                HAL_FDCAN_MspInit
 .text.HAL_FDCAN_MspDeInit
                0x0800681c       0x9c stm32h7xx_hal_msp.o
                0x0800681c                HAL_FDCAN_MspDeInit
 .text.HAL_LTDC_MspInit
                0x080068b8      0x26c stm32h7xx_hal_msp.o
                0x080068b8                HAL_LTDC_MspInit
 .text.HAL_OSPI_MspInit
                0x08006b24      0x2e4 stm32h7xx_hal_msp.o
                0x08006b24                HAL_OSPI_MspInit
 .text.HAL_TIM_Base_MspInit
                0x08006e08       0xbc stm32h7xx_hal_msp.o
                0x08006e08                HAL_TIM_Base_MspInit
 .text.HAL_SAI_MspInit
                0x08006ec4       0xf0 stm32h7xx_hal_msp.o
                0x08006ec4                HAL_SAI_MspInit
 .text.HAL_InitTick
                0x08006fb4       0xd4 stm32h7xx_hal_timebase_tim.o
                0x08006fb4                HAL_InitTick
 .text.LL_EXTI_EnableIT_0_31
                0x08007088       0x28 stm32h7xx_ll_exti.o
 .text.LL_EXTI_EnableIT_32_63
                0x080070b0       0x28 stm32h7xx_ll_exti.o
 .text.LL_EXTI_EnableIT_64_95
                0x080070d8       0x28 stm32h7xx_ll_exti.o
 .text.LL_EXTI_DisableIT_0_31
                0x08007100       0x2a stm32h7xx_ll_exti.o
 .text.LL_EXTI_DisableIT_32_63
                0x0800712a       0x2a stm32h7xx_ll_exti.o
 .text.LL_EXTI_DisableIT_64_95
                0x08007154       0x2a stm32h7xx_ll_exti.o
 .text.LL_EXTI_EnableEvent_0_31
                0x0800717e       0x28 stm32h7xx_ll_exti.o
 .text.LL_EXTI_EnableEvent_32_63
                0x080071a6       0x28 stm32h7xx_ll_exti.o
 .text.LL_EXTI_EnableEvent_64_95
                0x080071ce       0x28 stm32h7xx_ll_exti.o
 .text.LL_EXTI_DisableEvent_0_31
                0x080071f6       0x2a stm32h7xx_ll_exti.o
 .text.LL_EXTI_DisableEvent_32_63
                0x08007220       0x2a stm32h7xx_ll_exti.o
 .text.LL_EXTI_DisableEvent_64_95
                0x0800724a       0x2a stm32h7xx_ll_exti.o
 .text.LL_EXTI_EnableRisingTrig_0_31
                0x08007274       0x24 stm32h7xx_ll_exti.o
 .text.LL_EXTI_EnableRisingTrig_32_63
                0x08007298       0x24 stm32h7xx_ll_exti.o
 .text.LL_EXTI_EnableRisingTrig_64_95
                0x080072bc       0x24 stm32h7xx_ll_exti.o
 .text.LL_EXTI_DisableRisingTrig_0_31
                0x080072e0       0x26 stm32h7xx_ll_exti.o
 .text.LL_EXTI_DisableRisingTrig_32_63
                0x08007306       0x26 stm32h7xx_ll_exti.o
 .text.LL_EXTI_DisableRisingTrig_64_95
                0x0800732c       0x26 stm32h7xx_ll_exti.o
 .text.LL_EXTI_EnableFallingTrig_0_31
                0x08007352       0x24 stm32h7xx_ll_exti.o
 .text.LL_EXTI_EnableFallingTrig_32_63
                0x08007376       0x24 stm32h7xx_ll_exti.o
 .text.LL_EXTI_EnableFallingTrig_64_95
                0x0800739a       0x24 stm32h7xx_ll_exti.o
 .text.LL_EXTI_DisableFallingTrig_0_31
                0x080073be       0x26 stm32h7xx_ll_exti.o
 .text.LL_EXTI_DisableFallingTrig_32_63
                0x080073e4       0x26 stm32h7xx_ll_exti.o
 .text.LL_EXTI_DisableFallingTrig_64_95
                0x0800740a       0x26 stm32h7xx_ll_exti.o
 .text.LL_EXTI_Init
                0x08007430      0x272 stm32h7xx_ll_exti.o
                0x08007430                LL_EXTI_Init
 .text.LL_GPIO_SetPinMode
                0x080076a2       0x40 stm32h7xx_ll_gpio.o
 .text.LL_GPIO_SetPinOutputType
                0x080076e2       0x30 stm32h7xx_ll_gpio.o
 .text.LL_GPIO_SetPinSpeed
                0x08007712       0x40 stm32h7xx_ll_gpio.o
 .text.LL_GPIO_SetPinPull
                0x08007752       0x40 stm32h7xx_ll_gpio.o
 .text.LL_GPIO_SetAFPin_0_7
                0x08007792       0x58 stm32h7xx_ll_gpio.o
 .text.LL_GPIO_SetAFPin_8_15
                0x080077ea       0x6c stm32h7xx_ll_gpio.o
 .text.LL_GPIO_Init
                0x08007856       0xdc stm32h7xx_ll_gpio.o
                0x08007856                LL_GPIO_Init
 .text.LL_ADC_REG_SetSequencerLength
                0x08007932       0x26 stm32h7xx_ll_adc.o
 .text.LL_ADC_IsEnabled
                0x08007958       0x26 stm32h7xx_ll_adc.o
 *fill*         0x0800797e        0x2 
 .text.LL_ADC_CommonInit
                0x08007980       0xb0 stm32h7xx_ll_adc.o
                0x08007980                LL_ADC_CommonInit
 .text.LL_ADC_Init
                0x08007a30       0xb0 stm32h7xx_ll_adc.o
                0x08007a30                LL_ADC_Init
 .text.LL_ADC_REG_Init
                0x08007ae0       0x94 stm32h7xx_ll_adc.o
                0x08007ae0                LL_ADC_REG_Init
 .text.LL_RCC_HSE_IsReady
                0x08007b74       0x28 stm32h7xx_ll_rcc.o
 .text.LL_RCC_HSI_IsReady
                0x08007b9c       0x24 stm32h7xx_ll_rcc.o
 .text.LL_RCC_HSI_GetDivider
                0x08007bc0       0x1c stm32h7xx_ll_rcc.o
 .text.LL_RCC_CSI_IsReady
                0x08007bdc       0x28 stm32h7xx_ll_rcc.o
 .text.LL_RCC_LSE_IsReady
                0x08007c04       0x24 stm32h7xx_ll_rcc.o
 .text.LL_RCC_GetSysClkSource
                0x08007c28       0x1c stm32h7xx_ll_rcc.o
 .text.LL_RCC_GetSysPrescaler
                0x08007c44       0x1c stm32h7xx_ll_rcc.o
 .text.LL_RCC_GetAHBPrescaler
                0x08007c60       0x1c stm32h7xx_ll_rcc.o
 .text.LL_RCC_GetAPB1Prescaler
                0x08007c7c       0x1c stm32h7xx_ll_rcc.o
 .text.LL_RCC_GetAPB2Prescaler
                0x08007c98       0x1c stm32h7xx_ll_rcc.o
 .text.LL_RCC_GetClockSource
                0x08007cb4       0x4c stm32h7xx_ll_rcc.o
 .text.LL_RCC_GetUSARTClockSource
                0x08007d00       0x18 stm32h7xx_ll_rcc.o
 .text.LL_RCC_PLL_GetSource
                0x08007d18       0x1c stm32h7xx_ll_rcc.o
 .text.LL_RCC_PLL1P_IsEnabled
                0x08007d34       0x28 stm32h7xx_ll_rcc.o
 .text.LL_RCC_PLL1Q_IsEnabled
                0x08007d5c       0x28 stm32h7xx_ll_rcc.o
 .text.LL_RCC_PLL1R_IsEnabled
                0x08007d84       0x28 stm32h7xx_ll_rcc.o
 .text.LL_RCC_PLL1FRACN_IsEnabled
                0x08007dac       0x24 stm32h7xx_ll_rcc.o
 .text.LL_RCC_PLL1_GetN
                0x08007dd0       0x1c stm32h7xx_ll_rcc.o
 .text.LL_RCC_PLL1_GetM
                0x08007dec       0x1c stm32h7xx_ll_rcc.o
 .text.LL_RCC_PLL1_GetP
                0x08007e08       0x20 stm32h7xx_ll_rcc.o
 .text.LL_RCC_PLL1_GetQ
                0x08007e28       0x20 stm32h7xx_ll_rcc.o
 .text.LL_RCC_PLL1_GetR
                0x08007e48       0x20 stm32h7xx_ll_rcc.o
 .text.LL_RCC_PLL1_GetFRACN
                0x08007e68       0x1c stm32h7xx_ll_rcc.o
 .text.LL_RCC_PLL2_IsReady
                0x08007e84       0x28 stm32h7xx_ll_rcc.o
 .text.LL_RCC_PLL2P_IsEnabled
                0x08007eac       0x28 stm32h7xx_ll_rcc.o
 .text.LL_RCC_PLL2Q_IsEnabled
                0x08007ed4       0x28 stm32h7xx_ll_rcc.o
 .text.LL_RCC_PLL2R_IsEnabled
                0x08007efc       0x28 stm32h7xx_ll_rcc.o
 .text.LL_RCC_PLL2FRACN_IsEnabled
                0x08007f24       0x24 stm32h7xx_ll_rcc.o
 .text.LL_RCC_PLL2_GetN
                0x08007f48       0x1c stm32h7xx_ll_rcc.o
 .text.LL_RCC_PLL2_GetM
                0x08007f64       0x1c stm32h7xx_ll_rcc.o
 .text.LL_RCC_PLL2_GetP
                0x08007f80       0x20 stm32h7xx_ll_rcc.o
 .text.LL_RCC_PLL2_GetQ
                0x08007fa0       0x20 stm32h7xx_ll_rcc.o
 .text.LL_RCC_PLL2_GetR
                0x08007fc0       0x20 stm32h7xx_ll_rcc.o
 .text.LL_RCC_PLL2_GetFRACN
                0x08007fe0       0x1c stm32h7xx_ll_rcc.o
 .text.LL_RCC_PLL3_IsReady
                0x08007ffc       0x28 stm32h7xx_ll_rcc.o
 .text.LL_RCC_PLL3P_IsEnabled
                0x08008024       0x28 stm32h7xx_ll_rcc.o
 .text.LL_RCC_PLL3Q_IsEnabled
                0x0800804c       0x28 stm32h7xx_ll_rcc.o
 .text.LL_RCC_PLL3R_IsEnabled
                0x08008074       0x28 stm32h7xx_ll_rcc.o
 .text.LL_RCC_PLL3FRACN_IsEnabled
                0x0800809c       0x28 stm32h7xx_ll_rcc.o
 .text.LL_RCC_PLL3_GetN
                0x080080c4       0x1c stm32h7xx_ll_rcc.o
 .text.LL_RCC_PLL3_GetM
                0x080080e0       0x1c stm32h7xx_ll_rcc.o
 .text.LL_RCC_PLL3_GetP
                0x080080fc       0x20 stm32h7xx_ll_rcc.o
 .text.LL_RCC_PLL3_GetQ
                0x0800811c       0x20 stm32h7xx_ll_rcc.o
 .text.LL_RCC_PLL3_GetR
                0x0800813c       0x20 stm32h7xx_ll_rcc.o
 .text.LL_RCC_PLL3_GetFRACN
                0x0800815c       0x1c stm32h7xx_ll_rcc.o
 .text.LL_RCC_GetPLL1ClockFreq
                0x08008178      0x130 stm32h7xx_ll_rcc.o
                0x08008178                LL_RCC_GetPLL1ClockFreq
 .text.LL_RCC_GetPLL2ClockFreq
                0x080082a8      0x130 stm32h7xx_ll_rcc.o
                0x080082a8                LL_RCC_GetPLL2ClockFreq
 .text.LL_RCC_GetPLL3ClockFreq
                0x080083d8      0x134 stm32h7xx_ll_rcc.o
                0x080083d8                LL_RCC_GetPLL3ClockFreq
 .text.LL_RCC_CalcPLLClockFreq
                0x0800850c       0x80 stm32h7xx_ll_rcc.o
                0x0800850c                LL_RCC_CalcPLLClockFreq
 .text.LL_RCC_GetUSARTClockFreq
                0x0800858c      0x1dc stm32h7xx_ll_rcc.o
                0x0800858c                LL_RCC_GetUSARTClockFreq
 .text.RCC_GetSystemClockFreq
                0x08008768       0xc4 stm32h7xx_ll_rcc.o
 .text.RCC_GetHCLKClockFreq
                0x0800882c       0x2c stm32h7xx_ll_rcc.o
 .text.RCC_GetPCLK1ClockFreq
                0x08008858       0x30 stm32h7xx_ll_rcc.o
 .text.RCC_GetPCLK2ClockFreq
                0x08008888       0x30 stm32h7xx_ll_rcc.o
 .text.LL_SetSystemCoreClock
                0x080088b8       0x20 stm32h7xx_ll_utils.o
                0x080088b8                LL_SetSystemCoreClock
 .text.HAL_RCC_GetSysClockFreq
                0x080088d8      0x2f4 stm32h7xx_hal_rcc.o
                0x080088d8                HAL_RCC_GetSysClockFreq
 .text.HAL_RCC_GetHCLKFreq
                0x08008bcc       0x60 stm32h7xx_hal_rcc.o
                0x08008bcc                HAL_RCC_GetHCLKFreq
 .text.HAL_RCC_GetPCLK1Freq
                0x08008c2c       0x2c stm32h7xx_hal_rcc.o
                0x08008c2c                HAL_RCC_GetPCLK1Freq
 .text.HAL_RCC_GetClockConfig
                0x08008c58       0x84 stm32h7xx_hal_rcc.o
                0x08008c58                HAL_RCC_GetClockConfig
 .text.HAL_RCCEx_GetPeriphCLKFreq
                0x08008cdc      0x84c stm32h7xx_hal_rcc_ex.o
                0x08008cdc                HAL_RCCEx_GetPeriphCLKFreq
 .text.HAL_RCCEx_GetD3PCLK1Freq
                0x08009528       0x2c stm32h7xx_hal_rcc_ex.o
                0x08009528                HAL_RCCEx_GetD3PCLK1Freq
 .text.HAL_RCCEx_GetPLL2ClockFreq
                0x08009554      0x2a8 stm32h7xx_hal_rcc_ex.o
                0x08009554                HAL_RCCEx_GetPLL2ClockFreq
 .text.HAL_RCCEx_GetPLL3ClockFreq
                0x080097fc      0x2a8 stm32h7xx_hal_rcc_ex.o
                0x080097fc                HAL_RCCEx_GetPLL3ClockFreq
 .text.HAL_RCCEx_GetPLL1ClockFreq
                0x08009aa4      0x2a4 stm32h7xx_hal_rcc_ex.o
                0x08009aa4                HAL_RCCEx_GetPLL1ClockFreq
 .text.HAL_GPIO_Init
                0x08009d48      0x350 stm32h7xx_hal_gpio.o
                0x08009d48                HAL_GPIO_Init
 .text.HAL_GPIO_DeInit
                0x0800a098      0x204 stm32h7xx_hal_gpio.o
                0x0800a098                HAL_GPIO_DeInit
 .text.__NVIC_SetPriorityGrouping
                0x0800a29c       0x48 stm32h7xx_hal_cortex.o
 .text.__NVIC_GetPriorityGrouping
                0x0800a2e4       0x1c stm32h7xx_hal_cortex.o
 .text.__NVIC_EnableIRQ
                0x0800a300       0x3c stm32h7xx_hal_cortex.o
 .text.__NVIC_DisableIRQ
                0x0800a33c       0x48 stm32h7xx_hal_cortex.o
 .text.__NVIC_SetPriority
                0x0800a384       0x54 stm32h7xx_hal_cortex.o
 .text.NVIC_EncodePriority
                0x0800a3d8       0x66 stm32h7xx_hal_cortex.o
 .text.HAL_NVIC_SetPriorityGrouping
                0x0800a43e       0x16 stm32h7xx_hal_cortex.o
                0x0800a43e                HAL_NVIC_SetPriorityGrouping
 .text.HAL_NVIC_SetPriority
                0x0800a454       0x34 stm32h7xx_hal_cortex.o
                0x0800a454                HAL_NVIC_SetPriority
 .text.HAL_NVIC_EnableIRQ
                0x0800a488       0x1c stm32h7xx_hal_cortex.o
                0x0800a488                HAL_NVIC_EnableIRQ
 .text.HAL_NVIC_DisableIRQ
                0x0800a4a4       0x1c stm32h7xx_hal_cortex.o
                0x0800a4a4                HAL_NVIC_DisableIRQ
 .text.HAL_Init
                0x0800a4c0       0x78 stm32h7xx_hal.o
                0x0800a4c0                HAL_Init
 .text.HAL_IncTick
                0x0800a538       0x28 stm32h7xx_hal.o
                0x0800a538                HAL_IncTick
 .text.HAL_GetTick
                0x0800a560       0x18 stm32h7xx_hal.o
                0x0800a560                HAL_GetTick
 .text.HAL_SYSCFG_ETHInterfaceSelect
                0x0800a578       0x28 stm32h7xx_hal.o
                0x0800a578                HAL_SYSCFG_ETHInterfaceSelect
 .text.LL_DAC_IsEnabled
                0x0800a5a0       0x3e stm32h7xx_ll_dac.o
 .text.LL_DAC_Init
                0x0800a5de       0xca stm32h7xx_ll_dac.o
                0x0800a5de                LL_DAC_Init
 .text.HAL_ETH_Init
                0x0800a6a8      0x1b8 stm32h7xx_hal_eth.o
                0x0800a6a8                HAL_ETH_Init
 .text.ETH_SetMACConfig
                0x0800a860      0x238 stm32h7xx_hal_eth.o
 .text.ETH_SetDMAConfig
                0x0800aa98      0x10c stm32h7xx_hal_eth.o
 .text.ETH_MACDMAConfig
                0x0800aba4      0x13a stm32h7xx_hal_eth.o
 *fill*         0x0800acde        0x2 
 .text.ETH_MAC_MDIO_ClkConfig
                0x0800ace0       0xb0 stm32h7xx_hal_eth.o
 .text.ETH_DMATxDescListInit
                0x0800ad90       0x92 stm32h7xx_hal_eth.o
 .text.ETH_DMARxDescListInit
                0x0800ae22       0xbc stm32h7xx_hal_eth.o
 *fill*         0x0800aede        0x2 
 .text.HAL_FDCAN_Init
                0x0800aee0      0x3bc stm32h7xx_hal_fdcan.o
                0x0800aee0                HAL_FDCAN_Init
 .text.HAL_FDCAN_DeInit
                0x0800b29c       0x48 stm32h7xx_hal_fdcan.o
                0x0800b29c                HAL_FDCAN_DeInit
 .text.HAL_FDCAN_ConfigGlobalFilter
                0x0800b2e4       0x5a stm32h7xx_hal_fdcan.o
                0x0800b2e4                HAL_FDCAN_ConfigGlobalFilter
 .text.HAL_FDCAN_Start
                0x0800b33e       0x56 stm32h7xx_hal_fdcan.o
                0x0800b33e                HAL_FDCAN_Start
 .text.HAL_FDCAN_Stop
                0x0800b394       0xee stm32h7xx_hal_fdcan.o
                0x0800b394                HAL_FDCAN_Stop
 .text.HAL_FDCAN_AddMessageToTxFifoQ
                0x0800b482       0xb6 stm32h7xx_hal_fdcan.o
                0x0800b482                HAL_FDCAN_AddMessageToTxFifoQ
 .text.HAL_FDCAN_GetRxMessage
                0x0800b538      0x2dc stm32h7xx_hal_fdcan.o
                0x0800b538                HAL_FDCAN_GetRxMessage
 .text.HAL_FDCAN_IsRxBufferMessageAvailable
                0x0800b814       0x8c stm32h7xx_hal_fdcan.o
                0x0800b814                HAL_FDCAN_IsRxBufferMessageAvailable
 .text.HAL_FDCAN_GetRxFifoFillLevel
                0x0800b8a0       0x3c stm32h7xx_hal_fdcan.o
                0x0800b8a0                HAL_FDCAN_GetRxFifoFillLevel
 .text.HAL_FDCAN_GetTxFifoFreeLevel
                0x0800b8dc       0x24 stm32h7xx_hal_fdcan.o
                0x0800b8dc                HAL_FDCAN_GetTxFifoFreeLevel
 .text.HAL_FDCAN_ConfigInterruptLines
                0x0800b900       0x6c stm32h7xx_hal_fdcan.o
                0x0800b900                HAL_FDCAN_ConfigInterruptLines
 .text.HAL_FDCAN_ActivateNotification
                0x0800b96c       0xf4 stm32h7xx_hal_fdcan.o
                0x0800b96c                HAL_FDCAN_ActivateNotification
 .text.FDCAN_CalcultateRamBlockAddresses
                0x0800ba60      0x30c stm32h7xx_hal_fdcan.o
 .text.FDCAN_CopyMessageToRAM
                0x0800bd6c       0xfc stm32h7xx_hal_fdcan.o
 .text.LL_I2C_Enable
                0x0800be68       0x20 stm32h7xx_ll_i2c.o
 .text.LL_I2C_Disable
                0x0800be88       0x20 stm32h7xx_ll_i2c.o
 .text.LL_I2C_ConfigFilters
                0x0800bea8       0x2e stm32h7xx_ll_i2c.o
 *fill*         0x0800bed6        0x2 
 .text.LL_I2C_SetOwnAddress1
                0x0800bed8       0x30 stm32h7xx_ll_i2c.o
 .text.LL_I2C_EnableOwnAddress1
                0x0800bf08       0x20 stm32h7xx_ll_i2c.o
 .text.LL_I2C_DisableOwnAddress1
                0x0800bf28       0x20 stm32h7xx_ll_i2c.o
 .text.LL_I2C_SetTiming
                0x0800bf48       0x1c stm32h7xx_ll_i2c.o
 .text.LL_I2C_SetMode
                0x0800bf64       0x26 stm32h7xx_ll_i2c.o
 .text.LL_I2C_AcknowledgeNextData
                0x0800bf8a       0x26 stm32h7xx_ll_i2c.o
 .text.LL_I2C_Init
                0x0800bfb0       0x78 stm32h7xx_ll_i2c.o
                0x0800bfb0                LL_I2C_Init
 .text.HAL_LTDC_Init
                0x0800c028      0x1a0 stm32h7xx_hal_ltdc.o
                0x0800c028                HAL_LTDC_Init
 .text.HAL_LTDC_ConfigLayer
                0x0800c1c8       0x7c stm32h7xx_hal_ltdc.o
                0x0800c1c8                HAL_LTDC_ConfigLayer
 .text.LTDC_SetConfig
                0x0800c244      0x334 stm32h7xx_hal_ltdc.o
 .text.HAL_OSPI_Init
                0x0800c578      0x17c stm32h7xx_hal_ospi.o
                0x0800c578                HAL_OSPI_Init
 .text.HAL_OSPI_HyperbusCfg
                0x0800c6f4       0x7e stm32h7xx_hal_ospi.o
                0x0800c6f4                HAL_OSPI_HyperbusCfg
 .text.HAL_OSPI_SetTimeout
                0x0800c772       0x1e stm32h7xx_hal_ospi.o
                0x0800c772                HAL_OSPI_SetTimeout
 .text.HAL_OSPIM_Config
                0x0800c790      0x9d0 stm32h7xx_hal_ospi.o
                0x0800c790                HAL_OSPIM_Config
 .text.OSPI_WaitFlagStateUntilTimeout
                0x0800d160       0x6e stm32h7xx_hal_ospi.o
 *fill*         0x0800d1ce        0x2 
 .text.OSPIM_GetConfig
                0x0800d1d0      0x174 stm32h7xx_hal_ospi.o
 .text.HAL_SAI_Init
                0x0800d344      0x428 stm32h7xx_hal_sai.o
                0x0800d344                HAL_SAI_Init
 .text.SAI_Disable
                0x0800d76c       0x74 stm32h7xx_hal_sai.o
 .text.HAL_TIM_Base_Init
                0x0800d7e0       0xae stm32h7xx_hal_tim.o
                0x0800d7e0                HAL_TIM_Base_Init
 *fill*         0x0800d88e        0x2 
 .text.HAL_TIM_Base_Start_IT
                0x0800d890      0x10c stm32h7xx_hal_tim.o
                0x0800d890                HAL_TIM_Base_Start_IT
 .text.HAL_TIM_IRQHandler
                0x0800d99c      0x23e stm32h7xx_hal_tim.o
                0x0800d99c                HAL_TIM_IRQHandler
 .text.HAL_TIM_SlaveConfigSynchro
                0x0800dbda       0x84 stm32h7xx_hal_tim.o
                0x0800dbda                HAL_TIM_SlaveConfigSynchro
 .text.HAL_TIM_OC_DelayElapsedCallback
                0x0800dc5e       0x14 stm32h7xx_hal_tim.o
                0x0800dc5e                HAL_TIM_OC_DelayElapsedCallback
 .text.HAL_TIM_IC_CaptureCallback
                0x0800dc72       0x14 stm32h7xx_hal_tim.o
                0x0800dc72                HAL_TIM_IC_CaptureCallback
 .text.HAL_TIM_PWM_PulseFinishedCallback
                0x0800dc86       0x14 stm32h7xx_hal_tim.o
                0x0800dc86                HAL_TIM_PWM_PulseFinishedCallback
 .text.HAL_TIM_TriggerCallback
                0x0800dc9a       0x14 stm32h7xx_hal_tim.o
                0x0800dc9a                HAL_TIM_TriggerCallback
 *fill*         0x0800dcae        0x2 
 .text.TIM_Base_SetConfig
                0x0800dcb0      0x14c stm32h7xx_hal_tim.o
                0x0800dcb0                TIM_Base_SetConfig
 .text.TIM_SlaveTimer_SetConfig
                0x0800ddfc      0x1d4 stm32h7xx_hal_tim.o
 .text.TIM_TI1_ConfigInputStage
                0x0800dfd0       0x5e stm32h7xx_hal_tim.o
 .text.TIM_TI2_ConfigInputStage
                0x0800e02e       0x60 stm32h7xx_hal_tim.o
 .text.TIM_ETR_SetConfig
                0x0800e08e       0x40 stm32h7xx_hal_tim.o
                0x0800e08e                TIM_ETR_SetConfig
 *fill*         0x0800e0ce        0x2 
 .text.HAL_TIMEx_MasterConfigSynchronization
                0x0800e0d0      0x138 stm32h7xx_hal_tim_ex.o
                0x0800e0d0                HAL_TIMEx_MasterConfigSynchronization
 .text.HAL_TIMEx_CommutCallback
                0x0800e208       0x14 stm32h7xx_hal_tim_ex.o
                0x0800e208                HAL_TIMEx_CommutCallback
 .text.HAL_TIMEx_BreakCallback
                0x0800e21c       0x14 stm32h7xx_hal_tim_ex.o
                0x0800e21c                HAL_TIMEx_BreakCallback
 .text.HAL_TIMEx_Break2Callback
                0x0800e230       0x14 stm32h7xx_hal_tim_ex.o
                0x0800e230                HAL_TIMEx_Break2Callback
 .text.LL_TIM_SetPrescaler
                0x0800e244       0x1c stm32h7xx_ll_tim.o
 .text.LL_TIM_SetAutoReload
                0x0800e260       0x1c stm32h7xx_ll_tim.o
 .text.LL_TIM_SetRepetitionCounter
                0x0800e27c       0x1c stm32h7xx_ll_tim.o
 .text.LL_TIM_OC_SetCompareCH1
                0x0800e298       0x1c stm32h7xx_ll_tim.o
 .text.LL_TIM_OC_SetCompareCH2
                0x0800e2b4       0x1c stm32h7xx_ll_tim.o
 .text.LL_TIM_OC_SetCompareCH3
                0x0800e2d0       0x1c stm32h7xx_ll_tim.o
 .text.LL_TIM_OC_SetCompareCH4
                0x0800e2ec       0x1c stm32h7xx_ll_tim.o
 .text.LL_TIM_OC_SetCompareCH5
                0x0800e308       0x20 stm32h7xx_ll_tim.o
 .text.LL_TIM_OC_SetCompareCH6
                0x0800e328       0x1c stm32h7xx_ll_tim.o
 .text.LL_TIM_GenerateEvent_UPDATE
                0x0800e344       0x20 stm32h7xx_ll_tim.o
 .text.LL_TIM_Init
                0x0800e364      0x140 stm32h7xx_ll_tim.o
                0x0800e364                LL_TIM_Init
 .text.LL_TIM_OC_Init
                0x0800e4a4       0xbe stm32h7xx_ll_tim.o
                0x0800e4a4                LL_TIM_OC_Init
 *fill*         0x0800e562        0x2 
 .text.LL_TIM_BDTR_Init
                0x0800e564      0x110 stm32h7xx_ll_tim.o
                0x0800e564                LL_TIM_BDTR_Init
 .text.OC1Config
                0x0800e674      0x100 stm32h7xx_ll_tim.o
 .text.OC2Config
                0x0800e774      0x108 stm32h7xx_ll_tim.o
 .text.OC3Config
                0x0800e87c      0x108 stm32h7xx_ll_tim.o
 .text.OC4Config
                0x0800e984       0xd8 stm32h7xx_ll_tim.o
 .text.OC5Config
                0x0800ea5c       0xc8 stm32h7xx_ll_tim.o
 .text.OC6Config
                0x0800eb24       0xc8 stm32h7xx_ll_tim.o
 .text.LL_USART_IsEnabled
                0x0800ebec       0x26 stm32h7xx_ll_usart.o
 .text.LL_USART_SetPrescaler
                0x0800ec12       0x28 stm32h7xx_ll_usart.o
 .text.LL_USART_SetStopBitsLength
                0x0800ec3a       0x26 stm32h7xx_ll_usart.o
 .text.LL_USART_SetHWFlowCtrl
                0x0800ec60       0x26 stm32h7xx_ll_usart.o
 *fill*         0x0800ec86        0x2 
 .text.LL_USART_SetBaudRate
                0x0800ec88       0xa0 stm32h7xx_ll_usart.o
 .text.LL_USART_Init
                0x0800ed28      0x184 stm32h7xx_ll_usart.o
                0x0800ed28                LL_USART_Init
 .text.vListInitialise
                0x0800eeac       0x40 list.o
                0x0800eeac                vListInitialise
 .text.vListInitialiseItem
                0x0800eeec       0x1a list.o
                0x0800eeec                vListInitialiseItem
 .text.vListInsertEnd
                0x0800ef06       0x48 list.o
                0x0800ef06                vListInsertEnd
 .text.vListInsert
                0x0800ef4e       0x72 list.o
                0x0800ef4e                vListInsert
 .text.uxListRemove
                0x0800efc0       0x54 list.o
                0x0800efc0                uxListRemove
 .text.xQueueGenericReset
                0x0800f014       0xd0 queue.o
                0x0800f014                xQueueGenericReset
 .text.xQueueGenericCreateStatic
                0x0800f0e4       0xf0 queue.o
                0x0800f0e4                xQueueGenericCreateStatic
 .text.xQueueGenericCreate
                0x0800f1d4       0x74 queue.o
                0x0800f1d4                xQueueGenericCreate
 .text.prvInitialiseNewQueue
                0x0800f248       0x46 queue.o
 .text.xQueueCreateCountingSemaphore
                0x0800f28e       0x66 queue.o
                0x0800f28e                xQueueCreateCountingSemaphore
 .text.xQueueGenericSend
                0x0800f2f4      0x1fc queue.o
                0x0800f2f4                xQueueGenericSend
 .text.xQueueGenericSendFromISR
                0x0800f4f0      0x136 queue.o
                0x0800f4f0                xQueueGenericSendFromISR
 *fill*         0x0800f626        0x2 
 .text.xQueueReceive
                0x0800f628      0x1c0 queue.o
                0x0800f628                xQueueReceive
 .text.xQueueSemaphoreTake
                0x0800f7e8      0x218 queue.o
                0x0800f7e8                xQueueSemaphoreTake
 .text.vQueueDelete
                0x0800fa00       0x46 queue.o
                0x0800fa00                vQueueDelete
 .text.prvGetDisinheritPriorityAfterTimeout
                0x0800fa46       0x30 queue.o
 .text.prvCopyDataToQueue
                0x0800fa76       0xd4 queue.o
 .text.prvCopyDataFromQueue
                0x0800fb4a       0x4c queue.o
 .text.prvUnlockQueue
                0x0800fb96       0xa4 queue.o
 .text.prvIsQueueEmpty
                0x0800fc3a       0x2c queue.o
 .text.prvIsQueueFull
                0x0800fc66       0x30 queue.o
 *fill*         0x0800fc96        0x2 
 .text.vQueueAddToRegistry
                0x0800fc98       0x54 queue.o
                0x0800fc98                vQueueAddToRegistry
 .text.vQueueUnregisterQueue
                0x0800fcec       0x54 queue.o
                0x0800fcec                vQueueUnregisterQueue
 .text.vQueueWaitForMessageRestricted
                0x0800fd40       0x68 queue.o
                0x0800fd40                vQueueWaitForMessageRestricted
 .text.xTaskCreateStatic
                0x0800fda8       0xbe tasks.o
                0x0800fda8                xTaskCreateStatic
 .text.xTaskCreate
                0x0800fe66       0x8c tasks.o
                0x0800fe66                xTaskCreate
 *fill*         0x0800fef2        0x2 
 .text.prvInitialiseNewTask
                0x0800fef4      0x1a0 tasks.o
 .text.prvAddNewTaskToReadyList
                0x08010094       0xe0 tasks.o
 .text.vTaskDelete
                0x08010174       0xe4 tasks.o
                0x08010174                vTaskDelete
 .text.vTaskStartScheduler
                0x08010258       0xe0 tasks.o
                0x08010258                vTaskStartScheduler
 .text.vTaskSuspendAll
                0x08010338       0x1c tasks.o
                0x08010338                vTaskSuspendAll
 .text.xTaskResumeAll
                0x08010354      0x13c tasks.o
                0x08010354                xTaskResumeAll
 .text.xTaskGetTickCount
                0x08010490       0x20 tasks.o
                0x08010490                xTaskGetTickCount
 .text.xTaskIncrementTick
                0x080104b0      0x174 tasks.o
                0x080104b0                xTaskIncrementTick
 .text.vTaskSwitchContext
                0x08010624       0xc8 tasks.o
                0x08010624                vTaskSwitchContext
 .text.vTaskPlaceOnEventList
                0x080106ec       0x48 tasks.o
                0x080106ec                vTaskPlaceOnEventList
 .text.vTaskPlaceOnEventListRestricted
                0x08010734       0x58 tasks.o
                0x08010734                vTaskPlaceOnEventListRestricted
 .text.xTaskRemoveFromEventList
                0x0801078c       0xc8 tasks.o
                0x0801078c                xTaskRemoveFromEventList
 .text.vTaskInternalSetTimeOutState
                0x08010854       0x2c tasks.o
                0x08010854                vTaskInternalSetTimeOutState
 .text.xTaskCheckForTimeOut
                0x08010880       0xc4 tasks.o
                0x08010880                xTaskCheckForTimeOut
 .text.vTaskMissedYield
                0x08010944       0x18 tasks.o
                0x08010944                vTaskMissedYield
 .text.prvIdleTask
                0x0801095c       0x30 tasks.o
 .text.prvInitialiseTaskLists
                0x0801098c       0x80 tasks.o
 .text.prvCheckTasksWaitingTermination
                0x08010a0c       0x5c tasks.o
 .text.prvDeleteTCB
                0x08010a68       0x68 tasks.o
 .text.prvResetNextTaskUnblockTime
                0x08010ad0       0x40 tasks.o
 .text.xTaskGetSchedulerState
                0x08010b10       0x3c tasks.o
                0x08010b10                xTaskGetSchedulerState
 .text.xTaskPriorityInherit
                0x08010b4c       0xd0 tasks.o
                0x08010b4c                xTaskPriorityInherit
 .text.xTaskPriorityDisinherit
                0x08010c1c       0xdc tasks.o
                0x08010c1c                xTaskPriorityDisinherit
 .text.vTaskPriorityDisinheritAfterTimeout
                0x08010cf8      0x104 tasks.o
                0x08010cf8                vTaskPriorityDisinheritAfterTimeout
 .text.pvTaskIncrementMutexHeldCount
                0x08010dfc       0x28 tasks.o
                0x08010dfc                pvTaskIncrementMutexHeldCount
 .text.prvAddCurrentTaskToDelayedList
                0x08010e24       0xa8 tasks.o
 .text.xTimerCreateTimerTask
                0x08010ecc       0x90 timers.o
                0x08010ecc                xTimerCreateTimerTask
 .text.xTimerCreate
                0x08010f5c       0x42 timers.o
                0x08010f5c                xTimerCreate
 .text.prvInitialiseNewTimer
                0x08010f9e       0x76 timers.o
 .text.xTimerGenericCommand
                0x08011014       0x9c timers.o
                0x08011014                xTimerGenericCommand
 .text.prvProcessExpiredTimer
                0x080110b0       0x98 timers.o
 .text.prvTimerTask
                0x08011148       0x24 timers.o
 .text.prvProcessTimerOrBlockTask
                0x0801116c       0x9c timers.o
 .text.prvGetNextExpireTime
                0x08011208       0x48 timers.o
 .text.prvSampleTimeNow
                0x08011250       0x40 timers.o
 .text.prvInsertTimerInActiveList
                0x08011290       0x84 timers.o
 .text.prvProcessReceivedCommands
                0x08011314      0x1c4 timers.o
 .text.prvSwitchTimerLists
                0x080114d8       0xc8 timers.o
 .text.prvCheckForValidListAndQueue
                0x080115a0       0x80 timers.o
 .text.SysTick_Handler
                0x08011620       0x20 cmsis_os2.o
                0x08011620                SysTick_Handler
 .text.vApplicationGetIdleTaskMemory
                0x08011640       0x34 cmsis_os2.o
                0x08011640                vApplicationGetIdleTaskMemory
 .text.vApplicationGetTimerTaskMemory
                0x08011674       0x34 cmsis_os2.o
                0x08011674                vApplicationGetTimerTaskMemory
 .text.pvPortMalloc
                0x080116a8      0x198 heap_4.o
                0x080116a8                pvPortMalloc
 .text.vPortFree
                0x08011840       0xc4 heap_4.o
                0x08011840                vPortFree
 .text.prvHeapInit
                0x08011904       0xc4 heap_4.o
 .text.prvInsertBlockIntoFreeList
                0x080119c8       0xb4 heap_4.o
 .text.pxPortInitialiseStack
                0x08011a7c       0x68 port.o
                0x08011a7c                pxPortInitialiseStack
 .text.prvTaskExitError
                0x08011ae4       0x58 port.o
 *fill*         0x08011b3c        0x4 
 .text.SVC_Handler
                0x08011b40       0x28 port.o
                0x08011b40                SVC_Handler
 .text.prvPortStartFirstTask
                0x08011b68       0x28 port.o
 .text.xPortStartScheduler
                0x08011b90      0x144 port.o
                0x08011b90                xPortStartScheduler
 .text.vPortEnterCritical
                0x08011cd4       0x60 port.o
                0x08011cd4                vPortEnterCritical
 .text.vPortExitCritical
                0x08011d34       0x54 port.o
                0x08011d34                vPortExitCritical
 *fill*         0x08011d88        0x8 
 .text.PendSV_Handler
                0x08011d90       0x68 port.o
                0x08011d90                PendSV_Handler
 .text.xPortSysTickHandler
                0x08011df8       0x44 port.o
                0x08011df8                xPortSysTickHandler
 .text.vPortSetupTimerInterrupt
                0x08011e3c       0x48 port.o
                0x08011e3c                vPortSetupTimerInterrupt
 .text.vPortEnableVFP
                0x08011e84       0x14 port.o
 .text.vPortValidateInterruptPriority
                0x08011e98       0x80 port.o
                0x08011e98                vPortValidateInterruptPriority
 .text.SystemInit
                0x08011f18       0xf0 system_stm32h7xx.o
                0x08011f18                SystemInit
 .text.Reset_Handler
                0x08012008       0x50 startup_stm32h735igkx.o
                0x08012008                Reset_Handler
 .text.Default_Handler
                0x08012058        0x2 startup_stm32h735igkx.o
                0x08012058                RTC_Alarm_IRQHandler
                0x08012058                HASH_RNG_IRQHandler
                0x08012058                EXTI2_IRQHandler
                0x08012058                TIM8_CC_IRQHandler
                0x08012058                UART8_IRQHandler
                0x08012058                SPI4_IRQHandler
                0x08012058                FDCAN3_IT0_IRQHandler
                0x08012058                TIM1_CC_IRQHandler
                0x08012058                BDMA_Channel6_IRQHandler
                0x08012058                DMA2_Stream5_IRQHandler
                0x08012058                DMA1_Stream5_IRQHandler
                0x08012058                CORDIC_IRQHandler
                0x08012058                BDMA_Channel1_IRQHandler
                0x08012058                TAMP_STAMP_IRQHandler
                0x08012058                EXTI3_IRQHandler
                0x08012058                LPTIM4_IRQHandler
                0x08012058                TIM8_TRG_COM_TIM14_IRQHandler
                0x08012058                LPTIM2_IRQHandler
                0x08012058                DFSDM1_FLT1_IRQHandler
                0x08012058                DMAMUX2_OVR_IRQHandler
                0x08012058                TIM8_UP_TIM13_IRQHandler
                0x08012058                I2C3_ER_IRQHandler
                0x08012058                DFSDM1_FLT2_IRQHandler
                0x08012058                I2C5_EV_IRQHandler
                0x08012058                USART10_IRQHandler
                0x08012058                MDMA_IRQHandler
                0x08012058                LPTIM3_IRQHandler
                0x08012058                HSEM1_IRQHandler
                0x08012058                EXTI0_IRQHandler
                0x08012058                I2C2_EV_IRQHandler
                0x08012058                DMA1_Stream2_IRQHandler
                0x08012058                FPU_IRQHandler
                0x08012058                OTG_HS_WKUP_IRQHandler
                0x08012058                FDCAN1_IT1_IRQHandler
                0x08012058                LTDC_ER_IRQHandler
                0x08012058                DMA2_Stream2_IRQHandler
                0x08012058                SPI1_IRQHandler
                0x08012058                OCTOSPI1_IRQHandler
                0x08012058                TIM6_DAC_IRQHandler
                0x08012058                DMA2_Stream3_IRQHandler
                0x08012058                OCTOSPI2_IRQHandler
                0x08012058                DFSDM1_FLT3_IRQHandler
                0x08012058                USART6_IRQHandler
                0x08012058                USART3_IRQHandler
                0x08012058                BDMA_Channel7_IRQHandler
                0x08012058                CRYP_IRQHandler
                0x08012058                LPTIM5_IRQHandler
                0x08012058                UART5_IRQHandler
                0x08012058                ADC3_IRQHandler
                0x08012058                DMA2_Stream0_IRQHandler
                0x08012058                TIM4_IRQHandler
                0x08012058                BDMA_Channel2_IRQHandler
                0x08012058                I2C1_EV_IRQHandler
                0x08012058                DMA1_Stream6_IRQHandler
                0x08012058                DMAMUX1_OVR_IRQHandler
                0x08012058                UART4_IRQHandler
                0x08012058                BDMA_Channel5_IRQHandler
                0x08012058                TIM3_IRQHandler
                0x08012058                RCC_IRQHandler
                0x08012058                UART9_IRQHandler
                0x08012058                TIM8_BRK_TIM12_IRQHandler
                0x08012058                TIM1_TRG_COM_IRQHandler
                0x08012058                Default_Handler
                0x08012058                ECC_IRQHandler
                0x08012058                FMAC_IRQHandler
                0x08012058                CEC_IRQHandler
                0x08012058                EXTI15_10_IRQHandler
                0x08012058                BDMA_Channel0_IRQHandler
                0x08012058                ADC_IRQHandler
                0x08012058                I2C5_ER_IRQHandler
                0x08012058                OTFDEC1_IRQHandler
                0x08012058                DMA1_Stream7_IRQHandler
                0x08012058                SPI5_IRQHandler
                0x08012058                TIM7_IRQHandler
                0x08012058                FDCAN3_IT1_IRQHandler
                0x08012058                SDMMC1_IRQHandler
                0x08012058                TIM5_IRQHandler
                0x08012058                DMA2_Stream7_IRQHandler
                0x08012058                TIM15_IRQHandler
                0x08012058                PVD_AVD_IRQHandler
                0x08012058                I2C3_EV_IRQHandler
                0x08012058                EXTI9_5_IRQHandler
                0x08012058                RTC_WKUP_IRQHandler
                0x08012058                LTDC_IRQHandler
                0x08012058                ETH_WKUP_IRQHandler
                0x08012058                SPDIF_RX_IRQHandler
                0x08012058                SPI2_IRQHandler
                0x08012058                OTG_HS_EP1_IN_IRQHandler
                0x08012058                OTFDEC2_IRQHandler
                0x08012058                CRS_IRQHandler
                0x08012058                EXTI4_IRQHandler
                0x08012058                FDCAN2_IT1_IRQHandler
                0x08012058                ETH_IRQHandler
                0x08012058                TIM1_UP_IRQHandler
                0x08012058                BDMA_Channel4_IRQHandler
                0x08012058                OTG_HS_EP1_OUT_IRQHandler
                0x08012058                WWDG_IRQHandler
                0x08012058                SPI6_IRQHandler
                0x08012058                MDIOS_IRQHandler
                0x08012058                I2C4_EV_IRQHandler
                0x08012058                LPUART1_IRQHandler
                0x08012058                OTG_HS_IRQHandler
                0x08012058                DMA2D_IRQHandler
                0x08012058                TIM1_BRK_IRQHandler
                0x08012058                EXTI1_IRQHandler
                0x08012058                SDMMC2_IRQHandler
                0x08012058                BDMA_Channel3_IRQHandler
                0x08012058                DTS_IRQHandler
                0x08012058                UART7_IRQHandler
                0x08012058                MDIOS_WKUP_IRQHandler
                0x08012058                USART2_IRQHandler
                0x08012058                DFSDM1_FLT0_IRQHandler
                0x08012058                SAI4_IRQHandler
                0x08012058                I2C2_ER_IRQHandler
                0x08012058                DMA2_Stream1_IRQHandler
                0x08012058                FLASH_IRQHandler
                0x08012058                DMA2_Stream4_IRQHandler
                0x08012058                USART1_IRQHandler
                0x08012058                SPI3_IRQHandler
                0x08012058                WAKEUP_PIN_IRQHandler
                0x08012058                DMA1_Stream4_IRQHandler
                0x08012058                I2C1_ER_IRQHandler
                0x08012058                FMC_IRQHandler
                0x08012058                FDCAN_CAL_IRQHandler
                0x08012058                SWPMI1_IRQHandler
                0x08012058                COMP1_IRQHandler
                0x08012058                LPTIM1_IRQHandler
                0x08012058                DCMI_PSSI_IRQHandler
                0x08012058                I2C4_ER_IRQHandler
                0x08012058                DMA2_Stream6_IRQHandler
                0x08012058                SAI1_IRQHandler
                0x08012058                DMA1_Stream3_IRQHandler
 *fill*         0x0801205a        0x6 
 .text.fmod     0x08012060       0x50 c:/programdata/matlab/supportpackages/r2024a/3p.instrset/gnuarm-armcortex.instrset/win/bin/../lib/gcc/arm-none-eabi/11.3.1/thumb/v7e-m+dp/hard\libm.a(libm_a-w_fmod.o)
                0x08012060                fmod
 .text.floor    0x080120b0      0x110 c:/programdata/matlab/supportpackages/r2024a/3p.instrset/gnuarm-armcortex.instrset/win/bin/../lib/gcc/arm-none-eabi/11.3.1/thumb/v7e-m+dp/hard\libm.a(libm_a-s_floor.o)
                0x080120b0                floor
 .text.__ieee754_fmod
                0x080121c0      0x298 c:/programdata/matlab/supportpackages/r2024a/3p.instrset/gnuarm-armcortex.instrset/win/bin/../lib/gcc/arm-none-eabi/11.3.1/thumb/v7e-m+dp/hard\libm.a(libm_a-e_fmod.o)
                0x080121c0                __ieee754_fmod
 .text.memset   0x08012458       0x10 c:/programdata/matlab/supportpackages/r2024a/3p.instrset/gnuarm-armcortex.instrset/win/bin/../lib/gcc/arm-none-eabi/11.3.1/thumb/v7e-m+dp/hard\libc_nano.a(libc_a-memset.o)
                0x08012458                memset
 .text._reclaim_reent
                0x08012468       0xac c:/programdata/matlab/supportpackages/r2024a/3p.instrset/gnuarm-armcortex.instrset/win/bin/../lib/gcc/arm-none-eabi/11.3.1/thumb/v7e-m+dp/hard\libc_nano.a(libc_a-reent.o)
                0x08012468                _reclaim_reent
 .text.__errno  0x08012514        0xc c:/programdata/matlab/supportpackages/r2024a/3p.instrset/gnuarm-armcortex.instrset/win/bin/../lib/gcc/arm-none-eabi/11.3.1/thumb/v7e-m+dp/hard\libc_nano.a(libc_a-errno.o)
                0x08012514                __errno
 .text.__libc_init_array
                0x08012520       0x48 c:/programdata/matlab/supportpackages/r2024a/3p.instrset/gnuarm-armcortex.instrset/win/bin/../lib/gcc/arm-none-eabi/11.3.1/thumb/v7e-m+dp/hard\libc_nano.a(libc_a-init.o)
                0x08012520                __libc_init_array
 .text.__retarget_lock_acquire_recursive
                0x08012568        0x2 c:/programdata/matlab/supportpackages/r2024a/3p.instrset/gnuarm-armcortex.instrset/win/bin/../lib/gcc/arm-none-eabi/11.3.1/thumb/v7e-m+dp/hard\libc_nano.a(libc_a-lock.o)
                0x08012568                __retarget_lock_acquire_recursive
 .text.__retarget_lock_release_recursive
                0x0801256a        0x2 c:/programdata/matlab/supportpackages/r2024a/3p.instrset/gnuarm-armcortex.instrset/win/bin/../lib/gcc/arm-none-eabi/11.3.1/thumb/v7e-m+dp/hard\libc_nano.a(libc_a-lock.o)
                0x0801256a                __retarget_lock_release_recursive
 .text.memcpy   0x0801256c       0x1c c:/programdata/matlab/supportpackages/r2024a/3p.instrset/gnuarm-armcortex.instrset/win/bin/../lib/gcc/arm-none-eabi/11.3.1/thumb/v7e-m+dp/hard\libc_nano.a(libc_a-memcpy-stub.o)
                0x0801256c                memcpy
 .text._free_r  0x08012588       0x98 c:/programdata/matlab/supportpackages/r2024a/3p.instrset/gnuarm-armcortex.instrset/win/bin/../lib/gcc/arm-none-eabi/11.3.1/thumb/v7e-m+dp/hard\libc_nano.a(libc_a-freer.o)
                0x08012588                _free_r
 .text.__malloc_lock
                0x08012620        0xc c:/programdata/matlab/supportpackages/r2024a/3p.instrset/gnuarm-armcortex.instrset/win/bin/../lib/gcc/arm-none-eabi/11.3.1/thumb/v7e-m+dp/hard\libc_nano.a(libc_a-mlock.o)
                0x08012620                __malloc_lock
 .text.__malloc_unlock
                0x0801262c        0xc c:/programdata/matlab/supportpackages/r2024a/3p.instrset/gnuarm-armcortex.instrset/win/bin/../lib/gcc/arm-none-eabi/11.3.1/thumb/v7e-m+dp/hard\libc_nano.a(libc_a-mlock.o)
                0x0801262c                __malloc_unlock
 *(.glue_7)
 .glue_7        0x08012638        0x0 linker stubs
 *(.glue_7t)
 .glue_7t       0x08012638        0x0 linker stubs
 *(.eh_frame)
 .eh_frame      0x08012638        0x0 c:/programdata/matlab/supportpackages/r2024a/3p.instrset/gnuarm-armcortex.instrset/win/bin/../lib/gcc/arm-none-eabi/11.3.1/thumb/v7e-m+dp/hard/crtbegin.o
 *(.init)
 .init          0x08012638        0x4 c:/programdata/matlab/supportpackages/r2024a/3p.instrset/gnuarm-armcortex.instrset/win/bin/../lib/gcc/arm-none-eabi/11.3.1/thumb/v7e-m+dp/hard/crti.o
                0x08012638                _init
 .init          0x0801263c        0x8 c:/programdata/matlab/supportpackages/r2024a/3p.instrset/gnuarm-armcortex.instrset/win/bin/../lib/gcc/arm-none-eabi/11.3.1/thumb/v7e-m+dp/hard/crtn.o
 *(.fini)
 .fini          0x08012644        0x4 c:/programdata/matlab/supportpackages/r2024a/3p.instrset/gnuarm-armcortex.instrset/win/bin/../lib/gcc/arm-none-eabi/11.3.1/thumb/v7e-m+dp/hard/crti.o
                0x08012644                _fini
 .fini          0x08012648        0x8 c:/programdata/matlab/supportpackages/r2024a/3p.instrset/gnuarm-armcortex.instrset/win/bin/../lib/gcc/arm-none-eabi/11.3.1/thumb/v7e-m+dp/hard/crtn.o
                0x08012650                . = ALIGN (0x4)
                0x08012650                _etext = .

.vfp11_veneer   0x08012650        0x0
 .vfp11_veneer  0x08012650        0x0 linker stubs

.v4_bx          0x08012650        0x0
 .v4_bx         0x08012650        0x0 linker stubs

.iplt           0x08012650        0x0
 .iplt          0x08012650        0x0 c:/programdata/matlab/supportpackages/r2024a/3p.instrset/gnuarm-armcortex.instrset/win/bin/../lib/gcc/arm-none-eabi/11.3.1/thumb/v7e-m+dp/hard/crtbegin.o

.rodata         0x08012650      0x110
                0x08012650                . = ALIGN (0x4)
 *(.rodata)
 .rodata        0x08012650       0x13 mw_freertos_init.o
 *fill*         0x08012663        0x1 
 .rodata        0x08012664       0x4c stm32h7xx_hal_fdcan.o
 .rodata        0x080126b0        0x5 tasks.o
 *fill*         0x080126b5        0x3 
 .rodata        0x080126b8        0xd timers.o
 *(.rodata*)
 *fill*         0x080126c5        0x3 
 .rodata.Vehicle_Control_CodeGen_M
                0x080126c8        0x4 Vehicle_Control_CodeGen.o
                0x080126c8                Vehicle_Control_CodeGen_M
 .rodata.LL_DMA_STR_OFFSET_TAB
                0x080126cc        0x8 main.o
 .rodata.OFFSET_TAB_CCMRx
                0x080126d4        0x9 main.o
 *fill*         0x080126dd        0x3 
 .rodata.SHIFT_TAB_OCxx
                0x080126e0        0x9 main.o
 *fill*         0x080126e9        0x3 
 .rodata.LL_RCC_PrescTable
                0x080126ec       0x10 stm32h7xx_ll_rcc.o
                0x080126ec                LL_RCC_PrescTable
 .rodata.DLCtoBytes
                0x080126fc       0x10 stm32h7xx_hal_fdcan.o
 .rodata.USART_PRESCALER_TAB
                0x0801270c       0x30 stm32h7xx_ll_usart.o
 .rodata.D1CorePrescTable
                0x0801273c       0x10 system_stm32h7xx.o
                0x0801273c                D1CorePrescTable
 *fill*         0x0801274c        0x4 
 .rodata.Zero   0x08012750       0x10 c:/programdata/matlab/supportpackages/r2024a/3p.instrset/gnuarm-armcortex.instrset/win/bin/../lib/gcc/arm-none-eabi/11.3.1/thumb/v7e-m+dp/hard\libm.a(libm_a-e_fmod.o)
                0x08012760                . = ALIGN (0x4)

.rel.dyn        0x08012760        0x0
 .rel.iplt      0x08012760        0x0 c:/programdata/matlab/supportpackages/r2024a/3p.instrset/gnuarm-armcortex.instrset/win/bin/../lib/gcc/arm-none-eabi/11.3.1/thumb/v7e-m+dp/hard/crtbegin.o

.ARM.extab
 *(.ARM.extab* .gnu.linkonce.armextab.*)

.ARM            0x08012760        0x0
                0x08012760                __exidx_start = .
 *(.ARM.exidx*)
                0x08012760                __exidx_end = .

.preinit_array  0x08012760        0x0
                0x08012760                PROVIDE (__preinit_array_start = .)
 *(.preinit_array*)
                0x08012760                PROVIDE (__preinit_array_end = .)

.init_array     0x08012760        0x4
                0x08012760                PROVIDE (__init_array_start = .)
 *(SORT_BY_NAME(.init_array.*))
 *(.init_array*)
 .init_array    0x08012760        0x4 c:/programdata/matlab/supportpackages/r2024a/3p.instrset/gnuarm-armcortex.instrset/win/bin/../lib/gcc/arm-none-eabi/11.3.1/thumb/v7e-m+dp/hard/crtbegin.o
                0x08012764                PROVIDE (__init_array_end = .)

.fini_array     0x08012764        0x4
                [!provide]                PROVIDE (__fini_array_start = .)
 *(SORT_BY_NAME(.fini_array.*))
 *(.fini_array*)
 .fini_array    0x08012764        0x4 c:/programdata/matlab/supportpackages/r2024a/3p.instrset/gnuarm-armcortex.instrset/win/bin/../lib/gcc/arm-none-eabi/11.3.1/thumb/v7e-m+dp/hard/crtbegin.o
                [!provide]                PROVIDE (__fini_array_end = .)
                0x08012768                _sidata = LOADADDR (.data)

.data           0x24000000      0x5b4 load address 0x08012768
                0x24000000                . = ALIGN (0x4)
                0x24000000                _sdata = .
 *(.data)
 *(.data*)
 .data.runModel
                0x24000000        0x1 ert_main.o
                0x24000000                runModel
 *fill*         0x24000001        0x7 
 .data.Vehicle_Control_CodeGen_P
                0x24000008      0x538 Vehicle_Control_CodeGen_data.o
                0x24000008                Vehicle_Control_CodeGen_P
 .data.rtInf    0x24000540        0x8 rt_nonfinite.o
                0x24000540                rtInf
 .data.rtMinusInf
                0x24000548        0x8 rt_nonfinite.o
                0x24000548                rtMinusInf
 .data.uwTickPrio
                0x24000550        0x4 stm32h7xx_hal.o
                0x24000550                uwTickPrio
 .data.uwTickFreq
                0x24000554        0x1 stm32h7xx_hal.o
                0x24000554                uwTickFreq
 *fill*         0x24000555        0x3 
 .data.uxCriticalNesting
                0x24000558        0x4 port.o
 .data.SystemCoreClock
                0x2400055c        0x4 system_stm32h7xx.o
                0x2400055c                SystemCoreClock
 .data.SystemD2Clock
                0x24000560        0x4 system_stm32h7xx.o
                0x24000560                SystemD2Clock
 .data._impure_data
                0x24000564       0x4c c:/programdata/matlab/supportpackages/r2024a/3p.instrset/gnuarm-armcortex.instrset/win/bin/../lib/gcc/arm-none-eabi/11.3.1/thumb/v7e-m+dp/hard\libc_nano.a(libc_a-impure.o)
                0x24000564                _impure_data
 .data._impure_ptr
                0x240005b0        0x4 c:/programdata/matlab/supportpackages/r2024a/3p.instrset/gnuarm-armcortex.instrset/win/bin/../lib/gcc/arm-none-eabi/11.3.1/thumb/v7e-m+dp/hard\libc_nano.a(libc_a-impure.o)
                0x240005b0                _impure_ptr
 *(.RamFunc)
 *(.RamFunc*)
                0x240005b4                . = ALIGN (0x4)
                0x240005b4                _edata = .

.tm_clone_table
                0x240005b4        0x0 load address 0x08012d1c
 .tm_clone_table
                0x240005b4        0x0 c:/programdata/matlab/supportpackages/r2024a/3p.instrset/gnuarm-armcortex.instrset/win/bin/../lib/gcc/arm-none-eabi/11.3.1/thumb/v7e-m+dp/hard/crtbegin.o
 .tm_clone_table
                0x240005b4        0x0 c:/programdata/matlab/supportpackages/r2024a/3p.instrset/gnuarm-armcortex.instrset/win/bin/../lib/gcc/arm-none-eabi/11.3.1/thumb/v7e-m+dp/hard/crtend.o

.igot.plt       0x240005b4        0x0 load address 0x08012d1c
 .igot.plt      0x240005b4        0x0 c:/programdata/matlab/supportpackages/r2024a/3p.instrset/gnuarm-armcortex.instrset/win/bin/../lib/gcc/arm-none-eabi/11.3.1/thumb/v7e-m+dp/hard/crtbegin.o

.RxDecripSection
                0x240005b4       0x60 load address 0x08012d1c
 .RxDecripSection
                0x240005b4       0x60 main.o
                0x240005b4                DMARxDscrTab

.TxDecripSection
                0x24000614       0x60 load address 0x08012d7c
 .TxDecripSection
                0x24000614       0x60 main.o
                0x24000614                DMATxDscrTab
                0x24000674                . = ALIGN (0x4)

.bss            0x24000678     0x5720 load address 0x08012ddc
                0x24000678                _sbss = .
                0x24000678                __bss_start__ = _sbss
 *(.bss)
 *(.bss*)
 .bss.completed.1
                0x24000678        0x1 c:/programdata/matlab/supportpackages/r2024a/3p.instrset/gnuarm-armcortex.instrset/win/bin/../lib/gcc/arm-none-eabi/11.3.1/thumb/v7e-m+dp/hard/crtbegin.o
 *fill*         0x24000679        0x3 
 .bss.object.0  0x2400067c       0x18 c:/programdata/matlab/supportpackages/r2024a/3p.instrset/gnuarm-armcortex.instrset/win/bin/../lib/gcc/arm-none-eabi/11.3.1/thumb/v7e-m+dp/hard/crtbegin.o
 .bss.mw_fdcan1
                0x24000694        0x8 stm_fdcan_hal.o
                0x24000694                mw_fdcan1
 .bss.mw_fdcan2
                0x2400069c        0x8 stm_fdcan_hal.o
                0x2400069c                mw_fdcan2
 .bss.stopRequested
                0x240006a4        0x1 ert_main.o
                0x240006a4                stopRequested
 *fill*         0x240006a5        0x3 
 .bss.stopSem   0x240006a8        0x4 ert_main.o
                0x240006a8                stopSem
 .bss.baserateTaskSem
                0x240006ac        0x4 ert_main.o
                0x240006ac                baserateTaskSem
 .bss.subrateTaskSem
                0x240006b0        0x4 ert_main.o
                0x240006b0                subrateTaskSem
 .bss.taskId    0x240006b4        0x4 ert_main.o
                0x240006b4                taskId
 .bss.baseRateThread
                0x240006b8       0x1c ert_main.o
                0x240006b8                baseRateThread
 .bss.threadJoinStatus
                0x240006d4        0x4 ert_main.o
                0x240006d4                threadJoinStatus
 .bss.terminatingmodel
                0x240006d8        0x4 ert_main.o
                0x240006d8                terminatingmodel
 .bss.subRateThread
                0x240006dc       0x1c ert_main.o
                0x240006dc                subRateThread
 .bss.subratePriority
                0x240006f8        0x4 ert_main.o
                0x240006f8                subratePriority
 *fill*         0x240006fc        0x4 
 .bss.Vehicle_Control_CodeGen_B
                0x24000700      0x140 Vehicle_Control_CodeGen.o
                0x24000700                Vehicle_Control_CodeGen_B
 .bss.Vehicle_Control_CodeGen_DW
                0x24000840      0x280 Vehicle_Control_CodeGen.o
                0x24000840                Vehicle_Control_CodeGen_DW
 .bss.Vehicle_Control_CodeGen_M_
                0x24000ac0        0xc Vehicle_Control_CodeGen.o
 .bss.mw_scheduler_timer_def
                0x24000acc       0x20 mw_freertos_init.o
                0x24000acc                mw_scheduler_timer_def
 .bss.mw_timer_id
                0x24000aec        0x4 mw_freertos_init.o
                0x24000aec                mw_timer_id
 .bss.TxConfig  0x24000af0       0x34 main.o
                0x24000af0                TxConfig
 .bss.heth      0x24000b24       0x88 main.o
                0x24000b24                heth
 .bss.hfdcan1   0x24000bac       0xa0 main.o
                0x24000bac                hfdcan1
 .bss.hfdcan2   0x24000c4c       0xa0 main.o
                0x24000c4c                hfdcan2
 .bss.hltdc     0x24000cec       0xa8 main.o
                0x24000cec                hltdc
 .bss.hospi1    0x24000d94       0x60 main.o
                0x24000d94                hospi1
 .bss.hospi2    0x24000df4       0x60 main.o
                0x24000df4                hospi2
 .bss.hsai_BlockA1
                0x24000e54       0x98 main.o
                0x24000e54                hsai_BlockA1
 .bss.hsai_BlockB1
                0x24000eec       0x98 main.o
                0x24000eec                hsai_BlockB1
 .bss.htim6     0x24000f84       0x4c main.o
                0x24000f84                htim6
 .bss.htim23    0x24000fd0       0x4c main.o
                0x24000fd0                htim23
 .bss.htim24    0x2400101c       0x4c main.o
                0x2400101c                htim24
 .bss.HAL_RCC_FDCAN_CLK_ENABLED
                0x24001068        0x4 stm32h7xx_hal_msp.o
 .bss.HAL_RCC_OCTOSPIM_CLK_ENABLED
                0x2400106c        0x4 stm32h7xx_hal_msp.o
 .bss.SAI1_client
                0x24001070        0x4 stm32h7xx_hal_msp.o
 .bss.htim2     0x24001074       0x4c stm32h7xx_hal_timebase_tim.o
                0x24001074                htim2
 .bss.uwTick    0x240010c0        0x4 stm32h7xx_hal.o
                0x240010c0                uwTick
 .bss.xQueueRegistry
                0x240010c4       0x40 queue.o
                0x240010c4                xQueueRegistry
 .bss.pxCurrentTCB
                0x24001104        0x4 tasks.o
                0x24001104                pxCurrentTCB
 .bss.pxReadyTasksLists
                0x24001108      0x460 tasks.o
 .bss.xDelayedTaskList1
                0x24001568       0x14 tasks.o
 .bss.xDelayedTaskList2
                0x2400157c       0x14 tasks.o
 .bss.pxDelayedTaskList
                0x24001590        0x4 tasks.o
 .bss.pxOverflowDelayedTaskList
                0x24001594        0x4 tasks.o
 .bss.xPendingReadyList
                0x24001598       0x14 tasks.o
 .bss.xTasksWaitingTermination
                0x240015ac       0x14 tasks.o
 .bss.uxDeletedTasksWaitingCleanUp
                0x240015c0        0x4 tasks.o
 .bss.xSuspendedTaskList
                0x240015c4       0x14 tasks.o
 .bss.uxCurrentNumberOfTasks
                0x240015d8        0x4 tasks.o
 .bss.xTickCount
                0x240015dc        0x4 tasks.o
 .bss.uxTopReadyPriority
                0x240015e0        0x4 tasks.o
 .bss.xSchedulerRunning
                0x240015e4        0x4 tasks.o
 .bss.xPendedTicks
                0x240015e8        0x4 tasks.o
 .bss.xYieldPending
                0x240015ec        0x4 tasks.o
 .bss.xNumOfOverflows
                0x240015f0        0x4 tasks.o
 .bss.uxTaskNumber
                0x240015f4        0x4 tasks.o
 .bss.xNextTaskUnblockTime
                0x240015f8        0x4 tasks.o
 .bss.xIdleTaskHandle
                0x240015fc        0x4 tasks.o
 .bss.uxSchedulerSuspended
                0x24001600        0x4 tasks.o
 .bss.xActiveTimerList1
                0x24001604       0x14 timers.o
 .bss.xActiveTimerList2
                0x24001618       0x14 timers.o
 .bss.pxCurrentTimerList
                0x2400162c        0x4 timers.o
 .bss.pxOverflowTimerList
                0x24001630        0x4 timers.o
 .bss.xTimerQueue
                0x24001634        0x4 timers.o
 .bss.xTimerTaskHandle
                0x24001638        0x4 timers.o
 .bss.xLastTime.2
                0x2400163c        0x4 timers.o
 .bss.ucStaticTimerQueueStorage.1
                0x24001640       0xa0 timers.o
 .bss.xStaticTimerQueue.0
                0x240016e0       0x50 timers.o
 .bss.Idle_TCB.3
                0x24001730      0x180 cmsis_os2.o
 .bss.Idle_Stack.2
                0x240018b0      0x200 cmsis_os2.o
 .bss.Timer_TCB.1
                0x24001ab0      0x180 cmsis_os2.o
 .bss.Timer_Stack.0
                0x24001c30      0x400 cmsis_os2.o
 .bss.ucHeap    0x24002030     0x3c00 heap_4.o
 .bss.xStart    0x24005c30        0x8 heap_4.o
 .bss.pxEnd     0x24005c38        0x4 heap_4.o
 .bss.xFreeBytesRemaining
                0x24005c3c        0x4 heap_4.o
 .bss.xMinimumEverFreeBytesRemaining
                0x24005c40        0x4 heap_4.o
 .bss.xNumberOfSuccessfulAllocations
                0x24005c44        0x4 heap_4.o
 .bss.xNumberOfSuccessfulFrees
                0x24005c48        0x4 heap_4.o
 .bss.xBlockAllocatedBit
                0x24005c4c        0x4 heap_4.o
 .bss.ucMaxSysCallPriority
                0x24005c50        0x1 port.o
 *fill*         0x24005c51        0x3 
 .bss.ulMaxPRIGROUPValue
                0x24005c54        0x4 port.o
 .bss.__sf      0x24005c58      0x138 c:/programdata/matlab/supportpackages/r2024a/3p.instrset/gnuarm-armcortex.instrset/win/bin/../lib/gcc/arm-none-eabi/11.3.1/thumb/v7e-m+dp/hard\libc_nano.a(libc_a-findfp.o)
                0x24005c58                __sf
 .bss.__lock___malloc_recursive_mutex
                0x24005d90        0x1 c:/programdata/matlab/supportpackages/r2024a/3p.instrset/gnuarm-armcortex.instrset/win/bin/../lib/gcc/arm-none-eabi/11.3.1/thumb/v7e-m+dp/hard\libc_nano.a(libc_a-lock.o)
                0x24005d90                __lock___malloc_recursive_mutex
 *fill*         0x24005d91        0x3 
 .bss.__malloc_free_list
                0x24005d94        0x4 c:/programdata/matlab/supportpackages/r2024a/3p.instrset/gnuarm-armcortex.instrset/win/bin/../lib/gcc/arm-none-eabi/11.3.1/thumb/v7e-m+dp/hard\libc_nano.a(libc_a-mallocr.o)
                0x24005d94                __malloc_free_list
 *(COMMON)
                0x24005d98                . = ALIGN (0x4)
                0x24005d98                _ebss = .
                0x24005d98                __bss_end__ = _ebss

._user_heap_stack
                0x24005d98      0x600 load address 0x08012ddc
                0x24005d98                . = ALIGN (0x8)
                [!provide]                PROVIDE (end = .)
                0x24005d98                PROVIDE (_end = .)
                0x24005f98                . = (. + _Min_Heap_Size)
 *fill*         0x24005d98      0x200 
                0x24006398                . = (. + _Min_Stack_Size)
 *fill*         0x24005f98      0x400 
                0x24006398                . = ALIGN (0x8)

/DISCARD/
 libc.a(*)
 libm.a(*)
 libgcc.a(*)

.ARM.attributes
                0x00000000       0x2e
 *(.ARM.attributes)
 .ARM.attributes
                0x00000000       0x1e c:/programdata/matlab/supportpackages/r2024a/3p.instrset/gnuarm-armcortex.instrset/win/bin/../lib/gcc/arm-none-eabi/11.3.1/thumb/v7e-m+dp/hard/crti.o
 .ARM.attributes
                0x0000001e       0x32 c:/programdata/matlab/supportpackages/r2024a/3p.instrset/gnuarm-armcortex.instrset/win/bin/../lib/gcc/arm-none-eabi/11.3.1/thumb/v7e-m+dp/hard/crtbegin.o
 .ARM.attributes
                0x00000050       0x32 stm_fdcan_hal.o
 .ARM.attributes
                0x00000082       0x32 mw_stm32_nvic.o
 .ARM.attributes
                0x000000b4       0x32 ert_main.o
 .ARM.attributes
                0x000000e6       0x32 Vehicle_Control_CodeGen.o
 .ARM.attributes
                0x00000118       0x32 Vehicle_Control_CodeGen_data.o
 .ARM.attributes
                0x0000014a       0x32 rt_nonfinite.o
 .ARM.attributes
                0x0000017c       0x32 platform_timer.o
 .ARM.attributes
                0x000001ae       0x32 mw_freertos_init.o
 .ARM.attributes
                0x000001e0       0x32 mw_thread.o
 .ARM.attributes
                0x00000212       0x32 mw_timer.o
 .ARM.attributes
                0x00000244       0x32 mw_semaphore.o
 .ARM.attributes
                0x00000276       0x32 main.o
 .ARM.attributes
                0x000002a8       0x32 stm32h7xx_it.o
 .ARM.attributes
                0x000002da       0x32 stm32h7xx_hal_msp.o
 .ARM.attributes
                0x0000030c       0x32 stm32h7xx_hal_timebase_tim.o
 .ARM.attributes
                0x0000033e       0x32 stm32h7xx_ll_exti.o
 .ARM.attributes
                0x00000370       0x32 stm32h7xx_ll_gpio.o
 .ARM.attributes
                0x000003a2       0x32 stm32h7xx_ll_adc.o
 .ARM.attributes
                0x000003d4       0x32 stm32h7xx_ll_rcc.o
 .ARM.attributes
                0x00000406       0x32 stm32h7xx_ll_utils.o
 .ARM.attributes
                0x00000438       0x32 stm32h7xx_hal_rcc.o
 .ARM.attributes
                0x0000046a       0x32 stm32h7xx_hal_rcc_ex.o
 .ARM.attributes
                0x0000049c       0x32 stm32h7xx_hal_gpio.o
 .ARM.attributes
                0x000004ce       0x32 stm32h7xx_hal_cortex.o
 .ARM.attributes
                0x00000500       0x32 stm32h7xx_hal.o
 .ARM.attributes
                0x00000532       0x32 stm32h7xx_ll_dac.o
 .ARM.attributes
                0x00000564       0x32 stm32h7xx_hal_eth.o
 .ARM.attributes
                0x00000596       0x32 stm32h7xx_hal_fdcan.o
 .ARM.attributes
                0x000005c8       0x32 stm32h7xx_ll_i2c.o
 .ARM.attributes
                0x000005fa       0x32 stm32h7xx_hal_ltdc.o
 .ARM.attributes
                0x0000062c       0x32 stm32h7xx_hal_ospi.o
 .ARM.attributes
                0x0000065e       0x32 stm32h7xx_hal_sai.o
 .ARM.attributes
                0x00000690       0x32 stm32h7xx_hal_tim.o
 .ARM.attributes
                0x000006c2       0x32 stm32h7xx_hal_tim_ex.o
 .ARM.attributes
                0x000006f4       0x32 stm32h7xx_ll_tim.o
 .ARM.attributes
                0x00000726       0x32 stm32h7xx_ll_usart.o
 .ARM.attributes
                0x00000758       0x32 list.o
 .ARM.attributes
                0x0000078a       0x32 queue.o
 .ARM.attributes
                0x000007bc       0x32 tasks.o
 .ARM.attributes
                0x000007ee       0x32 timers.o
 .ARM.attributes
                0x00000820       0x32 cmsis_os2.o
 .ARM.attributes
                0x00000852       0x32 heap_4.o
 .ARM.attributes
                0x00000884       0x32 port.o
 .ARM.attributes