../Drivers/STM32H7xx_HAL_Driver/Inc/stm32h7xx_ll_adc.h:3243:22:LL_ADC_SetChannelPreselection	32	static,ignoring_inline_asm
../Drivers/STM32H7xx_HAL_Driver/Inc/stm32h7xx_ll_adc.h:4255:22:LL_ADC_REG_SetSequencerRanks	32	static
../Drivers/STM32H7xx_HAL_Driver/Inc/stm32h7xx_ll_adc.h:4419:22:LL_ADC_REG_SetDataTransferMode	16	static
../Drivers/STM32H7xx_HAL_Driver/Inc/stm32h7xx_ll_adc.h:5409:22:LL_ADC_SetChannelSamplingTime	32	static
../Drivers/STM32H7xx_HAL_Driver/Inc/stm32h7xx_ll_adc.h:5555:22:LL_ADC_SetChannelSingleDiff	24	static
../Drivers/STM32H7xx_HAL_Driver/Inc/stm32h7xx_ll_adc.h:6296:22:LL_ADC_SetOverSamplingScope	16	static
../Drivers/STM32H7xx_HAL_Driver/Inc/stm32h7xx_ll_adc.h:6818:22:LL_ADC_DisableDeepPowerDown	16	static
../Drivers/STM32H7xx_HAL_Driver/Inc/stm32h7xx_ll_adc.h:6851:22:LL_ADC_EnableInternalRegulator	16	static
../Drivers/STM32H7xx_HAL_Driver/Inc/stm32h7xx_ll_rcc.h:1704:22:LL_RCC_HSI_Enable	4	static
../Drivers/STM32H7xx_HAL_Driver/Inc/stm32h7xx_ll_rcc.h:1724:26:LL_RCC_HSI_IsReady	4	static
../Drivers/STM32H7xx_HAL_Driver/Inc/stm32h7xx_ll_rcc.h:1749:22:LL_RCC_HSI_SetDivider	16	static
../Drivers/STM32H7xx_HAL_Driver/Inc/stm32h7xx_ll_rcc.h:1809:22:LL_RCC_HSI_SetCalibTrimming	16	static
../Drivers/STM32H7xx_HAL_Driver/Inc/stm32h7xx_ll_rcc.h:2405:22:LL_RCC_SetSysClkSource	16	static
../Drivers/STM32H7xx_HAL_Driver/Inc/stm32h7xx_ll_rcc.h:2419:26:LL_RCC_GetSysClkSource	4	static
../Drivers/STM32H7xx_HAL_Driver/Inc/stm32h7xx_ll_rcc.h:2489:22:LL_RCC_SetSysPrescaler	16	static
../Drivers/STM32H7xx_HAL_Driver/Inc/stm32h7xx_ll_rcc.h:2513:22:LL_RCC_SetAHBPrescaler	16	static
../Drivers/STM32H7xx_HAL_Driver/Inc/stm32h7xx_ll_rcc.h:2533:22:LL_RCC_SetAPB1Prescaler	16	static
../Drivers/STM32H7xx_HAL_Driver/Inc/stm32h7xx_ll_rcc.h:2553:22:LL_RCC_SetAPB2Prescaler	16	static
../Drivers/STM32H7xx_HAL_Driver/Inc/stm32h7xx_ll_rcc.h:2573:22:LL_RCC_SetAPB3Prescaler	16	static
../Drivers/STM32H7xx_HAL_Driver/Inc/stm32h7xx_ll_rcc.h:2593:22:LL_RCC_SetAPB4Prescaler	16	static
../Drivers/STM32H7xx_HAL_Driver/Inc/stm32h7xx_ll_rcc.h:3236:22:LL_RCC_SetCLKPClockSource	16	static
../Drivers/STM32H7xx_HAL_Driver/Inc/stm32h7xx_ll_rcc.h:3341:22:LL_RCC_SetADCClockSource	16	static
../Drivers/STM32H7xx_HAL_Driver/Inc/stm32h7xx_ll_rcc.h:4298:22:LL_RCC_PLL_SetSource	16	static
../Drivers/STM32H7xx_HAL_Driver/Inc/stm32h7xx_ll_rcc.h:4322:22:LL_RCC_PLL1_Enable	4	static
../Drivers/STM32H7xx_HAL_Driver/Inc/stm32h7xx_ll_rcc.h:4343:26:LL_RCC_PLL1_IsReady	4	static
../Drivers/STM32H7xx_HAL_Driver/Inc/stm32h7xx_ll_rcc.h:4354:22:LL_RCC_PLL1P_Enable	4	static
../Drivers/STM32H7xx_HAL_Driver/Inc/stm32h7xx_ll_rcc.h:4365:22:LL_RCC_PLL1Q_Enable	4	static
../Drivers/STM32H7xx_HAL_Driver/Inc/stm32h7xx_ll_rcc.h:4376:22:LL_RCC_PLL1R_Enable	4	static
../Drivers/STM32H7xx_HAL_Driver/Inc/stm32h7xx_ll_rcc.h:4483:22:LL_RCC_PLL1_SetVCOOutputRange	16	static
../Drivers/STM32H7xx_HAL_Driver/Inc/stm32h7xx_ll_rcc.h:4499:22:LL_RCC_PLL1_SetVCOInputRange	16	static
../Drivers/STM32H7xx_HAL_Driver/Inc/stm32h7xx_ll_rcc.h:4570:22:LL_RCC_PLL1_SetN	16	static
../Drivers/STM32H7xx_HAL_Driver/Inc/stm32h7xx_ll_rcc.h:4581:22:LL_RCC_PLL1_SetM	16	static
../Drivers/STM32H7xx_HAL_Driver/Inc/stm32h7xx_ll_rcc.h:4594:22:LL_RCC_PLL1_SetP	16	static
../Drivers/STM32H7xx_HAL_Driver/Inc/stm32h7xx_ll_rcc.h:4605:22:LL_RCC_PLL1_SetQ	16	static
../Drivers/STM32H7xx_HAL_Driver/Inc/stm32h7xx_ll_rcc.h:4616:22:LL_RCC_PLL1_SetR	16	static
../Drivers/STM32H7xx_HAL_Driver/Inc/stm32h7xx_ll_bus.h:872:22:LL_AHB1_GRP1_EnableClock	24	static
../Drivers/STM32H7xx_HAL_Driver/Inc/stm32h7xx_ll_bus.h:1384:22:LL_AHB4_GRP1_EnableClock	24	static
../Drivers/STM32H7xx_HAL_Driver/Inc/stm32h7xx_ll_bus.h:2480:22:LL_APB2_GRP1_EnableClock	24	static
../Drivers/STM32H7xx_HAL_Driver/Inc/stm32h7xx_ll_system.h:2333:22:LL_FLASH_SetLatency	16	static
../Drivers/STM32H7xx_HAL_Driver/Inc/stm32h7xx_ll_system.h:2351:26:LL_FLASH_GetLatency	4	static
../Drivers/STM32H7xx_HAL_Driver/Inc/stm32h7xx_ll_pwr.h:996:22:LL_PWR_ConfigSupply	16	static
../Drivers/STM32H7xx_HAL_Driver/Inc/stm32h7xx_ll_pwr.h:1575:22:LL_PWR_SetRegulVoltageScaling	16	static
../Drivers/STM32H7xx_HAL_Driver/Inc/stm32h7xx_ll_pwr.h:2108:26:LL_PWR_IsActiveFlag_VOS	4	static
../Drivers/STM32H7xx_HAL_Driver/Inc/stm32h7xx_ll_tim.h:1714:22:LL_TIM_DisableARRPreload	16	static
../Drivers/STM32H7xx_HAL_Driver/Inc/stm32h7xx_ll_tim.h:2431:22:LL_TIM_OC_DisableFast	24	static
../Drivers/STM32H7xx_HAL_Driver/Inc/stm32h7xx_ll_tim.h:2483:22:LL_TIM_OC_EnablePreload	24	static
../Drivers/STM32H7xx_HAL_Driver/Inc/stm32h7xx_ll_tim.h:3302:22:LL_TIM_SetClockSource	16	static
../Drivers/STM32H7xx_HAL_Driver/Inc/stm32h7xx_ll_tim.h:3348:22:LL_TIM_SetTriggerOutput	16	static
../Drivers/STM32H7xx_HAL_Driver/Inc/stm32h7xx_ll_tim.h:3378:22:LL_TIM_SetTriggerOutput2	16	static
../Drivers/STM32H7xx_HAL_Driver/Inc/stm32h7xx_ll_tim.h:3431:22:LL_TIM_SetTriggerInput	16	static
../Drivers/STM32H7xx_HAL_Driver/Inc/stm32h7xx_ll_tim.h:3457:22:LL_TIM_DisableMasterSlaveMode	16	static
../Drivers/STM32H7xx_HAL_Driver/Inc/stm32h7xx_ll_tim.h:4775:22:LL_TIM_DisableIT_TRIG	16	static
../Drivers/STM32H7xx_HAL_Driver/Inc/stm32h7xx_ll_tim.h:5046:22:LL_TIM_DisableDMAReq_TRIG	16	static
../Drivers/STM32H7xx_HAL_Driver/Inc/stm32h7xx_ll_gpio.h:913:22:LL_GPIO_ResetOutputPin	16	static
../Drivers/STM32H7xx_HAL_Driver/Inc/stm32h7xx_ll_gpio.h:942:22:LL_GPIO_TogglePin	24	static
../Core/Src/main.c:84:5:main	8	static
../Core/Src/main.c:173:6:SystemClock_Config	8	static
../Core/Src/main.c:240:6:PeriphCommonClock_Config	8	static
../Core/Src/main.c:250:13:MX_ADC1_Init	88	static
../Core/Src/main.c:332:13:MX_ADC2_Init	72	static
../Core/Src/main.c:410:13:MX_FDCAN1_Init	8	static
../Core/Src/main.c:463:13:MX_FDCAN2_Init	8	static
../Core/Src/main.c:516:13:MX_FDCAN3_Init	8	static
../Core/Src/main.c:569:13:MX_TIM1_Init	136	static
../Core/Src/main.c:647:6:MX_GPIO_Init	32	static
../Core/Src/main.c:744:6:StartDefaultTask	16	static
../Core/Src/main.c:765:6:HAL_TIM_PeriodElapsedCallback	16	static
../Core/Src/main.c:783:6:Error_Handler	4	static,ignoring_inline_asm
