Archive member included to satisfy reference by file (symbol)

c:/programdata/matlab/supportpackages/r2024a/3p.instrset/gnuarm-armcortex.instrset/win/bin/../lib/gcc/arm-none-eabi/11.3.1/thumb/v7e-m+dp/hard\libm.a(libm_a-w_fmod.o)
                              testing_new_board.o (fmod)
c:/programdata/matlab/supportpackages/r2024a/3p.instrset/gnuarm-armcortex.instrset/win/bin/../lib/gcc/arm-none-eabi/11.3.1/thumb/v7e-m+dp/hard\libm.a(libm_a-s_floor.o)
                              testing_new_board.o (floor)
c:/programdata/matlab/supportpackages/r2024a/3p.instrset/gnuarm-armcortex.instrset/win/bin/../lib/gcc/arm-none-eabi/11.3.1/thumb/v7e-m+dp/hard\libm.a(libm_a-e_fmod.o)
                              c:/programdata/matlab/supportpackages/r2024a/3p.instrset/gnuarm-armcortex.instrset/win/bin/../lib/gcc/arm-none-eabi/11.3.1/thumb/v7e-m+dp/hard\libm.a(libm_a-w_fmod.o) (__ieee754_fmod)
c:/programdata/matlab/supportpackages/r2024a/3p.instrset/gnuarm-armcortex.instrset/win/bin/../lib/gcc/arm-none-eabi/11.3.1/thumb/v7e-m+dp/hard\libc_nano.a(libc_a-exit.o)
                              c:/programdata/matlab/supportpackages/r2024a/3p.instrset/gnuarm-armcortex.instrset/win/bin/../lib/gcc/arm-none-eabi/11.3.1/thumb/v7e-m+dp/hard/crt0.o (exit)
c:/programdata/matlab/supportpackages/r2024a/3p.instrset/gnuarm-armcortex.instrset/win/bin/../lib/gcc/arm-none-eabi/11.3.1/thumb/v7e-m+dp/hard\libc_nano.a(libc_a-findfp.o)
                              tasks.o (__sf)
c:/programdata/matlab/supportpackages/r2024a/3p.instrset/gnuarm-armcortex.instrset/win/bin/../lib/gcc/arm-none-eabi/11.3.1/thumb/v7e-m+dp/hard\libc_nano.a(libc_a-fwalk.o)
                              c:/programdata/matlab/supportpackages/r2024a/3p.instrset/gnuarm-armcortex.instrset/win/bin/../lib/gcc/arm-none-eabi/11.3.1/thumb/v7e-m+dp/hard\libc_nano.a(libc_a-findfp.o) (_fwalk_sglue)
c:/programdata/matlab/supportpackages/r2024a/3p.instrset/gnuarm-armcortex.instrset/win/bin/../lib/gcc/arm-none-eabi/11.3.1/thumb/v7e-m+dp/hard\libc_nano.a(libc_a-stdio.o)
                              c:/programdata/matlab/supportpackages/r2024a/3p.instrset/gnuarm-armcortex.instrset/win/bin/../lib/gcc/arm-none-eabi/11.3.1/thumb/v7e-m+dp/hard\libc_nano.a(libc_a-findfp.o) (__sread)
c:/programdata/matlab/supportpackages/r2024a/3p.instrset/gnuarm-armcortex.instrset/win/bin/../lib/gcc/arm-none-eabi/11.3.1/thumb/v7e-m+dp/hard\libc_nano.a(libc_a-memset.o)
                              c:/programdata/matlab/supportpackages/r2024a/3p.instrset/gnuarm-armcortex.instrset/win/bin/../lib/gcc/arm-none-eabi/11.3.1/thumb/v7e-m+dp/hard/crt0.o (memset)
c:/programdata/matlab/supportpackages/r2024a/3p.instrset/gnuarm-armcortex.instrset/win/bin/../lib/gcc/arm-none-eabi/11.3.1/thumb/v7e-m+dp/hard\libc_nano.a(libc_a-closer.o)
                              c:/programdata/matlab/supportpackages/r2024a/3p.instrset/gnuarm-armcortex.instrset/win/bin/../lib/gcc/arm-none-eabi/11.3.1/thumb/v7e-m+dp/hard\libc_nano.a(libc_a-stdio.o) (_close_r)
c:/programdata/matlab/supportpackages/r2024a/3p.instrset/gnuarm-armcortex.instrset/win/bin/../lib/gcc/arm-none-eabi/11.3.1/thumb/v7e-m+dp/hard\libc_nano.a(libc_a-reent.o)
                              tasks.o (_reclaim_reent)
c:/programdata/matlab/supportpackages/r2024a/3p.instrset/gnuarm-armcortex.instrset/win/bin/../lib/gcc/arm-none-eabi/11.3.1/thumb/v7e-m+dp/hard\libc_nano.a(libc_a-impure.o)
                              tasks.o (_impure_ptr)
c:/programdata/matlab/supportpackages/r2024a/3p.instrset/gnuarm-armcortex.instrset/win/bin/../lib/gcc/arm-none-eabi/11.3.1/thumb/v7e-m+dp/hard\libc_nano.a(libc_a-lseekr.o)
                              c:/programdata/matlab/supportpackages/r2024a/3p.instrset/gnuarm-armcortex.instrset/win/bin/../lib/gcc/arm-none-eabi/11.3.1/thumb/v7e-m+dp/hard\libc_nano.a(libc_a-stdio.o) (_lseek_r)
c:/programdata/matlab/supportpackages/r2024a/3p.instrset/gnuarm-armcortex.instrset/win/bin/../lib/gcc/arm-none-eabi/11.3.1/thumb/v7e-m+dp/hard\libc_nano.a(libc_a-readr.o)
                              c:/programdata/matlab/supportpackages/r2024a/3p.instrset/gnuarm-armcortex.instrset/win/bin/../lib/gcc/arm-none-eabi/11.3.1/thumb/v7e-m+dp/hard\libc_nano.a(libc_a-stdio.o) (_read_r)
c:/programdata/matlab/supportpackages/r2024a/3p.instrset/gnuarm-armcortex.instrset/win/bin/../lib/gcc/arm-none-eabi/11.3.1/thumb/v7e-m+dp/hard\libc_nano.a(libc_a-writer.o)
                              c:/programdata/matlab/supportpackages/r2024a/3p.instrset/gnuarm-armcortex.instrset/win/bin/../lib/gcc/arm-none-eabi/11.3.1/thumb/v7e-m+dp/hard\libc_nano.a(libc_a-stdio.o) (_write_r)
c:/programdata/matlab/supportpackages/r2024a/3p.instrset/gnuarm-armcortex.instrset/win/bin/../lib/gcc/arm-none-eabi/11.3.1/thumb/v7e-m+dp/hard\libc_nano.a(libc_a-errno.o)
                              syscalls.o (__errno)
c:/programdata/matlab/supportpackages/r2024a/3p.instrset/gnuarm-armcortex.instrset/win/bin/../lib/gcc/arm-none-eabi/11.3.1/thumb/v7e-m+dp/hard\libc_nano.a(libc_a-init.o)
[...]
Memory Configuration

Name             Origin             Length             Attributes
ITCMRAM          0x00000000         0x00010000         xrw
DTCMRAM          0x20000000         0x00020000         xrw
FLASH            0x08000000         0x00100000         xr
RAM_D1           0x24000000         0x00050000         xrw
RAM_D2           0x30000000         0x00008000         xrw
RAM_D3           0x38000000         0x00004000         xrw
*default*        0x00000000         0xffffffff

Linker script and memory map

LOAD c:/programdata/matlab/supportpackages/r2024a/3p.instrset/gnuarm-armcortex.instrset/win/bin/../lib/gcc/arm-none-eabi/11.3.1/thumb/v7e-m+dp/hard/crti.o
LOAD c:/programdata/matlab/supportpackages/r2024a/3p.instrset/gnuarm-armcortex.instrset/win/bin/../lib/gcc/arm-none-eabi/11.3.1/thumb/v7e-m+dp/hard/crtbegin.o
LOAD c:/programdata/matlab/supportpackages/r2024a/3p.instrset/gnuarm-armcortex.instrset/win/bin/../lib/gcc/arm-none-eabi/11.3.1/thumb/v7e-m+dp/hard/crt0.o
LOAD stm_fdcan_hal.o
LOAD ert_main.o
LOAD rt_nonfinite.o
LOAD testing_new_board.o
LOAD testing_new_board_data.o
LOAD overrideHALDelay.o
LOAD platform_timer.o
LOAD mw_freertos_init.o
LOAD mw_thread.o
LOAD mw_timer.o
LOAD mw_semaphore.o
LOAD main.o
LOAD freertos.o
LOAD stm32h7xx_it.o
LOAD stm32h7xx_hal_msp.o
LOAD stm32h7xx_hal_timebase_tim.o
LOAD stm32h7xx_ll_exti.o
LOAD stm32h7xx_ll_gpio.o
LOAD stm32h7xx_ll_adc.o
LOAD stm32h7xx_ll_dma.o
LOAD stm32h7xx_ll_rcc.o
LOAD stm32h7xx_ll_utils.o
LOAD stm32h7xx_hal_rcc.o
LOAD stm32h7xx_hal_rcc_ex.o
LOAD stm32h7xx_hal_flash.o
LOAD stm32h7xx_hal_flash_ex.o
LOAD stm32h7xx_hal_gpio.o
LOAD stm32h7xx_hal_hsem.o
LOAD stm32h7xx_hal_dma.o
LOAD stm32h7xx_hal_dma_ex.o
LOAD stm32h7xx_hal_mdma.o
LOAD stm32h7xx_hal_pwr.o
LOAD stm32h7xx_hal_pwr_ex.o
LOAD stm32h7xx_hal_cortex.o
LOAD stm32h7xx_hal.o
LOAD stm32h7xx_hal_i2c.o
LOAD stm32h7xx_hal_i2c_ex.o
LOAD stm32h7xx_hal_exti.o
LOAD stm32h7xx_hal_fdcan.o
LOAD stm32h7xx_hal_tim.o
LOAD stm32h7xx_hal_tim_ex.o
LOAD stm32h7xx_ll_tim.o
LOAD croutine.o
LOAD event_groups.o
LOAD list.o
LOAD queue.o
LOAD stream_buffer.o
LOAD tasks.o
LOAD timers.o
LOAD cmsis_os2.o
LOAD heap_4.o
LOAD port.o
LOAD system_stm32h7xx.o
LOAD syscalls.o
LOAD sysmem.o
LOAD startup_stm32h735zgtx.o
LOAD C:/ProgramData/MATLAB/SupportPackages/R2024a/3P.instrset/cmsis_dsp.instrset/Lib/GCC/arm_cortexm7ldfdp_math/libCMSISDSP.a
LOAD C:/ProgramData/MATLAB/SupportPackages/R2024a/toolbox/shared/supportpackages/stm32/lib/GCC/libmw_pdmfilter_m7_dpfp.lib
LOAD c:/programdata/matlab/supportpackages/r2024a/3p.instrset/gnuarm-armcortex.instrset/win/bin/../lib/gcc/arm-none-eabi/11.3.1/thumb/v7e-m+dp/hard\libstdc++_nano.a
LOAD c:/programdata/matlab/supportpackages/r2024a/3p.instrset/gnuarm-armcortex.instrset/win/bin/../lib/gcc/arm-none-eabi/11.3.1/thumb/v7e-m+dp/hard\libm.a
START GROUP
LOAD c:/programdata/matlab/supportpackages/r2024a/3p.instrset/gnuarm-armcortex.instrset/win/bin/../lib/gcc/arm-none-eabi/11.3.1/thumb/v7e-m+dp/hard\libgcc.a
LOAD c:/programdata/matlab/supportpackages/r2024a/3p.instrset/gnuarm-armcortex.instrset/win/bin/../lib/gcc/arm-none-eabi/11.3.1/thumb/v7e-m+dp/hard\libc_nano.a
END GROUP
START GROUP
LOAD c:/programdata/matlab/supportpackages/r2024a/3p.instrset/gnuarm-armcortex.instrset/win/bin/../lib/gcc/arm-none-eabi/11.3.1/thumb/v7e-m+dp/hard\libgcc.a
LOAD c:/programdata/matlab/supportpackages/r2024a/3p.instrset/gnuarm-armcortex.instrset/win/bin/../lib/gcc/arm-none-eabi/11.3.1/thumb/v7e-m+dp/hard\libc_nano.a
LOAD c:/programdata/matlab/supportpackages/r2024a/3p.instrset/gnuarm-armcortex.instrset/win/bin/../lib/gcc/arm-none-eabi/11.3.1/thumb/v7e-m+dp/hard\libnosys.a
END GROUP
START GROUP
LOAD c:/programdata/matlab/supportpackages/r2024a/3p.instrset/gnuarm-armcortex.instrset/win/bin/../lib/gcc/arm-none-eabi/11.3.1/thumb/v7e-m+dp/hard\libgcc.a
LOAD c:/programdata/matlab/supportpackages/r2024a/3p.instrset/gnuarm-armcortex.instrset/win/bin/../lib/gcc/arm-none-eabi/11.3.1/thumb/v7e-m+dp/hard\libc_nano.a
LOAD c:/programdata/matlab/supportpackages/r2024a/3p.instrset/gnuarm-armcortex.instrset/win/bin/../lib/gcc/arm-none-eabi/11.3.1/thumb/v7e-m+dp/hard\libnosys.a
END GROUP
LOAD c:/programdata/matlab/supportpackages/r2024a/3p.instrset/gnuarm-armcortex.instrset/win/bin/../lib/gcc/arm-none-eabi/11.3.1/thumb/v7e-m+dp/hard/crtend.o
LOAD c:/programdata/matlab/supportpackages/r2024a/3p.instrset/gnuarm-armcortex.instrset/win/bin/../lib/gcc/arm-none-eabi/11.3.1/thumb/v7e-m+dp/hard/crtn.o
                0x24050000                _estack = (ORIGIN (RAM_D1) + LENGTH (RAM_D1))
                0x00000200                _Min_Heap_Size = 0x200
                0x00000400                _Min_Stack_Size = 0x400

.isr_vector     0x08000000      0x2cc
                0x08000000                . = ALIGN (0x4)
 *(.isr_vector)
 .isr_vector    0x08000000      0x2cc startup_stm32h735zgtx.o
                0x08000000                g_pfnVectors
                0x080002cc                . = ALIGN (0x4)

.text           0x080002d0     0x92a0
                0x080002d0                . = ALIGN (0x4)
 *(.text)
 *(.text*)
 .text.deregister_tm_clones
                0x080002d0       0x1c c:/programdata/matlab/supportpackages/r2024a/3p.instrset/gnuarm-armcortex.instrset/win/bin/../lib/gcc/arm-none-eabi/11.3.1/thumb/v7e-m+dp/hard/crtbegin.o
 .text.register_tm_clones
                0x080002ec       0x24 c:/programdata/matlab/supportpackages/r2024a/3p.instrset/gnuarm-armcortex.instrset/win/bin/../lib/gcc/arm-none-eabi/11.3.1/thumb/v7e-m+dp/hard/crtbegin.o
 .text.__do_global_dtors_aux
                0x08000310       0x28 c:/programdata/matlab/supportpackages/r2024a/3p.instrset/gnuarm-armcortex.instrset/win/bin/../lib/gcc/arm-none-eabi/11.3.1/thumb/v7e-m+dp/hard/crtbegin.o
 .text.frame_dummy
                0x08000338       0x24 c:/programdata/matlab/supportpackages/r2024a/3p.instrset/gnuarm-armcortex.instrset/win/bin/../lib/gcc/arm-none-eabi/11.3.1/thumb/v7e-m+dp/hard/crtbegin.o
 .text.__NVIC_GetPriorityGrouping
                0x0800035c       0x1c stm_fdcan_hal.o
 .text.__NVIC_EnableIRQ
                0x08000378       0x3c stm_fdcan_hal.o
 .text.__NVIC_SetPriority
                0x080003b4       0x54 stm_fdcan_hal.o
 .text.NVIC_EncodePriority
                0x08000408       0x66 stm_fdcan_hal.o
 *fill*         0x0800046e        0x2 
 .text.MW_FDCAN_Initialize
                0x08000470       0x98 stm_fdcan_hal.o
                0x08000470                MW_FDCAN_Initialize
 .text.MW_FDCAN_TransmitMessage
                0x08000508      0x220 stm_fdcan_hal.o
                0x08000508                MW_FDCAN_TransmitMessage
 .text.MW_FDCAN_Close
                0x08000728       0x2a stm_fdcan_hal.o
                0x08000728                MW_FDCAN_Close
 *fill*         0x08000752        0x2 
 .text.subrateTask
                0x08000754       0x5c ert_main.o
                0x08000754                subrateTask
 .text.baseRateTask
                0x080007b0       0x88 ert_main.o
                0x080007b0                baseRateTask
 .text.terminateTask
                0x08000838       0xf8 ert_main.o
                0x08000838                terminateTask
 .text.main     0x08000930       0x70 ert_main.o
                0x08000930                main
 .text.rtIsInf  0x080009a0       0x4c rt_nonfinite.o
                0x080009a0                rtIsInf
 .text.rtIsNaN  0x080009ec       0x2e rt_nonfinite.o
                0x080009ec                rtIsNaN
 .text.LL_GPIO_SetOutputPin
                0x08000a1a       0x1c testing_new_board.o
 .text.LL_GPIO_ResetOutputPin
                0x08000a36       0x1e testing_new_board.o
 .text.MW_FDCAN_Start
                0x08000a54       0x28 testing_new_board.o
 .text.rate_monotonic_scheduler
                0x08000a7c       0x2c testing_new_board.o
 .text.testing_new_board_step0
                0x08000aa8       0xd8 testing_new_board.o
                0x08000aa8                testing_new_board_step0
 .text.testing_new_board_step1
                0x08000b80      0x164 testing_new_board.o
                0x08000b80                testing_new_board_step1
 .text.testing_new_board_step
                0x08000ce4       0x2a testing_new_board.o
                0x08000ce4                testing_new_board_step
 *fill*         0x08000d0e        0x2 
 .text.testing_new_board_initialize
                0x08000d10       0x34 testing_new_board.o
                0x08000d10                testing_new_board_initialize
 .text.testing_new_board_terminate
                0x08000d44       0x34 testing_new_board.o
                0x08000d44                testing_new_board_terminate
 .text.getCurrentTimestampInMicros
                0x08000d78       0x3c platform_timer.o
                0x08000d78                getCurrentTimestampInMicros
 .text.returnTimeElapsed
                0x08000db4       0x2c platform_timer.o
                0x08000db4                returnTimeElapsed
 .text.schedulerTask
                0x08000de0       0x1c mw_freertos_init.o
                0x08000de0                schedulerTask
 .text.baseRateTaskWrapper
                0x08000dfc       0x16 mw_freertos_init.o
                0x08000dfc                baseRateTaskWrapper
 .text.subrateTaskWrapper
                0x08000e12       0x16 mw_freertos_init.o
                0x08000e12                subrateTaskWrapper
 .text.mw_RTOSInit
                0x08000e28      0x270 mw_freertos_init.o
                0x08000e28                mw_RTOSInit
 .text.mw_osThreadCreate
                0x08001098       0x66 mw_thread.o
                0x08001098                mw_osThreadCreate
 .text.mw_osThreadExit
                0x080010fe       0x16 mw_thread.o
                0x080010fe                mw_osThreadExit
 .text.mw_osThreadJoin
                0x08001114       0x24 mw_thread.o
                0x08001114                mw_osThreadJoin
 .text.mw_osTimerCreate
                0x08001138       0x42 mw_timer.o
                0x08001138                mw_osTimerCreate
 .text.mw_osTimerStart
                0x0800117a       0x48 mw_timer.o
                0x0800117a                mw_osTimerStart
 .text.mw_osSemaphoreCreate
                0x080011c2       0x2e mw_semaphore.o
                0x080011c2                mw_osSemaphoreCreate
 .text.mw_osSemaphoreWaitEver
                0x080011f0       0x3c mw_semaphore.o
                0x080011f0                mw_osSemaphoreWaitEver
 .text.mw_osSemaphoreRelease
                0x0800122c       0x3c mw_semaphore.o
                0x0800122c                mw_osSemaphoreRelease
 .text.mw_osSemaphoreDelete
                0x08001268       0x26 mw_semaphore.o
                0x08001268                mw_osSemaphoreDelete
 .text.LL_ADC_REG_SetSequencerRanks
                0x0800128e       0x58 main.o
 .text.LL_ADC_SetChannelSamplingTime
                0x080012e6       0x56 main.o
 .text.LL_ADC_SetChannelSingleDiff
                0x0800133c       0x80 main.o
 .text.LL_ADC_SetOverSamplingScope
                0x080013bc       0x2c main.o
 .text.LL_ADC_DisableDeepPowerDown
                0x080013e8       0x24 main.o
 .text.LL_ADC_EnableInternalRegulator
                0x0800140c       0x28 main.o
 .text.LL_RCC_HSI_Enable
                0x08001434       0x20 main.o
 .text.LL_RCC_HSI_IsReady
                0x08001454       0x24 main.o
 .text.LL_RCC_HSI_SetDivider
                0x08001478       0x28 main.o
 .text.LL_RCC_HSI_SetCalibTrimming
                0x080014a0       0x2c main.o
 .text.LL_RCC_SetSysClkSource
                0x080014cc       0x28 main.o
 .text.LL_RCC_GetSysClkSource
                0x080014f4       0x1c main.o
 .text.LL_RCC_SetSysPrescaler
                0x08001510       0x28 main.o
 .text.LL_RCC_SetAHBPrescaler
                0x08001538       0x28 main.o
 .text.LL_RCC_SetAPB1Prescaler
                0x08001560       0x28 main.o
 .text.LL_RCC_SetAPB2Prescaler
                0x08001588       0x28 main.o
 .text.LL_RCC_SetAPB3Prescaler
                0x080015b0       0x28 main.o
 .text.LL_RCC_SetAPB4Prescaler
                0x080015d8       0x28 main.o
 .text.LL_RCC_SetADCClockSource
                0x08001600       0x28 main.o
 .text.LL_RCC_PLL_SetSource
                0x08001628       0x28 main.o
 .text.LL_RCC_PLL1_Enable
                0x08001650       0x20 main.o
 .text.LL_RCC_PLL1_IsReady
                0x08001670       0x28 main.o
 .text.LL_RCC_PLL1P_Enable
                0x08001698       0x20 main.o
 .text.LL_RCC_PLL1Q_Enable
                0x080016b8       0x20 main.o
 .text.LL_RCC_PLL1R_Enable
                0x080016d8       0x20 main.o
 .text.LL_RCC_PLL1FRACN_Enable
                0x080016f8       0x20 main.o
 .text.LL_RCC_PLL1_SetVCOOutputRange
                0x08001718       0x2c main.o
 .text.LL_RCC_PLL1_SetVCOInputRange
                0x08001744       0x2c main.o
 .text.LL_RCC_PLL1_SetN
                0x08001770       0x30 main.o
 .text.LL_RCC_PLL1_SetM
                0x080017a0       0x2c main.o
 .text.LL_RCC_PLL1_SetP
                0x080017cc       0x2c main.o
 .text.LL_RCC_PLL1_SetQ
                0x080017f8       0x2c main.o
 .text.LL_RCC_PLL1_SetR
                0x08001824       0x2c main.o
 .text.LL_RCC_PLL1_SetFRACN
                0x08001850       0x30 main.o
 .text.LL_RCC_PLL2_Enable
                0x08001880       0x20 main.o
 .text.LL_RCC_PLL2_IsReady
                0x080018a0       0x28 main.o
 .text.LL_RCC_PLL2P_Enable
                0x080018c8       0x20 main.o
 .text.LL_RCC_PLL2_SetVCOOutputRange
                0x080018e8       0x2c main.o
 .text.LL_RCC_PLL2_SetVCOInputRange
                0x08001914       0x2c main.o
 .text.LL_RCC_PLL2_SetN
                0x08001940       0x30 main.o
 .text.LL_RCC_PLL2_SetM
                0x08001970       0x2c main.o
 .text.LL_RCC_PLL2_SetP
                0x0800199c       0x2c main.o
 .text.LL_RCC_PLL2_SetQ
                0x080019c8       0x2c main.o
 .text.LL_RCC_PLL2_SetR
                0x080019f4       0x2c main.o
 .text.LL_AHB1_GRP1_EnableClock
                0x08001a20       0x38 main.o
 .text.LL_AHB4_GRP1_EnableClock
                0x08001a58       0x38 main.o
 .text.LL_APB2_GRP1_EnableClock
                0x08001a90       0x38 main.o
 .text.LL_FLASH_SetLatency
                0x08001ac8       0x28 main.o
 .text.LL_FLASH_GetLatency
                0x08001af0       0x1c main.o
 .text.LL_PWR_ConfigSupply
                0x08001b0c       0x28 main.o
 .text.LL_PWR_SetRegulVoltageScaling
                0x08001b34       0x28 main.o
 .text.LL_TIM_DisableARRPreload
                0x08001b5c       0x20 main.o
 .text.LL_TIM_OC_DisableFast
                0x08001b7c       0xa4 main.o
 .text.LL_TIM_OC_EnablePreload
                0x08001c20       0xa0 main.o
 .text.LL_TIM_SetClockSource
                0x08001cc0       0x2c main.o
 .text.LL_TIM_SetTriggerOutput
                0x08001cec       0x26 main.o
 .text.LL_TIM_SetTriggerOutput2
                0x08001d12       0x26 main.o
 .text.LL_TIM_SetTriggerInput
                0x08001d38       0x2c main.o
 .text.LL_TIM_DisableMasterSlaveMode
                0x08001d64       0x20 main.o
 .text.LL_TIM_DisableIT_TRIG
                0x08001d84       0x20 main.o
 .text.LL_TIM_DisableDMAReq_TRIG
                0x08001da4       0x20 main.o
 .text.LL_GPIO_ResetOutputPin
                0x08001dc4       0x1e main.o
 *fill*         0x08001de2        0x2 
 .text.SystemClock_Config
                0x08001de4       0xf4 main.o
                0x08001de4                SystemClock_Config
 .text.PeriphCommonClock_Config
                0x08001ed8       0x48 main.o
                0x08001ed8                PeriphCommonClock_Config
 .text.MX_ADC1_Init
                0x08001f20      0x140 main.o
                0x08001f20                MX_ADC1_Init
 .text.MX_ADC2_Init
                0x08002060      0x118 main.o
                0x08002060                MX_ADC2_Init
 .text.MX_FDCAN1_Init
                0x08002178       0xc8 main.o
                0x08002178                MX_FDCAN1_Init
 .text.MX_FDCAN2_Init
                0x08002240       0xc8 main.o
                0x08002240                MX_FDCAN2_Init
 .text.MX_FDCAN3_Init
                0x08002308       0xc8 main.o
                0x08002308                MX_FDCAN3_Init
 .text.MX_TIM1_Init
                0x080023d0      0x160 main.o
                0x080023d0                MX_TIM1_Init
 .text.MX_GPIO_Init
                0x08002530      0x1d4 main.o
                0x08002530                MX_GPIO_Init
 .text.HAL_TIM_PeriodElapsedCallback
                0x08002704       0x1e main.o
                0x08002704                HAL_TIM_PeriodElapsedCallback
 .text.Error_Handler
                0x08002722        0xa main.o
                0x08002722                Error_Handler
 .text.NMI_Handler
                0x0800272c        0x6 stm32h7xx_it.o
                0x0800272c                NMI_Handler
 .text.HardFault_Handler
                0x08002732        0x6 stm32h7xx_it.o
                0x08002732                HardFault_Handler
 .text.MemManage_Handler
                0x08002738        0x6 stm32h7xx_it.o
                0x08002738                MemManage_Handler
 .text.BusFault_Handler
                0x0800273e        0x6 stm32h7xx_it.o
                0x0800273e                BusFault_Handler
 .text.UsageFault_Handler
                0x08002744        0x6 stm32h7xx_it.o
                0x08002744                UsageFault_Handler
 .text.DebugMon_Handler
                0x0800274a        0xe stm32h7xx_it.o
                0x0800274a                DebugMon_Handler
 .text.FDCAN1_IT0_IRQHandler
                0x08002758       0x14 stm32h7xx_it.o
                0x08002758                FDCAN1_IT0_IRQHandler
 .text.TIM2_IRQHandler
                0x0800276c       0x14 stm32h7xx_it.o
                0x0800276c                TIM2_IRQHandler
 .text.LL_RCC_SetFDCANClockSource
                0x08002780       0x28 stm32h7xx_hal_msp.o
 .text.HAL_MspInit
                0x080027a8       0x3c stm32h7xx_hal_msp.o
                0x080027a8                HAL_MspInit
 .text.HAL_FDCAN_MspInit
                0x080027e4      0x1cc stm32h7xx_hal_msp.o
                0x080027e4                HAL_FDCAN_MspInit
 .text.HAL_FDCAN_MspDeInit
                0x080029b0       0xd8 stm32h7xx_hal_msp.o
                0x080029b0                HAL_FDCAN_MspDeInit
 .text.HAL_InitTick
                0x08002a88       0xd4 stm32h7xx_hal_timebase_tim.o
                0x08002a88                HAL_InitTick
 .text.LL_GPIO_SetPinMode
                0x08002b5c       0x40 stm32h7xx_ll_gpio.o
 .text.LL_GPIO_SetPinOutputType
                0x08002b9c       0x30 stm32h7xx_ll_gpio.o
 .text.LL_GPIO_SetPinSpeed
                0x08002bcc       0x40 stm32h7xx_ll_gpio.o
 .text.LL_GPIO_SetPinPull
                0x08002c0c       0x40 stm32h7xx_ll_gpio.o
 .text.LL_GPIO_SetAFPin_0_7
                0x08002c4c       0x58 stm32h7xx_ll_gpio.o
 .text.LL_GPIO_SetAFPin_8_15
                0x08002ca4       0x6c stm32h7xx_ll_gpio.o
 .text.LL_GPIO_Init
                0x08002d10       0xdc stm32h7xx_ll_gpio.o
                0x08002d10                LL_GPIO_Init
 .text.LL_ADC_REG_SetSequencerLength
                0x08002dec       0x26 stm32h7xx_ll_adc.o
 .text.LL_ADC_IsEnabled
                0x08002e12       0x26 stm32h7xx_ll_adc.o
 .text.LL_ADC_CommonInit
                0x08002e38       0xb0 stm32h7xx_ll_adc.o
                0x08002e38                LL_ADC_CommonInit
 .text.LL_ADC_Init
                0x08002ee8       0xb0 stm32h7xx_ll_adc.o
                0x08002ee8                LL_ADC_Init
 .text.LL_ADC_REG_Init
                0x08002f98       0x94 stm32h7xx_ll_adc.o
                0x08002f98                LL_ADC_REG_Init
 .text.LL_SetSystemCoreClock
                0x0800302c       0x20 stm32h7xx_ll_utils.o
                0x0800302c                LL_SetSystemCoreClock
 .text.HAL_RCC_GetSysClockFreq
                0x0800304c      0x2f4 stm32h7xx_hal_rcc.o
                0x0800304c                HAL_RCC_GetSysClockFreq
 .text.HAL_RCC_GetHCLKFreq
                0x08003340       0x60 stm32h7xx_hal_rcc.o
                0x08003340                HAL_RCC_GetHCLKFreq
 .text.HAL_RCC_GetPCLK1Freq
                0x080033a0       0x2c stm32h7xx_hal_rcc.o
                0x080033a0                HAL_RCC_GetPCLK1Freq
 .text.HAL_RCC_GetClockConfig
                0x080033cc       0x84 stm32h7xx_hal_rcc.o
                0x080033cc                HAL_RCC_GetClockConfig
 .text.HAL_GPIO_Init
                0x08003450      0x350 stm32h7xx_hal_gpio.o
                0x08003450                HAL_GPIO_Init
 .text.HAL_GPIO_DeInit
                0x080037a0      0x204 stm32h7xx_hal_gpio.o
                0x080037a0                HAL_GPIO_DeInit
 .text.__NVIC_SetPriorityGrouping
                0x080039a4       0x48 stm32h7xx_hal_cortex.o
 .text.__NVIC_GetPriorityGrouping
                0x080039ec       0x1c stm32h7xx_hal_cortex.o
 .text.__NVIC_EnableIRQ
                0x08003a08       0x3c stm32h7xx_hal_cortex.o
 .text.__NVIC_DisableIRQ
                0x08003a44       0x48 stm32h7xx_hal_cortex.o
 .text.__NVIC_SetPriority
                0x08003a8c       0x54 stm32h7xx_hal_cortex.o
 .text.NVIC_EncodePriority
                0x08003ae0       0x66 stm32h7xx_hal_cortex.o
 .text.HAL_NVIC_SetPriorityGrouping
                0x08003b46       0x16 stm32h7xx_hal_cortex.o
                0x08003b46                HAL_NVIC_SetPriorityGrouping
 .text.HAL_NVIC_SetPriority
                0x08003b5c       0x34 stm32h7xx_hal_cortex.o
                0x08003b5c                HAL_NVIC_SetPriority
 .text.HAL_NVIC_EnableIRQ
                0x08003b90       0x1c stm32h7xx_hal_cortex.o
                0x08003b90                HAL_NVIC_EnableIRQ
 .text.HAL_NVIC_DisableIRQ
                0x08003bac       0x1c stm32h7xx_hal_cortex.o
                0x08003bac                HAL_NVIC_DisableIRQ
 .text.HAL_Init
                0x08003bc8       0x78 stm32h7xx_hal.o
                0x08003bc8                HAL_Init
 .text.HAL_IncTick
                0x08003c40       0x28 stm32h7xx_hal.o
                0x08003c40                HAL_IncTick
 .text.HAL_GetTick
                0x08003c68       0x18 stm32h7xx_hal.o
                0x08003c68                HAL_GetTick
 .text.HAL_FDCAN_Init
                0x08003c80      0x3bc stm32h7xx_hal_fdcan.o
                0x08003c80                HAL_FDCAN_Init
 .text.HAL_FDCAN_DeInit
                0x0800403c       0x48 stm32h7xx_hal_fdcan.o
                0x0800403c                HAL_FDCAN_DeInit
 .text.HAL_FDCAN_Start
                0x08004084       0x56 stm32h7xx_hal_fdcan.o
                0x08004084                HAL_FDCAN_Start
 .text.HAL_FDCAN_Stop
                0x080040da       0xee stm32h7xx_hal_fdcan.o
                0x080040da                HAL_FDCAN_Stop
 .text.HAL_FDCAN_AddMessageToTxFifoQ
                0x080041c8       0xb6 stm32h7xx_hal_fdcan.o
                0x080041c8                HAL_FDCAN_AddMessageToTxFifoQ
 .text.HAL_FDCAN_GetTxFifoFreeLevel
                0x0800427e       0x24 stm32h7xx_hal_fdcan.o
                0x0800427e                HAL_FDCAN_GetTxFifoFreeLevel
 .text.HAL_FDCAN_ConfigInterruptLines
                0x080042a2       0x6c stm32h7xx_hal_fdcan.o
                0x080042a2                HAL_FDCAN_ConfigInterruptLines
 *fill*         0x0800430e        0x2 
 .text.HAL_FDCAN_ActivateNotification
                0x08004310       0xf4 stm32h7xx_hal_fdcan.o
                0x08004310                HAL_FDCAN_ActivateNotification
 .text.HAL_FDCAN_IRQHandler
                0x08004404      0x4bc stm32h7xx_hal_fdcan.o
                0x08004404                HAL_FDCAN_IRQHandler
 .text.HAL_FDCAN_ClockCalibrationCallback
                0x080048c0       0x16 stm32h7xx_hal_fdcan.o
                0x080048c0                HAL_FDCAN_ClockCalibrationCallback
 .text.HAL_FDCAN_TxEventFifoCallback
                0x080048d6       0x16 stm32h7xx_hal_fdcan.o
                0x080048d6                HAL_FDCAN_TxEventFifoCallback
 .text.HAL_FDCAN_RxFifo0Callback
                0x080048ec       0x16 stm32h7xx_hal_fdcan.o
                0x080048ec                HAL_FDCAN_RxFifo0Callback
 .text.HAL_FDCAN_RxFifo1Callback
                0x08004902       0x16 stm32h7xx_hal_fdcan.o
                0x08004902                HAL_FDCAN_RxFifo1Callback
 .text.HAL_FDCAN_TxFifoEmptyCallback
                0x08004918       0x14 stm32h7xx_hal_fdcan.o
                0x08004918                HAL_FDCAN_TxFifoEmptyCallback
 .text.HAL_FDCAN_TxBufferCompleteCallback
                0x0800492c       0x16 stm32h7xx_hal_fdcan.o
                0x0800492c                HAL_FDCAN_TxBufferCompleteCallback
 .text.HAL_FDCAN_TxBufferAbortCallback
                0x08004942       0x16 stm32h7xx_hal_fdcan.o
                0x08004942                HAL_FDCAN_TxBufferAbortCallback
 .text.HAL_FDCAN_RxBufferNewMessageCallback
                0x08004958       0x14 stm32h7xx_hal_fdcan.o
                0x08004958                HAL_FDCAN_RxBufferNewMessageCallback
 .text.HAL_FDCAN_TimestampWraparoundCallback
                0x0800496c       0x14 stm32h7xx_hal_fdcan.o
                0x0800496c                HAL_FDCAN_TimestampWraparoundCallback
 .text.HAL_FDCAN_TimeoutOccurredCallback
                0x08004980       0x14 stm32h7xx_hal_fdcan.o
                0x08004980                HAL_FDCAN_TimeoutOccurredCallback
 .text.HAL_FDCAN_HighPriorityMessageCallback
                0x08004994       0x14 stm32h7xx_hal_fdcan.o
                0x08004994                HAL_FDCAN_HighPriorityMessageCallback
 .text.HAL_FDCAN_ErrorCallback
                0x080049a8       0x14 stm32h7xx_hal_fdcan.o
                0x080049a8                HAL_FDCAN_ErrorCallback
 .text.HAL_FDCAN_ErrorStatusCallback
                0x080049bc       0x16 stm32h7xx_hal_fdcan.o
                0x080049bc                HAL_FDCAN_ErrorStatusCallback
 .text.HAL_FDCAN_TT_ScheduleSyncCallback
                0x080049d2       0x16 stm32h7xx_hal_fdcan.o
                0x080049d2                HAL_FDCAN_TT_ScheduleSyncCallback
 .text.HAL_FDCAN_TT_TimeMarkCallback
                0x080049e8       0x16 stm32h7xx_hal_fdcan.o
                0x080049e8                HAL_FDCAN_TT_TimeMarkCallback
 .text.HAL_FDCAN_TT_StopWatchCallback
                0x080049fe       0x18 stm32h7xx_hal_fdcan.o
                0x080049fe                HAL_FDCAN_TT_StopWatchCallback
 .text.HAL_FDCAN_TT_GlobalTimeCallback
                0x08004a16       0x16 stm32h7xx_hal_fdcan.o
                0x08004a16                HAL_FDCAN_TT_GlobalTimeCallback
 .text.FDCAN_CalcultateRamBlockAddresses
                0x08004a2c      0x30c stm32h7xx_hal_fdcan.o
 .text.FDCAN_CopyMessageToRAM
                0x08004d38       0xfc stm32h7xx_hal_fdcan.o
 .text.HAL_TIM_Base_Init
                0x08004e34       0xae stm32h7xx_hal_tim.o
                0x08004e34                HAL_TIM_Base_Init
 .text.HAL_TIM_Base_MspInit
                0x08004ee2       0x14 stm32h7xx_hal_tim.o
                0x08004ee2                HAL_TIM_Base_MspInit
 *fill*         0x08004ef6        0x2 
 .text.HAL_TIM_Base_Start_IT
                0x08004ef8      0x10c stm32h7xx_hal_tim.o
                0x08004ef8                HAL_TIM_Base_Start_IT
 .text.HAL_TIM_IRQHandler
                0x08005004      0x23e stm32h7xx_hal_tim.o
                0x08005004                HAL_TIM_IRQHandler
 .text.HAL_TIM_OC_DelayElapsedCallback
                0x08005242       0x14 stm32h7xx_hal_tim.o
                0x08005242                HAL_TIM_OC_DelayElapsedCallback
 .text.HAL_TIM_IC_CaptureCallback
                0x08005256       0x14 stm32h7xx_hal_tim.o
                0x08005256                HAL_TIM_IC_CaptureCallback
 .text.HAL_TIM_PWM_PulseFinishedCallback
                0x0800526a       0x14 stm32h7xx_hal_tim.o
                0x0800526a                HAL_TIM_PWM_PulseFinishedCallback
 .text.HAL_TIM_TriggerCallback
                0x0800527e       0x14 stm32h7xx_hal_tim.o
                0x0800527e                HAL_TIM_TriggerCallback
 *fill*         0x08005292        0x2 
 .text.TIM_Base_SetConfig
                0x08005294      0x14c stm32h7xx_hal_tim.o
                0x08005294                TIM_Base_SetConfig
 .text.HAL_TIMEx_CommutCallback
                0x080053e0       0x14 stm32h7xx_hal_tim_ex.o
                0x080053e0                HAL_TIMEx_CommutCallback
 .text.HAL_TIMEx_BreakCallback
                0x080053f4       0x14 stm32h7xx_hal_tim_ex.o
                0x080053f4                HAL_TIMEx_BreakCallback
 .text.HAL_TIMEx_Break2Callback
                0x08005408       0x14 stm32h7xx_hal_tim_ex.o
                0x08005408                HAL_TIMEx_Break2Callback
 .text.LL_TIM_SetPrescaler
                0x0800541c       0x1c stm32h7xx_ll_tim.o
 .text.LL_TIM_SetAutoReload
                0x08005438       0x1c stm32h7xx_ll_tim.o
 .text.LL_TIM_SetRepetitionCounter
                0x08005454       0x1c stm32h7xx_ll_tim.o
 .text.LL_TIM_OC_SetCompareCH1
                0x08005470       0x1c stm32h7xx_ll_tim.o
 .text.LL_TIM_OC_SetCompareCH2
                0x0800548c       0x1c stm32h7xx_ll_tim.o
 .text.LL_TIM_OC_SetCompareCH3
                0x080054a8       0x1c stm32h7xx_ll_tim.o
 .text.LL_TIM_OC_SetCompareCH4
                0x080054c4       0x1c stm32h7xx_ll_tim.o
 .text.LL_TIM_OC_SetCompareCH5
                0x080054e0       0x20 stm32h7xx_ll_tim.o
 .text.LL_TIM_OC_SetCompareCH6
                0x08005500       0x1c stm32h7xx_ll_tim.o
 .text.LL_TIM_GenerateEvent_UPDATE
                0x0800551c       0x20 stm32h7xx_ll_tim.o
 .text.LL_TIM_Init
                0x0800553c      0x140 stm32h7xx_ll_tim.o
                0x0800553c                LL_TIM_Init
 .text.LL_TIM_OC_Init
                0x0800567c       0xbe stm32h7xx_ll_tim.o
                0x0800567c                LL_TIM_OC_Init
 *fill*         0x0800573a        0x2 
 .text.LL_TIM_BDTR_Init
                0x0800573c      0x110 stm32h7xx_ll_tim.o
                0x0800573c                LL_TIM_BDTR_Init
 .text.OC1Config
                0x0800584c      0x100 stm32h7xx_ll_tim.o
 .text.OC2Config
                0x0800594c      0x108 stm32h7xx_ll_tim.o
 .text.OC3Config
                0x08005a54      0x108 stm32h7xx_ll_tim.o
 .text.OC4Config
                0x08005b5c       0xd8 stm32h7xx_ll_tim.o
 .text.OC5Config
                0x08005c34       0xc8 stm32h7xx_ll_tim.o
 .text.OC6Config
                0x08005cfc       0xc8 stm32h7xx_ll_tim.o
 .text.vListInitialise
                0x08005dc4       0x40 list.o
                0x08005dc4                vListInitialise
 .text.vListInitialiseItem
                0x08005e04       0x1a list.o
                0x08005e04                vListInitialiseItem
 .text.vListInsertEnd
                0x08005e1e       0x48 list.o
                0x08005e1e                vListInsertEnd
 .text.vListInsert
                0x08005e66       0x72 list.o
                0x08005e66                vListInsert
 .text.uxListRemove
                0x08005ed8       0x54 list.o
                0x08005ed8                uxListRemove
 .text.xQueueGenericReset
                0x08005f2c       0xd0 queue.o
                0x08005f2c                xQueueGenericReset
 .text.xQueueGenericCreateStatic
                0x08005ffc       0xf0 queue.o
                0x08005ffc                xQueueGenericCreateStatic
 .text.xQueueGenericCreate
                0x080060ec       0x74 queue.o
                0x080060ec                xQueueGenericCreate
 .text.prvInitialiseNewQueue
                0x08006160       0x46 queue.o
 .text.xQueueCreateCountingSemaphore
                0x080061a6       0x66 queue.o
                0x080061a6                xQueueCreateCountingSemaphore
 .text.xQueueGenericSend
                0x0800620c      0x1fc queue.o
                0x0800620c                xQueueGenericSend
 .text.xQueueGenericSendFromISR
                0x08006408      0x136 queue.o
                0x08006408                xQueueGenericSendFromISR
 *fill*         0x0800653e        0x2 
 .text.xQueueReceive
                0x08006540      0x1c0 queue.o
                0x08006540                xQueueReceive
 .text.xQueueSemaphoreTake
                0x08006700      0x218 queue.o
                0x08006700                xQueueSemaphoreTake
 .text.vQueueDelete
                0x08006918       0x46 queue.o
                0x08006918                vQueueDelete
 .text.prvGetDisinheritPriorityAfterTimeout
                0x0800695e       0x30 queue.o
 .text.prvCopyDataToQueue
                0x0800698e       0xd4 queue.o
 .text.prvCopyDataFromQueue
                0x08006a62       0x4c queue.o
 .text.prvUnlockQueue
                0x08006aae       0xa4 queue.o
 .text.prvIsQueueEmpty
                0x08006b52       0x2c queue.o
 .text.prvIsQueueFull
                0x08006b7e       0x30 queue.o
 *fill*         0x08006bae        0x2 
 .text.vQueueAddToRegistry
                0x08006bb0       0x54 queue.o
                0x08006bb0                vQueueAddToRegistry
 .text.vQueueUnregisterQueue
                0x08006c04       0x54 queue.o
                0x08006c04                vQueueUnregisterQueue
 .text.vQueueWaitForMessageRestricted
                0x08006c58       0x68 queue.o
                0x08006c58                vQueueWaitForMessageRestricted
 .text.xTaskCreateStatic
                0x08006cc0       0xbe tasks.o
                0x08006cc0                xTaskCreateStatic
 .text.xTaskCreate
                0x08006d7e       0x8c tasks.o
                0x08006d7e                xTaskCreate
 *fill*         0x08006e0a        0x2 
 .text.prvInitialiseNewTask
                0x08006e0c      0x1a0 tasks.o
 .text.prvAddNewTaskToReadyList
                0x08006fac       0xe0 tasks.o
 .text.vTaskDelete
                0x0800708c       0xe4 tasks.o
                0x0800708c                vTaskDelete
 .text.vTaskStartScheduler
                0x08007170       0xe0 tasks.o
                0x08007170                vTaskStartScheduler
 .text.vTaskSuspendAll
                0x08007250       0x1c tasks.o
                0x08007250                vTaskSuspendAll
 .text.xTaskResumeAll
                0x0800726c      0x13c tasks.o
                0x0800726c                xTaskResumeAll
 .text.xTaskGetTickCount
                0x080073a8       0x20 tasks.o
                0x080073a8                xTaskGetTickCount
 .text.xTaskIncrementTick
                0x080073c8      0x174 tasks.o
                0x080073c8                xTaskIncrementTick
 .text.vTaskSwitchContext
                0x0800753c       0xc8 tasks.o
                0x0800753c                vTaskSwitchContext
 .text.vTaskPlaceOnEventList
                0x08007604       0x48 tasks.o
                0x08007604                vTaskPlaceOnEventList
 .text.vTaskPlaceOnEventListRestricted
                0x0800764c       0x58 tasks.o
                0x0800764c                vTaskPlaceOnEventListRestricted
 .text.xTaskRemoveFromEventList
                0x080076a4       0xc8 tasks.o
                0x080076a4                xTaskRemoveFromEventList
 .text.vTaskInternalSetTimeOutState
                0x0800776c       0x2c tasks.o
                0x0800776c                vTaskInternalSetTimeOutState
 .text.xTaskCheckForTimeOut
                0x08007798       0xc4 tasks.o
                0x08007798                xTaskCheckForTimeOut
 .text.vTaskMissedYield
                0x0800785c       0x18 tasks.o
                0x0800785c                vTaskMissedYield
 .text.prvIdleTask
                0x08007874       0x30 tasks.o
 .text.prvInitialiseTaskLists
                0x080078a4       0x80 tasks.o
 .text.prvCheckTasksWaitingTermination
                0x08007924       0x5c tasks.o
 .text.prvDeleteTCB
                0x08007980       0x68 tasks.o
 .text.prvResetNextTaskUnblockTime
                0x080079e8       0x40 tasks.o
 .text.xTaskGetSchedulerState
                0x08007a28       0x3c tasks.o
                0x08007a28                xTaskGetSchedulerState
 .text.xTaskPriorityInherit
                0x08007a64       0xd0 tasks.o
                0x08007a64                xTaskPriorityInherit
 .text.xTaskPriorityDisinherit
                0x08007b34       0xdc tasks.o
                0x08007b34                xTaskPriorityDisinherit
 .text.vTaskPriorityDisinheritAfterTimeout
                0x08007c10      0x104 tasks.o
                0x08007c10                vTaskPriorityDisinheritAfterTimeout
 .text.pvTaskIncrementMutexHeldCount
                0x08007d14       0x28 tasks.o
                0x08007d14                pvTaskIncrementMutexHeldCount
 .text.prvAddCurrentTaskToDelayedList
                0x08007d3c       0xa8 tasks.o
 .text.xTimerCreateTimerTask
                0x08007de4       0x90 timers.o
                0x08007de4                xTimerCreateTimerTask
 .text.xTimerCreate
                0x08007e74       0x42 timers.o
                0x08007e74                xTimerCreate
 .text.prvInitialiseNewTimer
                0x08007eb6       0x76 timers.o
 .text.xTimerGenericCommand
                0x08007f2c       0x9c timers.o
                0x08007f2c                xTimerGenericCommand
 .text.prvProcessExpiredTimer
                0x08007fc8       0x98 timers.o
 .text.prvTimerTask
                0x08008060       0x24 timers.o
 .text.prvProcessTimerOrBlockTask
                0x08008084       0x9c timers.o
 .text.prvGetNextExpireTime
                0x08008120       0x48 timers.o
 .text.prvSampleTimeNow
                0x08008168       0x40 timers.o
 .text.prvInsertTimerInActiveList
                0x080081a8       0x84 timers.o
 .text.prvProcessReceivedCommands
                0x0800822c      0x1c4 timers.o
 .text.prvSwitchTimerLists
                0x080083f0       0xc8 timers.o
 .text.prvCheckForValidListAndQueue
                0x080084b8       0x80 timers.o
 .text.SysTick_Handler
                0x08008538       0x20 cmsis_os2.o
                0x08008538                SysTick_Handler
 .text.vApplicationGetIdleTaskMemory
                0x08008558       0x34 cmsis_os2.o
                0x08008558                vApplicationGetIdleTaskMemory
 .text.vApplicationGetTimerTaskMemory
                0x0800858c       0x34 cmsis_os2.o
                0x0800858c                vApplicationGetTimerTaskMemory
 .text.pvPortMalloc
                0x080085c0      0x198 heap_4.o
                0x080085c0                pvPortMalloc
 .text.vPortFree
                0x08008758       0xc4 heap_4.o
                0x08008758                vPortFree
 .text.prvHeapInit
                0x0800881c       0xc4 heap_4.o
 .text.prvInsertBlockIntoFreeList
                0x080088e0       0xb4 heap_4.o
 .text.pxPortInitialiseStack
                0x08008994       0x68 port.o
                0x08008994                pxPortInitialiseStack
 .text.prvTaskExitError
                0x080089fc       0x58 port.o
 *fill*         0x08008a54        0xc 
 .text.SVC_Handler
                0x08008a60       0x28 port.o
                0x08008a60                SVC_Handler
 .text.prvPortStartFirstTask
                0x08008a88       0x28 port.o
 .text.xPortStartScheduler
                0x08008ab0      0x144 port.o
                0x08008ab0                xPortStartScheduler
 .text.vPortEnterCritical
                0x08008bf4       0x60 port.o
                0x08008bf4                vPortEnterCritical
 .text.vPortExitCritical
                0x08008c54       0x54 port.o
                0x08008c54                vPortExitCritical
 *fill*         0x08008ca8        0x8 
 .text.PendSV_Handler
                0x08008cb0       0x68 port.o
                0x08008cb0                PendSV_Handler
 .text.xPortSysTickHandler
                0x08008d18       0x44 port.o
                0x08008d18                xPortSysTickHandler
 .text.vPortSetupTimerInterrupt
                0x08008d5c       0x48 port.o
                0x08008d5c                vPortSetupTimerInterrupt
 .text.vPortEnableVFP
                0x08008da4       0x14 port.o
 .text.vPortValidateInterruptPriority
                0x08008db8       0x80 port.o
                0x08008db8                vPortValidateInterruptPriority
 .text.SystemInit
                0x08008e38       0xf0 system_stm32h7xx.o
                0x08008e38                SystemInit
 .text.Reset_Handler
                0x08008f28       0x50 startup_stm32h735zgtx.o
                0x08008f28                Reset_Handler
 .text.Default_Handler
                0x08008f78        0x2 startup_stm32h735zgtx.o
                0x08008f78                RTC_Alarm_IRQHandler
                0x08008f78                HASH_RNG_IRQHandler
                0x08008f78                EXTI2_IRQHandler
                0x08008f78                TIM8_CC_IRQHandler
                0x08008f78                UART8_IRQHandler
                0x08008f78                SPI4_IRQHandler
                0x08008f78                FDCAN3_IT0_IRQHandler
                0x08008f78                TIM1_CC_IRQHandler
                0x08008f78                BDMA_Channel6_IRQHandler
                0x08008f78                DMA2_Stream5_IRQHandler
                0x08008f78                DMA1_Stream5_IRQHandler
                0x08008f78                CORDIC_IRQHandler
                0x08008f78                BDMA_Channel1_IRQHandler
                0x08008f78                TAMP_STAMP_IRQHandler
                0x08008f78                EXTI3_IRQHandler
                0x08008f78                LPTIM4_IRQHandler
                0x08008f78                TIM8_TRG_COM_TIM14_IRQHandler
                0x08008f78                LPTIM2_IRQHandler
                0x08008f78                DFSDM1_FLT1_IRQHandler
                0x08008f78                DMAMUX2_OVR_IRQHandler
                0x08008f78                TIM8_UP_TIM13_IRQHandler
                0x08008f78                I2C3_ER_IRQHandler
                0x08008f78                DFSDM1_FLT2_IRQHandler
                0x08008f78                I2C5_EV_IRQHandler
                0x08008f78                USART10_IRQHandler
                0x08008f78                MDMA_IRQHandler
                0x08008f78                LPTIM3_IRQHandler
                0x08008f78                HSEM1_IRQHandler
                0x08008f78                EXTI0_IRQHandler
                0x08008f78                I2C2_EV_IRQHandler
                0x08008f78                DMA1_Stream2_IRQHandler
                0x08008f78                FPU_IRQHandler
                0x08008f78                OTG_HS_WKUP_IRQHandler
                0x08008f78                FDCAN1_IT1_IRQHandler
                0x08008f78                LTDC_ER_IRQHandler
                0x08008f78                DMA2_Stream2_IRQHandler
                0x08008f78                SPI1_IRQHandler
                0x08008f78                OCTOSPI1_IRQHandler
                0x08008f78                TIM6_DAC_IRQHandler
                0x08008f78                DMA2_Stream3_IRQHandler
                0x08008f78                OCTOSPI2_IRQHandler
                0x08008f78                DFSDM1_FLT3_IRQHandler
                0x08008f78                TIM23_IRQHandler
                0x08008f78                USART6_IRQHandler
                0x08008f78                TIM17_IRQHandler
                0x08008f78                USART3_IRQHandler
                0x08008f78                BDMA_Channel7_IRQHandler
                0x08008f78                CRYP_IRQHandler
                0x08008f78                LPTIM5_IRQHandler
                0x08008f78                UART5_IRQHandler
                0x08008f78                ADC3_IRQHandler
                0x08008f78                DMA2_Stream0_IRQHandler
                0x08008f78                TIM4_IRQHandler
                0x08008f78                BDMA_Channel2_IRQHandler
                0x08008f78                I2C1_EV_IRQHandler
                0x08008f78                DMA1_Stream6_IRQHandler
                0x08008f78                DMAMUX1_OVR_IRQHandler
                0x08008f78                DMA1_Stream1_IRQHandler
                0x08008f78                TIM16_IRQHandler
                0x08008f78                UART4_IRQHandler
                0x08008f78                BDMA_Channel5_IRQHandler
                0x08008f78                TIM3_IRQHandler
                0x08008f78                RCC_IRQHandler
                0x08008f78                UART9_IRQHandler
                0x08008f78                TIM8_BRK_TIM12_IRQHandler
                0x08008f78                TIM1_TRG_COM_IRQHandler
                0x08008f78                Default_Handler
                0x08008f78                ECC_IRQHandler
                0x08008f78                FMAC_IRQHandler
                0x08008f78                CEC_IRQHandler
                0x08008f78                EXTI15_10_IRQHandler
                0x08008f78                BDMA_Channel0_IRQHandler
                0x08008f78                ADC_IRQHandler
                0x08008f78                I2C5_ER_IRQHandler
                0x08008f78                OTFDEC1_IRQHandler
                0x08008f78                DMA1_Stream7_IRQHandler
                0x08008f78                SPI5_IRQHandler
                0x08008f78                TIM7_IRQHandler
                0x08008f78                FDCAN3_IT1_IRQHandler
                0x08008f78                SDMMC1_IRQHandler
                0x08008f78                TIM5_IRQHandler
                0x08008f78                DMA2_Stream7_IRQHandler
                0x08008f78                TIM15_IRQHandler
                0x08008f78                PVD_AVD_IRQHandler
                0x08008f78                I2C3_EV_IRQHandler
                0x08008f78                EXTI9_5_IRQHandler
                0x08008f78                RTC_WKUP_IRQHandler
                0x08008f78                LTDC_IRQHandler
                0x08008f78                ETH_WKUP_IRQHandler
                0x08008f78                SPDIF_RX_IRQHandler
                0x08008f78                SPI2_IRQHandler
                0x08008f78                OTG_HS_EP1_IN_IRQHandler
                0x08008f78                DMA1_Stream0_IRQHandler
                0x08008f78                OTFDEC2_IRQHandler
                0x08008f78                TIM24_IRQHandler
                0x08008f78                CRS_IRQHandler
                0x08008f78                EXTI4_IRQHandler
                0x08008f78                FDCAN2_IT1_IRQHandler
                0x08008f78                ETH_IRQHandler
                0x08008f78                TIM1_UP_IRQHandler
                0x08008f78                BDMA_Channel4_IRQHandler
                0x08008f78                OTG_HS_EP1_OUT_IRQHandler
                0x08008f78                WWDG_IRQHandler
                0x08008f78                SPI6_IRQHandler
                0x08008f78                MDIOS_IRQHandler
                0x08008f78                I2C4_EV_IRQHandler
                0x08008f78                FDCAN2_IT0_IRQHandler
                0x08008f78                LPUART1_IRQHandler
                0x08008f78                OTG_HS_IRQHandler
                0x08008f78                DMA2D_IRQHandler
                0x08008f78                TIM1_BRK_IRQHandler
                0x08008f78                EXTI1_IRQHandler
                0x08008f78                SDMMC2_IRQHandler
                0x08008f78                BDMA_Channel3_IRQHandler
                0x08008f78                DTS_IRQHandler
                0x08008f78                UART7_IRQHandler
                0x08008f78                MDIOS_WKUP_IRQHandler
                0x08008f78                USART2_IRQHandler
                0x08008f78                DFSDM1_FLT0_IRQHandler
                0x08008f78                SAI4_IRQHandler
                0x08008f78                I2C2_ER_IRQHandler
                0x08008f78                DMA2_Stream1_IRQHandler
                0x08008f78                FLASH_IRQHandler
                0x08008f78                DMA2_Stream4_IRQHandler
                0x08008f78                USART1_IRQHandler
                0x08008f78                SPI3_IRQHandler
                0x08008f78                WAKEUP_PIN_IRQHandler
                0x08008f78                DMA1_Stream4_IRQHandler
                0x08008f78                I2C1_ER_IRQHandler
                0x08008f78                FMC_IRQHandler
                0x08008f78                FDCAN_CAL_IRQHandler
                0x08008f78                SWPMI1_IRQHandler
                0x08008f78                COMP1_IRQHandler
                0x08008f78                LPTIM1_IRQHandler
                0x08008f78                DCMI_PSSI_IRQHandler
                0x08008f78                I2C4_ER_IRQHandler
                0x08008f78                DMA2_Stream6_IRQHandler
                0x08008f78                SAI1_IRQHandler
                0x08008f78                DMA1_Stream3_IRQHandler
 *fill*         0x08008f7a        0x6 
 .text.fmod     0x08008f80       0x50 c:/programdata/matlab/supportpackages/r2024a/3p.instrset/gnuarm-armcortex.instrset/win/bin/../lib/gcc/arm-none-eabi/11.3.1/thumb/v7e-m+dp/hard\libm.a(libm_a-w_fmod.o)
                0x08008f80                fmod
 .text.floor    0x08008fd0      0x110 c:/programdata/matlab/supportpackages/r2024a/3p.instrset/gnuarm-armcortex.instrset/win/bin/../lib/gcc/arm-none-eabi/11.3.1/thumb/v7e-m+dp/hard\libm.a(libm_a-s_floor.o)
                0x08008fd0                floor
 .text.__ieee754_fmod
                0x080090e0      0x298 c:/programdata/matlab/supportpackages/r2024a/3p.instrset/gnuarm-armcortex.instrset/win/bin/../lib/gcc/arm-none-eabi/11.3.1/thumb/v7e-m+dp/hard\libm.a(libm_a-e_fmod.o)
                0x080090e0                __ieee754_fmod
 .text.memset   0x08009378       0x10 c:/programdata/matlab/supportpackages/r2024a/3p.instrset/gnuarm-armcortex.instrset/win/bin/../lib/gcc/arm-none-eabi/11.3.1/thumb/v7e-m+dp/hard\libc_nano.a(libc_a-memset.o)
                0x08009378                memset
 .text._reclaim_reent
                0x08009388       0xac c:/programdata/matlab/supportpackages/r2024a/3p.instrset/gnuarm-armcortex.instrset/win/bin/../lib/gcc/arm-none-eabi/11.3.1/thumb/v7e-m+dp/hard\libc_nano.a(libc_a-reent.o)
                0x08009388                _reclaim_reent
 .text.__errno  0x08009434        0xc c:/programdata/matlab/supportpackages/r2024a/3p.instrset/gnuarm-armcortex.instrset/win/bin/../lib/gcc/arm-none-eabi/11.3.1/thumb/v7e-m+dp/hard\libc_nano.a(libc_a-errno.o)
                0x08009434                __errno
 .text.__libc_init_array
                0x08009440       0x48 c:/programdata/matlab/supportpackages/r2024a/3p.instrset/gnuarm-armcortex.instrset/win/bin/../lib/gcc/arm-none-eabi/11.3.1/thumb/v7e-m+dp/hard\libc_nano.a(libc_a-init.o)
                0x08009440                __libc_init_array
 .text.__retarget_lock_acquire_recursive
                0x08009488        0x2 c:/programdata/matlab/supportpackages/r2024a/3p.instrset/gnuarm-armcortex.instrset/win/bin/../lib/gcc/arm-none-eabi/11.3.1/thumb/v7e-m+dp/hard\libc_nano.a(libc_a-lock.o)
                0x08009488                __retarget_lock_acquire_recursive
 .text.__retarget_lock_release_recursive
                0x0800948a        0x2 c:/programdata/matlab/supportpackages/r2024a/3p.instrset/gnuarm-armcortex.instrset/win/bin/../lib/gcc/arm-none-eabi/11.3.1/thumb/v7e-m+dp/hard\libc_nano.a(libc_a-lock.o)
                0x0800948a                __retarget_lock_release_recursive
 .text.memcpy   0x0800948c       0x1c c:/programdata/matlab/supportpackages/r2024a/3p.instrset/gnuarm-armcortex.instrset/win/bin/../lib/gcc/arm-none-eabi/11.3.1/thumb/v7e-m+dp/hard\libc_nano.a(libc_a-memcpy-stub.o)
                0x0800948c                memcpy
 .text._free_r  0x080094a8       0x98 c:/programdata/matlab/supportpackages/r2024a/3p.instrset/gnuarm-armcortex.instrset/win/bin/../lib/gcc/arm-none-eabi/11.3.1/thumb/v7e-m+dp/hard\libc_nano.a(libc_a-freer.o)
                0x080094a8                _free_r
 .text.__malloc_lock
                0x08009540        0xc c:/programdata/matlab/supportpackages/r2024a/3p.instrset/gnuarm-armcortex.instrset/win/bin/../lib/gcc/arm-none-eabi/11.3.1/thumb/v7e-m+dp/hard\libc_nano.a(libc_a-mlock.o)
                0x08009540                __malloc_lock
 .text.__malloc_unlock
                0x0800954c        0xc c:/programdata/matlab/supportpackages/r2024a/3p.instrset/gnuarm-armcortex.instrset/win/bin/../lib/gcc/arm-none-eabi/11.3.1/thumb/v7e-m+dp/hard\libc_nano.a(libc_a-mlock.o)
                0x0800954c                __malloc_unlock
 *(.glue_7)
 .glue_7        0x08009558        0x0 linker stubs
 *(.glue_7t)
 .glue_7t       0x08009558        0x0 linker stubs
 *(.eh_frame)
 .eh_frame      0x08009558        0x0 c:/programdata/matlab/supportpackages/r2024a/3p.instrset/gnuarm-armcortex.instrset/win/bin/../lib/gcc/arm-none-eabi/11.3.1/thumb/v7e-m+dp/hard/crtbegin.o
 *(.init)
 .init          0x08009558        0x4 c:/programdata/matlab/supportpackages/r2024a/3p.instrset/gnuarm-armcortex.instrset/win/bin/../lib/gcc/arm-none-eabi/11.3.1/thumb/v7e-m+dp/hard/crti.o
                0x08009558                _init
 .init          0x0800955c        0x8 c:/programdata/matlab/supportpackages/r2024a/3p.instrset/gnuarm-armcortex.instrset/win/bin/../lib/gcc/arm-none-eabi/11.3.1/thumb/v7e-m+dp/hard/crtn.o
 *(.fini)
 .fini          0x08009564        0x4 c:/programdata/matlab/supportpackages/r2024a/3p.instrset/gnuarm-armcortex.instrset/win/bin/../lib/gcc/arm-none-eabi/11.3.1/thumb/v7e-m+dp/hard/crti.o
                0x08009564                _fini
 .fini          0x08009568        0x8 c:/programdata/matlab/supportpackages/r2024a/3p.instrset/gnuarm-armcortex.instrset/win/bin/../lib/gcc/arm-none-eabi/11.3.1/thumb/v7e-m+dp/hard/crtn.o
                0x08009570                . = ALIGN (0x4)
                0x08009570                _etext = .

.vfp11_veneer   0x08009570        0x0
 .vfp11_veneer  0x08009570        0x0 linker stubs

.v4_bx          0x08009570        0x0
 .v4_bx         0x08009570        0x0 linker stubs

.iplt           0x08009570        0x0
 .iplt          0x08009570        0x0 c:/programdata/matlab/supportpackages/r2024a/3p.instrset/gnuarm-armcortex.instrset/win/bin/../lib/gcc/arm-none-eabi/11.3.1/thumb/v7e-m+dp/hard/crtbegin.o

.rodata         0x08009570       0xc8
                0x08009570                . = ALIGN (0x4)
 *(.rodata)
 .rodata        0x08009570       0x13 mw_freertos_init.o
 *fill*         0x08009583        0x1 
 .rodata        0x08009584       0x4c stm32h7xx_hal_fdcan.o
 .rodata        0x080095d0        0x5 tasks.o
 *fill*         0x080095d5        0x3 
 .rodata        0x080095d8        0xd timers.o
 *(.rodata*)
 *fill*         0x080095e5        0x3 
 .rodata.testing_new_board_M
                0x080095e8        0x4 testing_new_board.o
                0x080095e8                testing_new_board_M
 .rodata.OFFSET_TAB_CCMRx
                0x080095ec        0x9 main.o
 *fill*         0x080095f5        0x3 
 .rodata.SHIFT_TAB_OCxx
                0x080095f8        0x9 main.o
 *fill*         0x08009601        0x3 
 .rodata.DLCtoBytes
                0x08009604       0x10 stm32h7xx_hal_fdcan.o
 .rodata.D1CorePrescTable
                0x08009614       0x10 system_stm32h7xx.o
                0x08009614                D1CorePrescTable
 *fill*         0x08009624        0x4 
 .rodata.Zero   0x08009628       0x10 c:/programdata/matlab/supportpackages/r2024a/3p.instrset/gnuarm-armcortex.instrset/win/bin/../lib/gcc/arm-none-eabi/11.3.1/thumb/v7e-m+dp/hard\libm.a(libm_a-e_fmod.o)
                0x08009638                . = ALIGN (0x4)

.rel.dyn        0x08009638        0x0
 .rel.iplt      0x08009638        0x0 c:/programdata/matlab/supportpackages/r2024a/3p.instrset/gnuarm-armcortex.instrset/win/bin/../lib/gcc/arm-none-eabi/11.3.1/thumb/v7e-m+dp/hard/crtbegin.o

.ARM.extab
 *(.ARM.extab* .gnu.linkonce.armextab.*)

.ARM            0x08009638        0x0
                0x08009638                __exidx_start = .
 *(.ARM.exidx*)
                0x08009638                __exidx_end = .

.preinit_array  0x08009638        0x0
                0x08009638                PROVIDE (__preinit_array_start = .)
 *(.preinit_array*)
                0x08009638                PROVIDE (__preinit_array_end = .)

.init_array     0x08009638        0x4
                0x08009638                PROVIDE (__init_array_start = .)
 *(SORT_BY_NAME(.init_array.*))
 *(.init_array*)
 .init_array    0x08009638        0x4 c:/programdata/matlab/supportpackages/r2024a/3p.instrset/gnuarm-armcortex.instrset/win/bin/../lib/gcc/arm-none-eabi/11.3.1/thumb/v7e-m+dp/hard/crtbegin.o
                0x0800963c                PROVIDE (__init_array_end = .)

.fini_array     0x0800963c        0x4
                [!provide]                PROVIDE (__fini_array_start = .)
 *(SORT_BY_NAME(.fini_array.*))
 *(.fini_array*)
 .fini_array    0x0800963c        0x4 c:/programdata/matlab/supportpackages/r2024a/3p.instrset/gnuarm-armcortex.instrset/win/bin/../lib/gcc/arm-none-eabi/11.3.1/thumb/v7e-m+dp/hard/crtbegin.o
                [!provide]                PROVIDE (__fini_array_end = .)
                0x08009640                _sidata = LOADADDR (.data)

.data           0x24000000       0xc4 load address 0x08009640
                0x24000000                . = ALIGN (0x4)
                0x24000000                _sdata = .
 *(.data)
 *(.data*)
 .data.runModel
                0x24000000        0x1 ert_main.o
                0x24000000                runModel
 *fill*         0x24000001        0x7 
 .data.rtInf    0x24000008        0x8 rt_nonfinite.o
                0x24000008                rtInf
 .data.rtMinusInf
                0x24000010        0x8 rt_nonfinite.o
                0x24000010                rtMinusInf
 .data.testing_new_board_P
                0x24000018       0x48 testing_new_board_data.o
                0x24000018                testing_new_board_P
 .data.uwTickPrio
                0x24000060        0x4 stm32h7xx_hal.o
                0x24000060                uwTickPrio
 .data.uwTickFreq
                0x24000064        0x1 stm32h7xx_hal.o
                0x24000064                uwTickFreq
 *fill*         0x24000065        0x3 
 .data.uxCriticalNesting
                0x24000068        0x4 port.o
 .data.SystemCoreClock
                0x2400006c        0x4 system_stm32h7xx.o
                0x2400006c                SystemCoreClock
 .data.SystemD2Clock
                0x24000070        0x4 system_stm32h7xx.o
                0x24000070                SystemD2Clock
 .data._impure_data
                0x24000074       0x4c c:/programdata/matlab/supportpackages/r2024a/3p.instrset/gnuarm-armcortex.instrset/win/bin/../lib/gcc/arm-none-eabi/11.3.1/thumb/v7e-m+dp/hard\libc_nano.a(libc_a-impure.o)
                0x24000074                _impure_data
 .data._impure_ptr
                0x240000c0        0x4 c:/programdata/matlab/supportpackages/r2024a/3p.instrset/gnuarm-armcortex.instrset/win/bin/../lib/gcc/arm-none-eabi/11.3.1/thumb/v7e-m+dp/hard\libc_nano.a(libc_a-impure.o)
                0x240000c0                _impure_ptr
 *(.RamFunc)
 *(.RamFunc*)
                0x240000c4                . = ALIGN (0x4)
                0x240000c4                _edata = .

.tm_clone_table
                0x240000c4        0x0 load address 0x08009704
 .tm_clone_table
                0x240000c4        0x0 c:/programdata/matlab/supportpackages/r2024a/3p.instrset/gnuarm-armcortex.instrset/win/bin/../lib/gcc/arm-none-eabi/11.3.1/thumb/v7e-m+dp/hard/crtbegin.o
 .tm_clone_table
                0x240000c4        0x0 c:/programdata/matlab/supportpackages/r2024a/3p.instrset/gnuarm-armcortex.instrset/win/bin/../lib/gcc/arm-none-eabi/11.3.1/thumb/v7e-m+dp/hard/crtend.o

.igot.plt       0x240000c4        0x0 load address 0x08009704
 .igot.plt      0x240000c4        0x0 c:/programdata/matlab/supportpackages/r2024a/3p.instrset/gnuarm-armcortex.instrset/win/bin/../lib/gcc/arm-none-eabi/11.3.1/thumb/v7e-m+dp/hard/crtbegin.o
                0x240000c4                . = ALIGN (0x4)

.bss            0x240000c8     0x4fc8 load address 0x08009704
                0x240000c8                _sbss = .
                0x240000c8                __bss_start__ = _sbss
 *(.bss)
 *(.bss*)
 .bss.completed.1
                0x240000c8        0x1 c:/programdata/matlab/supportpackages/r2024a/3p.instrset/gnuarm-armcortex.instrset/win/bin/../lib/gcc/arm-none-eabi/11.3.1/thumb/v7e-m+dp/hard/crtbegin.o
 *fill*         0x240000c9        0x3 
 .bss.object.0  0x240000cc       0x18 c:/programdata/matlab/supportpackages/r2024a/3p.instrset/gnuarm-armcortex.instrset/win/bin/../lib/gcc/arm-none-eabi/11.3.1/thumb/v7e-m+dp/hard/crtbegin.o
 .bss.mw_fdcan1
                0x240000e4        0x8 stm_fdcan_hal.o
                0x240000e4                mw_fdcan1
 .bss.stopRequested
                0x240000ec        0x1 ert_main.o
                0x240000ec                stopRequested
 *fill*         0x240000ed        0x3 
 .bss.stopSem   0x240000f0        0x4 ert_main.o
                0x240000f0                stopSem
 .bss.baserateTaskSem
                0x240000f4        0x4 ert_main.o
                0x240000f4                baserateTaskSem
 .bss.subrateTaskSem
                0x240000f8        0x4 ert_main.o
                0x240000f8                subrateTaskSem
 .bss.taskId    0x240000fc        0x4 ert_main.o
                0x240000fc                taskId
 .bss.baseRateThread
                0x24000100       0x1c ert_main.o
                0x24000100                baseRateThread
 .bss.threadJoinStatus
                0x2400011c        0x4 ert_main.o
                0x2400011c                threadJoinStatus
 .bss.terminatingmodel
                0x24000120        0x4 ert_main.o
                0x24000120                terminatingmodel
 .bss.subRateThread
                0x24000124       0x1c ert_main.o
                0x24000124                subRateThread
 .bss.subratePriority
                0x24000140        0x4 ert_main.o
                0x24000140                subratePriority
 .bss.testing_new_board_DW
                0x24000144       0x18 testing_new_board.o
                0x24000144                testing_new_board_DW
 .bss.testing_new_board_M_
                0x2400015c        0x8 testing_new_board.o
 .bss.mw_scheduler_timer_def
                0x24000164       0x20 mw_freertos_init.o
                0x24000164                mw_scheduler_timer_def
 .bss.mw_timer_id
                0x24000184        0x4 mw_freertos_init.o
                0x24000184                mw_timer_id
 .bss.hfdcan1   0x24000188       0xa0 main.o
                0x24000188                hfdcan1
 .bss.hfdcan2   0x24000228       0xa0 main.o
                0x24000228                hfdcan2
 .bss.hfdcan3   0x240002c8       0xa0 main.o
                0x240002c8                hfdcan3
 .bss.HAL_RCC_FDCAN_CLK_ENABLED
                0x24000368        0x4 stm32h7xx_hal_msp.o
 .bss.htim2     0x2400036c       0x4c stm32h7xx_hal_timebase_tim.o
                0x2400036c                htim2
 .bss.uwTick    0x240003b8        0x4 stm32h7xx_hal.o
                0x240003b8                uwTick
 .bss.xQueueRegistry
                0x240003bc       0x40 queue.o
                0x240003bc                xQueueRegistry
 .bss.pxCurrentTCB
                0x240003fc        0x4 tasks.o
                0x240003fc                pxCurrentTCB
 .bss.pxReadyTasksLists
                0x24000400      0x460 tasks.o
 .bss.xDelayedTaskList1
                0x24000860       0x14 tasks.o
 .bss.xDelayedTaskList2
                0x24000874       0x14 tasks.o
 .bss.pxDelayedTaskList
                0x24000888        0x4 tasks.o
 .bss.pxOverflowDelayedTaskList
                0x2400088c        0x4 tasks.o
 .bss.xPendingReadyList
                0x24000890       0x14 tasks.o
 .bss.xTasksWaitingTermination
                0x240008a4       0x14 tasks.o
 .bss.uxDeletedTasksWaitingCleanUp
                0x240008b8        0x4 tasks.o
 .bss.xSuspendedTaskList
                0x240008bc       0x14 tasks.o
 .bss.uxCurrentNumberOfTasks
                0x240008d0        0x4 tasks.o
 .bss.xTickCount
                0x240008d4        0x4 tasks.o
 .bss.uxTopReadyPriority
                0x240008d8        0x4 tasks.o
 .bss.xSchedulerRunning
                0x240008dc        0x4 tasks.o
 .bss.xPendedTicks
                0x240008e0        0x4 tasks.o
 .bss.xYieldPending
                0x240008e4        0x4 tasks.o
 .bss.xNumOfOverflows
                0x240008e8        0x4 tasks.o
 .bss.uxTaskNumber
                0x240008ec        0x4 tasks.o
 .bss.xNextTaskUnblockTime
                0x240008f0        0x4 tasks.o
 .bss.xIdleTaskHandle
                0x240008f4        0x4 tasks.o
 .bss.uxSchedulerSuspended
                0x240008f8        0x4 tasks.o
 .bss.xActiveTimerList1
                0x240008fc       0x14 timers.o
 .bss.xActiveTimerList2
                0x24000910       0x14 timers.o
 .bss.pxCurrentTimerList
                0x24000924        0x4 timers.o
 .bss.pxOverflowTimerList
                0x24000928        0x4 timers.o
 .bss.xTimerQueue
                0x2400092c        0x4 timers.o
 .bss.xTimerTaskHandle
                0x24000930        0x4 timers.o
 .bss.xLastTime.2
                0x24000934        0x4 timers.o
 .bss.ucStaticTimerQueueStorage.1
                0x24000938       0xa0 timers.o
 .bss.xStaticTimerQueue.0
                0x240009d8       0x50 timers.o
 .bss.Idle_TCB.3
                0x24000a28      0x180 cmsis_os2.o
 .bss.Idle_Stack.2
                0x24000ba8      0x200 cmsis_os2.o
 .bss.Timer_TCB.1
                0x24000da8      0x180 cmsis_os2.o
 .bss.Timer_Stack.0
                0x24000f28      0x400 cmsis_os2.o
 .bss.ucHeap    0x24001328     0x3c00 heap_4.o
 .bss.xStart    0x24004f28        0x8 heap_4.o
 .bss.pxEnd     0x24004f30        0x4 heap_4.o
 .bss.xFreeBytesRemaining
                0x24004f34        0x4 heap_4.o
 .bss.xMinimumEverFreeBytesRemaining
                0x24004f38        0x4 heap_4.o
 .bss.xNumberOfSuccessfulAllocations
                0x24004f3c        0x4 heap_4.o
 .bss.xNumberOfSuccessfulFrees
                0x24004f40        0x4 heap_4.o
 .bss.xBlockAllocatedBit
                0x24004f44        0x4 heap_4.o
 .bss.ucMaxSysCallPriority
                0x24004f48        0x1 port.o
 *fill*         0x24004f49        0x3 
 .bss.ulMaxPRIGROUPValue
                0x24004f4c        0x4 port.o
 .bss.__sf      0x24004f50      0x138 c:/programdata/matlab/supportpackages/r2024a/3p.instrset/gnuarm-armcortex.instrset/win/bin/../lib/gcc/arm-none-eabi/11.3.1/thumb/v7e-m+dp/hard\libc_nano.a(libc_a-findfp.o)
                0x24004f50                __sf
 .bss.__lock___malloc_recursive_mutex
                0x24005088        0x1 c:/programdata/matlab/supportpackages/r2024a/3p.instrset/gnuarm-armcortex.instrset/win/bin/../lib/gcc/arm-none-eabi/11.3.1/thumb/v7e-m+dp/hard\libc_nano.a(libc_a-lock.o)
                0x24005088                __lock___malloc_recursive_mutex
 *fill*         0x24005089        0x3 
 .bss.__malloc_free_list
                0x2400508c        0x4 c:/programdata/matlab/supportpackages/r2024a/3p.instrset/gnuarm-armcortex.instrset/win/bin/../lib/gcc/arm-none-eabi/11.3.1/thumb/v7e-m+dp/hard\libc_nano.a(libc_a-mallocr.o)
                0x2400508c                __malloc_free_list
 *(COMMON)
                0x24005090                . = ALIGN (0x4)
                0x24005090                _ebss = .
                0x24005090                __bss_end__ = _ebss

._user_heap_stack
                0x24005090      0x600 load address 0x08009704
                0x24005090                . = ALIGN (0x8)
                [!provide]                PROVIDE (end = .)
                0x24005090                PROVIDE (_end = .)
                0x24005290                . = (. + _Min_Heap_Size)
 *fill*         0x24005090      0x200 
                0x24005690                . = (. + _Min_Stack_Size)
 *fill*         0x24005290      0x400 
                0x24005690                . = ALIGN (0x8)

/DISCARD/
 libc.a(*)
 libm.a(*)
 libgcc.a(*)

.ARM.attributes
                0x00000000       0x2e
 *(.ARM.attributes)
 .ARM.attributes
                0x00000000       0x1e c:/programdata/matlab/supportpackages/r2024a/3p.instrset/gnuarm-armcortex.instrset/win/bin/../lib/gcc/arm-none-eabi/11.3.1/thumb/v7e-m+dp/hard/crti.o
 .ARM.attributes
                0x0000001e       0x32 c:/programdata/matlab/supportpackages/r2024a/3p.instrset/gnuarm-armcortex.instrset/win/bin/../lib/gcc/arm-none-eabi/11.3.1/thumb/v7e-m+dp/hard/crtbegin.o
 .ARM.attributes
                0x00000050       0x32 stm_fdcan_hal.o
 .ARM.attributes
                0x00000082       0x32 ert_main.o
 .ARM.attributes
                0x000000b4       0x32 rt_nonfinite.o
 .ARM.attributes
                0x000000e6       0x32 testing_new_board.o
 .ARM.attributes
                0x00000118       0x32 testing_new_board_data.o
 .ARM.attributes
                0x0000014a       0x32 platform_timer.o
 .ARM.attributes
                0x0000017c       0x32 mw_freertos_init.o
 .ARM.attributes
                0x000001ae       0x32 mw_thread.o
 .ARM.attributes
                0x000001e0       0x32 mw_timer.o
 .ARM.attributes
                0x00000212       0x32 mw_semaphore.o
 .ARM.attributes
                0x00000244       0x32 main.o
 .ARM.attributes
                0x00000276       0x32 stm32h7xx_it.o
 .ARM.attributes
                0x000002a8       0x32 stm32h7xx_hal_msp.o
 .ARM.attributes
                0x000002da       0x32 stm32h7xx_hal_timebase_tim.o
 .ARM.attributes
                0x0000030c       0x32 stm32h7xx_ll_gpio.o
 .ARM.attributes
                0x0000033e       0x32 stm32h7xx_ll_adc.o
 .ARM.attributes
                0x00000370       0x32 stm32h7xx_ll_utils.o
 .ARM.attributes
                0x000003a2       0x32 stm32h7xx_hal_rcc.o
 .ARM.attributes
                0x000003d4       0x32 stm32h7xx_hal_gpio.o
 .ARM.attributes
                0x00000406       0x32 stm32h7xx_hal_cortex.o
 .ARM.attributes
                0x00000438       0x32 stm32h7xx_hal.o
 .ARM.attributes
                0x0000046a       0x32 stm32h7xx_hal_fdcan.o
 .ARM.attributes
                0x0000049c       0x32 stm32h7xx_hal_tim.o
 .ARM.attributes
                0x000004ce       0x32 stm32h7xx_hal_tim_ex.o
 .ARM.attributes
                0x00000500       0x32 stm32h7xx_ll_tim.o
 .ARM.attributes
                0x00000532       0x32 list.o
 .ARM.attributes
                0x00000564       0x32 queue.o
 .ARM.attributes
                0x00000596       0x32 tasks.o
 .ARM.attributes
                0x000005c8       0x32 timers.o
 .ARM.attributes
                0x000005fa       0x32 cmsis_os2.o
 .ARM.attributes
                0x0000062c       0x32 heap_4.o
 .ARM.attributes
                0x0000065e       0x32 port.o
 .ARM.attributes
                0x00000690       0x32 system_stm32h7xx.o
 .ARM.attributes
                0x000006c2       0x21 startup_stm32h735zgtx.o
 .ARM.attributes
                0x000006e3       0x32 c:/programdata/matlab/supportpackages/r2024a/3p.instrset/gnuarm-armcortex.instrset/win/bin/../lib/gcc/arm-none-eabi/11.3.1/thumb/v7e-m+dp/hard\libm.a(libm_a-w_fmod.o)
 .ARM.attributes
                0x00000715       0x32 c:/programdata/matlab/supportpackages/r2024a/3p.instrset/gnuarm-armcortex.instrset/win/bin/../lib/gcc/arm-none-eabi/11.3.1/thumb/v7e-m+dp/hard\libm.a(libm_a-s_floor.o)
 .ARM.attributes
                0x00000747       0x32 c:/programdata/matlab/supportpackages/r2024a/3p.instrset/gnuarm-armcortex.instrset/win/bin/../lib/gcc/arm-none-eabi/11.3.1/thumb/v7e-m+dp/hard\libm.a(libm_a-e_fmod.o)
 .ARM.attributes
                0x00000779       0x32 c:/programdata/matlab/supportpackages/r2024a/3p.instrset/gnuarm-armcortex.instrset/win/bin/../lib/gcc/arm-none-eabi/11.3.1/thumb/v7e-m+dp/hard\libc_nano.a(libc_a-findfp.o)
 .ARM.attributes
                0x000007ab       0x32 c:/programdata/matlab/supportpackages/r2024a/3p.instrset/gnuarm-armcortex.instrset/win/bin/../lib/gcc/arm-none-eabi/11.3.1/thumb/v7e-m+dp/hard\libc_nano.a(libc_a-memset.o)
 .ARM.attributes
                0x000007dd       0x32 c:/programdata/matlab/supportpackages/r2024a/3p.instrset/gnuarm-armcortex.instrset/win/bin/../lib/gcc/arm-none-eabi/11.3.1/thumb/v7e-m+dp/hard\libc_nano.a(libc_a-reent.o)
 .ARM.attributes
                0x0000080f       0x32 c:/programdata/matlab/supportpackages/r2024a/3p.instrset/gnuarm-armcortex.instrset/win/bin/../lib/gcc/arm-none-eabi/11.3.1/thumb/v7e-m+dp/hard\libc_nano.a(libc_a-impure.o)
 .ARM.attributes
                0x00000841       0x32 c:/programdata/matlab/supportpackages/r2024a/3p.instrset/gnuarm-armcortex.instrset/win/bin/../lib/gcc/arm-none-eabi/11.3.1/thumb/v7e-m+dp/hard\libc_nano.a(libc_a-errno.o)
 .ARM.attributes
                0x00000873       0x32 c:/programdata/matlab/supportpackages/r2024a/3p.instrset/gnuarm-armcortex.instrset/win/bin/../lib/gcc/arm-none-eabi/11.3.1/thumb/v7e-m+dp/hard\libc_nano.a(libc_a-init.o)
 .ARM.attributes
                0x000008a5       0x32 c:/programdata/matlab/supportpackages/r2024a/3p.instrset/gnuarm-armcortex.instrset/win/bin/../lib/gcc/arm-none-eabi/11.3.1/thumb/v7e-m+dp/hard\libc_nano.a(libc_a-lock.o)
 .ARM.attributes
                0x000008d7       0x32 c:/programdata/matlab/supportpackages/r2024a/3p.instrset/gnuarm-armcortex.instrset/win/bin/../lib/gcc/arm-none-eabi/11.3.1/thumb/v7e-m+dp/hard\libc_nano.a(libc_a-memcpy-stub.o)
 .ARM.attributes
                0x00000909       0x32 c:/programdata/matlab/supportpackages/r2024a/3p.instrset/gnuarm-armcortex.instrset/win/bin/../lib/gcc/arm-none-eabi/11.3.1/thumb/v7e-m+dp/hard\libc_nano.a(libc_a-freer.o)
 .ARM.attributes
                0x0000093b       0x32 c:/programdata/matlab/supportpackages/r2024a/3p.instrset/gnuarm-armcortex.instrset/win/bin/../lib/gcc/arm-none-eabi/11.3.1/thumb/v7e-m+dp/hard\libc_nano.a(libc_a-mallocr.o)
 .ARM.attributes
                0x0000096d       0x32 c:/programdata/matlab/supportpackages/r2024a/3p.instrset/gnuarm-armcortex.instrset/win/bin/../lib/gcc/arm-none-eabi/11.3.1/thumb/v7e-m+dp/hard\libc_nano.a(libc_a-mlock.o)
 .ARM.attributes
                0x0000099f       0x32 c:/programdata/matlab/supportpackages/r2024a/3p.instrset/gnuarm-armcortex.instrset/win/bin/../lib/gcc/arm-none-eabi/11.3.1/thumb/v7e-m+dp/hard/crtend.o
 .ARM.attributes
                0x000009d1       0x1e c:/programdata/matlab/supportpackages/r2024a/3p.instrset/gnuarm-armcortex.instrset/win/bin/../lib/gcc/arm-none-eabi/11.3.1/thumb/v7e-m+dp/hard/crtn.o

.dma_buffer
 *(.dma_buffer)

.bdma_buffer
 *(.bdma_buffer)
OUTPUT(../testing_new_board.elf elf32-littlearm)
LOAD linker stubs
LOAD c:/programdata/matlab/supportpackages/r2024a/3p.instrset/gnuarm-armcortex.instrset/win/bin/../lib/gcc/arm-none-eabi/11.3.1/thumb/v7e-m+dp/hard\libc.a
LOAD c:/programdata/matlab/supportpackages/r2024a/3p.instrset/gnuarm-armcortex.instrset/win/bin/../lib/gcc/arm-none-eabi/11.3.1/thumb/v7e-m+dp/hard\libm.a
LOAD c:/programdata/matlab/supportpackages/r2024a/3p.instrset/gnuarm-armcortex.instrset/win/bin/../lib/gcc/arm-none-eabi/11.3.1/thumb/v7e-m+dp/hard\libgcc.a

.comment        0x00000000       0x33
 .comment       0x00000000       0x33 c:/programdata/matlab/supportpackages/r2024a/3p.instrset/gnuarm-armcortex.instrset/win/bin/../lib/gcc/arm-none-eabi/11.3.1/thumb/v7e-m+dp/hard/crtbegin.o
                                 0x34 (size before relaxing)
 .comment       0x00000033       0x34 stm_fdcan_hal.o
 .comment       0x00000033       0x34 ert_main.o
 .comment       0x00000033       0x34 rt_nonfinite.o
 .comment       0x00000033       0x34 testing_new_board.o
 .comment       0x00000033       0x34 testing_new_board_data.o
 .comment       0x00000033       0x34 platform_timer.o
 .comment       0x00000033       0x34 mw_freertos_init.o
 .comment       0x00000033       0x34 mw_thread.o
 .comment       0x00000033       0x34 mw_timer.o
 .comment       0x00000033       0x34 mw_semaphore.o
 .comment       0x00000033       0x34 main.o
 .comment       0x00000033       0x34 stm32h7xx_it.o
 .comment       0x00000033       0x34 stm32h7xx_hal_msp.o
 .comment       0x00000033       0x34 stm32h7xx_hal_timebase_tim.o
 .comment       0x00000033       0x34 stm32h7xx_ll_gpio.o
 .comment       0x00000033       0x34 stm32h7xx_ll_adc.o
 .comment       0x00000033       0x34 stm32h7xx_ll_utils.o
 .comment       0x00000033       0x34 stm32h7xx_hal_rcc.o
 .comment       0x00000033       0x34 stm32h7xx_hal_gpio.o
 .comment       0x00000033       0x34 stm32h7xx_hal_cortex.o
 .comment       0x00000033       0x34 stm32h7xx_hal.o
 .comment       0x00000033       0x34 stm32h7xx_hal_fdcan.o
 .comment       0x00000033       0x34 stm32h7xx_hal_tim.o
 .comment       0x00000033       0x34 stm32h7xx_hal_tim_ex.o
 .comment       0x00000033       0x34 stm32h7xx_ll_tim.o
 .comment       0x00000033       0x34 list.o
 .comment       0x00000033       0x34 queue.o
 .comment       0x00000033       0x34 tasks.o
 .comment       0x00000033       0x34 timers.o
 .comment       0x00000033       0x34 cmsis_os2.o
 .comment       0x00000033       0x34 heap_4.o
 .comment       0x00000033       0x34 port.o
 .comment       0x00000033       0x34 system_stm32h7xx.o
 .comment       0x00000033       0x34 c:/programdata/matlab/supportpackages/r2024a/3p.instrset/gnuarm-armcortex.instrset/win/bin/../lib/gcc/arm-none-eabi/11.3.1/thumb/v7e-m+dp/hard\libm.a(libm_a-w_fmod.o)
 .comment       0x00000033       0x34 c:/programdata/matlab/supportpackages/r2024a/3p.instrset/gnuarm-armcortex.instrset/win/bin/../lib/gcc/arm-none-eabi/11.3.1/thumb/v7e-m+dp/hard\libm.a(libm_a-s_floor.o)
 .comment       0x00000033       0x34 c:/programdata/matlab/supportpackages/r2024a/3p.instrset/gnuarm-armcortex.instrset/win/bin/../lib/gcc/arm-none-eabi/11.3.1/thumb/v7e-m+dp/hard\libm.a(libm_a-e_fmod.o)
 .comment       0x00000033       0x34 c:/programdata/matlab/supportpackages/r2024a/3p.instrset/gnuarm-armcortex.instrset/win/bin/../lib/gcc/arm-none-eabi/11.3.1/thumb/v7e-m+dp/hard\libc_nano.a(libc_a-findfp.o)
 .comment       0x00000033       0x34 c:/programdata/matlab/supportpackages/r2024a/3p.instrset/gnuarm-armcortex.instrset/win/bin/../lib/gcc/arm-none-eabi/11.3.1/thumb/v7e-m+dp/hard\libc_nano.a(libc_a-memset.o)
 .comment       0x00000033       0x34 c:/programdata/matlab/supportpackages/r2024a/3p.instrset/gnuarm-armcortex.instrset/win/bin/../lib/gcc/arm-none-eabi/11.3.1/thumb/v7e-m+dp/hard\libc_nano.a(libc_a-reent.o)
 .comment       0x00000033       0x34 c:/programdata/matlab/supportpackages/r2024a/3p.instrset/gnuarm-armcortex.instrset/win/bin/../lib/gcc/arm-none-eabi/11.3.1/thumb/v7e-m+dp/hard\libc_nano.a(libc_a-impure.o)
 .comment       0x00000033       0x34 c:/programdata/matlab/supportpackages/r2024a/3p.instrset/gnuarm-armcortex.instrset/win/bin/../lib/gcc/arm-none-eabi/11.3.1/thumb/v7e-m+dp/hard\libc_nano.a(libc_a-errno.o)
 .comment       0x00000033       0x34 c:/programdata/matlab/supportpackages/r2024a/3p.instrset/gnuarm-armcortex.instrset/win/bin/../lib/gcc/arm-none-eabi/11.3.1/thumb/v7e-m+dp/hard\libc_nano.a(libc_a-init.o)
 .comment       0x00000033       0x34 c:/programdata/matlab/supportpackages/r2024a/3p.instrset/gnuarm-armcortex.instrset/win/bin/../lib/gcc/arm-none-eabi/11.3.1/thumb/v7e-m+dp/hard\libc_nano.a(libc_a-lock.o)
 .comment       0x00000033       0x34 c:/programdata/matlab/supportpackages/r2024a/3p.instrset/gnuarm-armcortex.instrset/win/bin/../lib/gcc/arm-none-eabi/11.3.1/thumb/v7e-m+dp/hard\libc_nano.a(libc_a-memcpy-stub.o)
 .comment       0x00000033       0x34 c:/programdata/matlab/supportpackages/r2024a/3p.instrset/gnuarm-armcortex.instrset/win/bin/../lib/gcc/arm-none-eabi/11.3.1/thumb/v7e-m+dp/hard\libc_nano.a(libc_a-freer.o)
 .comment       0x00000033       0x34 c:/programdata/matlab/supportpackages/r2024a/3p.instrset/gnuarm-armcortex.instrset/win/bin/../lib/gcc/arm-none-eabi/11.3.1/thumb/v7e-m+dp/hard\libc_nano.a(libc_a-mallocr.o)
 .comment       0x00000033       0x34 c:/programdata/matlab/supportpackages/r2024a/3p.instrset/gnuarm-armcortex.instrset/win/bin/../lib/gcc/arm-none-eabi/11.3.1/thumb/v7e-m+dp/hard\libc_nano.a(libc_a-mlock.o)
 .comment       0x00000033       0x34 c:/programdata/matlab/supportpackages/r2024a/3p.instrset/gnuarm-armcortex.instrset/win/bin/../lib/gcc/arm-none-eabi/11.3.1/thumb/v7e-m+dp/hard/crtend.o

.debug_info     0x00000000     0x49f0
 .debug_info    0x00000000      0x132 c:/programdata/matlab/supportpackages/r2024a/3p.instrset/gnuarm-armcortex.instrset/win/bin/../lib/gcc/arm-none-eabi/11.3.1/thumb/v7e-m+dp/hard\libm.a(libm_a-w_fmod.o)
 .debug_info    0x00000132      0x1bd c:/programdata/matlab/supportpackages/r2024a/3p.instrset/gnuarm-armcortex.instrset/win/bin/../lib/gcc/arm-none-eabi/11.3.1/thumb/v7e-m+dp/hard\libm.a(libm_a-s_floor.o)
 .debug_info    0x000002ef      0x28c c:/programdata/matlab/supportpackages/r2024a/3p.instrset/gnuarm-armcortex.instrset/win/bin/../lib/gcc/arm-none-eabi/11.3.1/thumb/v7e-m+dp/hard\libm.a(libm_a-e_fmod.o)
 .debug_info    0x0000057b      0xf8f c:/programdata/matlab/supportpackages/r2024a/3p.instrset/gnuarm-armcortex.instrset/win/bin/../lib/gcc/arm-none-eabi/11.3.1/thumb/v7e-m+dp/hard\libc_nano.a(libc_a-findfp.o)
 .debug_info    0x0000150a       0xe0 c:/programdata/matlab/supportpackages/r2024a/3p.instrset/gnuarm-armcortex.instrset/win/bin/../lib/gcc/arm-none-eabi/11.3.1/thumb/v7e-m+dp/hard\libc_nano.a(libc_a-memset.o)
 .debug_info    0x000015ea      0x858 c:/programdata/matlab/supportpackages/r2024a/3p.instrset/gnuarm-armcortex.instrset/win/bin/../lib/gcc/arm-none-eabi/11.3.1/thumb/v7e-m+dp/hard\libc_nano.a(libc_a-reent.o)
 .debug_info    0x00001e42      0x714 c:/programdata/matlab/supportpackages/r2024a/3p.instrset/gnuarm-armcortex.instrset/win/bin/../lib/gcc/arm-none-eabi/11.3.1/thumb/v7e-m+dp/hard\libc_nano.a(libc_a-impure.o)
 .debug_info    0x00002556      0x6fa c:/programdata/matlab/supportpackages/r2024a/3p.instrset/gnuarm-armcortex.instrset/win/bin/../lib/gcc/arm-none-eabi/11.3.1/thumb/v7e-m+dp/hard\libc_nano.a(libc_a-errno.o)
 .debug_info    0x00002c50      0x10b c:/programdata/matlab/supportpackages/r2024a/3p.instrset/gnuarm-armcortex.instrset/win/bin/../lib/gcc/arm-none-eabi/11.3.1/thumb/v7e-m+dp/hard\libc_nano.a(libc_a-init.o)
 .debug_info    0x00002d5b      0x20a c:/programdata/matlab/supportpackages/r2024a/3p.instrset/gnuarm-armcortex.instrset/win/bin/../lib/gcc/arm-none-eabi/11.3.1/thumb/v7e-m+dp/hard\libc_nano.a(libc_a-lock.o)
 .debug_info    0x00002f65      0x121 c:/programdata/matlab/supportpackages/r2024a/3p.instrset/gnuarm-armcortex.instrset/win/bin/../lib/gcc/arm-none-eabi/11.3.1/thumb/v7e-m+dp/hard\libc_nano.a(libc_a-memcpy-stub.o)
 .debug_info    0x00003086      0x845 c:/programdata/matlab/supportpackages/r2024a/3p.instrset/gnuarm-armcortex.instrset/win/bin/../lib/gcc/arm-none-eabi/11.3.1/thumb/v7e-m+dp/hard\libc_nano.a(libc_a-freer.o)
 .debug_info    0x000038cb      0x9bb c:/programdata/matlab/supportpackages/r2024a/3p.instrset/gnuarm-armcortex.instrset/win/bin/../lib/gcc/arm-none-eabi/11.3.1/thumb/v7e-m+dp/hard\libc_nano.a(libc_a-mallocr.o)
 .debug_info    0x00004286      0x76a c:/programdata/matlab/supportpackages/r2024a/3p.instrset/gnuarm-armcortex.instrset/win/bin/../lib/gcc/arm-none-eabi/11.3.1/thumb/v7e-m+dp/hard\libc_nano.a(libc_a-mlock.o)

.debug_abbrev   0x00000000     0x1578
 .debug_abbrev  0x00000000       0xc8 c:/programdata/matlab/supportpackages/r2024a/3p.instrset/gnuarm-armcortex.instrset/win/bin/../lib/gcc/arm-none-eabi/11.3.1/thumb/v7e-m+dp/hard\libm.a(libm_a-w_fmod.o)
 .debug_abbrev  0x000000c8      0x119 c:/programdata/matlab/supportpackages/r2024a/3p.instrset/gnuarm-armcortex.instrset/win/bin/../lib/gcc/arm-none-eabi/11.3.1/thumb/v7e-m+dp/hard\libm.a(libm_a-s_floor.o)
 .debug_abbrev  0x000001e1      0x16b c:/programdata/matlab/supportpackages/r2024a/3p.instrset/gnuarm-armcortex.instrset/win/bin/../lib/gcc/arm-none-eabi/11.3.1/thumb/v7e-m+dp/hard\libm.a(libm_a-e_fmod.o)
 .debug_abbrev  0x0000034c      0x40c c:/programdata/matlab/supportpackages/r2024a/3p.instrset/gnuarm-armcortex.instrset/win/bin/../lib/gcc/arm-none-eabi/11.3.1/thumb/v7e-m+dp/hard\libc_nano.a(libc_a-findfp.o)
 .debug_abbrev  0x00000758       0x9e c:/programdata/matlab/supportpackages/r2024a/3p.instrset/gnuarm-armcortex.instrset/win/bin/../lib/gcc/arm-none-eabi/11.3.1/thumb/v7e-m+dp/hard\libc_nano.a(libc_a-memset.o)
 .debug_abbrev  0x000007f6      0x1f8 c:/programdata/matlab/supportpackages/r2024a/3p.instrset/gnuarm-armcortex.instrset/win/bin/../lib/gcc/arm-none-eabi/11.3.1/thumb/v7e-m+dp/hard\libc_nano.a(libc_a-reent.o)
 .debug_abbrev  0x000009ee      0x149 c:/programdata/matlab/supportpackages/r2024a/3p.instrset/gnuarm-armcortex.instrset/win/bin/../lib/gcc/arm-none-eabi/11.3.1/thumb/v7e-m+dp/hard\libc_nano.a(libc_a-impure.o)
 .debug_abbrev  0x00000b37      0x15e c:/programdata/matlab/supportpackages/r2024a/3p.instrset/gnuarm-armcortex.instrset/win/bin/../lib/gcc/arm-none-eabi/11.3.1/thumb/v7e-m+dp/hard\libc_nano.a(libc_a-errno.o)
 .debug_abbrev  0x00000c95       0xc9 c:/programdata/matlab/supportpackages/r2024a/3p.instrset/gnuarm-armcortex.instrset/win/bin/../lib/gcc/arm-none-eabi/11.3.1/thumb/v7e-m+dp/hard\libc_nano.a(libc_a-init.o)
 .debug_abbrev  0x00000d5e      0x115 c:/programdata/matlab/supportpackages/r2024a/3p.instrset/gnuarm-armcortex.instrset/win/bin/../lib/gcc/arm-none-eabi/11.3.1/thumb/v7e-m+dp/hard\libc_nano.a(libc_a-lock.o)
 .debug_abbrev  0x00000e73       0xc1 c:/programdata/matlab/supportpackages/r2024a/3p.instrset/gnuarm-armcortex.instrset/win/bin/../lib/gcc/arm-none-eabi/11.3.1/thumb/v7e-m+dp/hard\libc_nano.a(libc_a-memcpy-stub.o)
 .debug_abbrev  0x00000f34      0x23b c:/programdata/matlab/supportpackages/r2024a/3p.instrset/gnuarm-armcortex.instrset/win/bin/../lib/gcc/arm-none-eabi/11.3.1/thumb/v7e-m+dp/hard\libc_nano.a(libc_a-freer.o)
 .debug_abbrev  0x0000116f      0x24a c:/programdata/matlab/supportpackages/r2024a/3p.instrset/gnuarm-armcortex.instrset/win/bin/../lib/gcc/arm-none-eabi/11.3.1/thumb/v7e-m+dp/hard\libc_nano.a(libc_a-mallocr.o)
 .debug_abbrev  0x000013b9      0x1bf c:/programdata/matlab/supportpackages/r2024a/3p.instrset/gnuarm-armcortex.instrset/win/bin/../lib/gcc/arm-none-eabi/11.3.1/thumb/v7e-m+dp/hard\libc_nano.a(libc_a-mlock.o)

.debug_loclists
                0x00000000      0xeff
 .debug_loclists
                0x00000000       0x94 c:/programdata/matlab/supportpackages/r2024a/3p.instrset/gnuarm-armcortex.instrset/win/bin/../lib/gcc/arm-none-eabi/11.3.1/thumb/v7e-m+dp/hard\libm.a(libm_a-w_fmod.o)
 .debug_loclists
                0x00000094      0x246 c:/programdata/matlab/supportpackages/r2024a/3p.instrset/gnuarm-armcortex.instrset/win/bin/../lib/gcc/arm-none-eabi/11.3.1/thumb/v7e-m+dp/hard\libm.a(libm_a-s_floor.o)
 .debug_loclists
                0x000002da      0x4d2 c:/programdata/matlab/supportpackages/r2024a/3p.instrset/gnuarm-armcortex.instrset/win/bin/../lib/gcc/arm-none-eabi/11.3.1/thumb/v7e-m+dp/hard\libm.a(libm_a-e_fmod.o)
 .debug_loclists
                0x000007ac      0x237 c:/programdata/matlab/supportpackages/r2024a/3p.instrset/gnuarm-armcortex.instrset/win/bin/../lib/gcc/arm-none-eabi/11.3.1/thumb/v7e-m+dp/hard\libc_nano.a(libc_a-findfp.o)
 .debug_loclists
                0x000009e3       0x47 c:/programdata/matlab/supportpackages/r2024a/3p.instrset/gnuarm-armcortex.instrset/win/bin/../lib/gcc/arm-none-eabi/11.3.1/thumb/v7e-m+dp/hard\libc_nano.a(libc_a-memset.o)
 .debug_loclists
                0x00000a2a       0x7d c:/programdata/matlab/supportpackages/r2024a/3p.instrset/gnuarm-armcortex.instrset/win/bin/../lib/gcc/arm-none-eabi/11.3.1/thumb/v7e-m+dp/hard\libc_nano.a(libc_a-reent.o)
 .debug_loclists
                0x00000aa7       0x44 c:/programdata/matlab/supportpackages/r2024a/3p.instrset/gnuarm-armcortex.instrset/win/bin/../lib/gcc/arm-none-eabi/11.3.1/thumb/v7e-m+dp/hard\libc_nano.a(libc_a-init.o)
 .debug_loclists
                0x00000aeb       0x23 c:/programdata/matlab/supportpackages/r2024a/3p.instrset/gnuarm-armcortex.instrset/win/bin/../lib/gcc/arm-none-eabi/11.3.1/thumb/v7e-m+dp/hard\libc_nano.a(libc_a-lock.o)
 .debug_loclists
                0x00000b0e       0x8f c:/programdata/matlab/supportpackages/r2024a/3p.instrset/gnuarm-armcortex.instrset/win/bin/../lib/gcc/arm-none-eabi/11.3.1/thumb/v7e-m+dp/hard\libc_nano.a(libc_a-memcpy-stub.o)
 .debug_loclists
                0x00000b9d       0xd4 c:/programdata/matlab/supportpackages/r2024a/3p.instrset/gnuarm-armcortex.instrset/win/bin/../lib/gcc/arm-none-eabi/11.3.1/thumb/v7e-m+dp/hard\libc_nano.a(libc_a-freer.o)
 .debug_loclists
                0x00000c71      0x254 c:/programdata/matlab/supportpackages/r2024a/3p.instrset/gnuarm-armcortex.instrset/win/bin/../lib/gcc/arm-none-eabi/11.3.1/thumb/v7e-m+dp/hard\libc_nano.a(libc_a-mallocr.o)
 .debug_loclists
                0x00000ec5       0x3a c:/programdata/matlab/supportpackages/r2024a/3p.instrset/gnuarm-armcortex.instrset/win/bin/../lib/gcc/arm-none-eabi/11.3.1/thumb/v7e-m+dp/hard\libc_nano.a(libc_a-mlock.o)

.debug_aranges  0x00000000      0x228
 .debug_aranges
                0x00000000       0x20 c:/programdata/matlab/supportpackages/r2024a/3p.instrset/gnuarm-armcortex.instrset/win/bin/../lib/gcc/arm-none-eabi/11.3.1/thumb/v7e-m+dp/hard\libm.a(libm_a-w_fmod.o)
 .debug_aranges
                0x00000020       0x20 c:/programdata/matlab/supportpackages/r2024a/3p.instrset/gnuarm-armcortex.instrset/win/bin/../lib/gcc/arm-none-eabi/11.3.1/thumb/v7e-m+dp/hard\libm.a(libm_a-s_floor.o)
 .debug_aranges
                0x00000040       0x20 c:/programdata/matlab/supportpackages/r2024a/3p.instrset/gnuarm-armcortex.instrset/win/bin/../lib/gcc/arm-none-eabi/11.3.1/thumb/v7e-m+dp/hard\libm.a(libm_a-e_fmod.o)
 .debug_aranges
                0x00000060       0x78 c:/programdata/matlab/supportpackages/r2024a/3p.instrset/gnuarm-armcortex.instrset/win/bin/../lib/gcc/arm-none-eabi/11.3.1/thumb/v7e-m+dp/hard\libc_nano.a(libc_a-findfp.o)
 .debug_aranges
                0x000000d8       0x20 c:/programdata/matlab/supportpackages/r2024a/3p.instrset/gnuarm-armcortex.instrset/win/bin/../lib/gcc/arm-none-eabi/11.3.1/thumb/v7e-m+dp/hard\libc_nano.a(libc_a-memset.o)
 .debug_aranges
                0x000000f8       0x20 c:/programdata/matlab/supportpackages/r2024a/3p.instrset/gnuarm-armcortex.instrset/win/bin/../lib/gcc/arm-none-eabi/11.3.1/thumb/v7e-m+dp/hard\libc_nano.a(libc_a-reent.o)
 .debug_aranges
                0x00000118       0x18 c:/programdata/matlab/supportpackages/r2024a/3p.instrset/gnuarm-armcortex.instrset/win/bin/../lib/gcc/arm-none-eabi/11.3.1/thumb/v7e-m+dp/hard\libc_nano.a(libc_a-impure.o)
 .debug_aranges
                0x00000130       0x20 c:/programdata/matlab/supportpackages/r2024a/3p.instrset/gnuarm-armcortex.instrset/win/bin/../lib/gcc/arm-none-eabi/11.3.1/thumb/v7e-m+dp/hard\libc_nano.a(libc_a-errno.o)
 .debug_aranges
                0x00000150       0x20 c:/programdata/matlab/supportpackages/r2024a/3p.instrset/gnuarm-armcortex.instrset/win/bin/../lib/gcc/arm-none-eabi/11.3.1/thumb/v7e-m+dp/hard\libc_nano.a(libc_a-init.o)
 .debug_aranges
                0x00000170       0x28 c:/programdata/matlab/supportpackages/r2024a/3p.instrset/gnuarm-armcortex.instrset/win/bin/../lib/gcc/arm-none-eabi/11.3.1/thumb/v7e-m+dp/hard\libc_nano.a(libc_a-lock.o)
 .debug_aranges
                0x00000198       0x20 c:/programdata/matlab/supportpackages/r2024a/3p.instrset/gnuarm-armcortex.instrset/win/bin/../lib/gcc/arm-none-eabi/11.3.1/thumb/v7e-m+dp/hard\libc_nano.a(libc_a-memcpy-stub.o)
 .debug_aranges
                0x000001b8       0x20 c:/programdata/matlab/supportpackages/r2024a/3p.instrset/gnuarm-armcortex.instrset/win/bin/../lib/gcc/arm-none-eabi/11.3.1/thumb/v7e-m+dp/hard\libc_nano.a(libc_a-freer.o)
 .debug_aranges
                0x000001d8       0x28 c:/programdata/matlab/supportpackages/r2024a/3p.instrset/gnuarm-armcortex.instrset/win/bin/../lib/gcc/arm-none-eabi/11.3.1/thumb/v7e-m+dp/hard\libc_nano.a(libc_a-mallocr.o)
 .debug_aranges
                0x00000200       0x28 c:/programdata/matlab/supportpackages/r2024a/3p.instrset/gnuarm-armcortex.instrset/win/bin/../lib/gcc/arm-none-eabi/11.3.1/thumb/v7e-m+dp/hard\libc_nano.a(libc_a-mlock.o)

.debug_rnglists
                0x00000000      0x1e8
 .debug_rnglists
                0x00000000       0x13 c:/programdata/matlab/supportpackages/r2024a/3p.instrset/gnuarm-armcortex.instrset/win/bin/../lib/gcc/arm-none-eabi/11.3.1/thumb/v7e-m+dp/hard\libm.a(libm_a-w_fmod.o)
 .debug_rnglists
                0x00000013       0x32 c:/programdata/matlab/supportpackages/r2024a/3p.instrset/gnuarm-armcortex.instrset/win/bin/../lib/gcc/arm-none-eabi/11.3.1/thumb/v7e-m+dp/hard\libm.a(libm_a-s_floor.o)
 .debug_rnglists
                0x00000045       0x3b c:/programdata/matlab/supportpackages/r2024a/3p.instrset/gnuarm-armcortex.instrset/win/bin/../lib/gcc/arm-none-eabi/11.3.1/thumb/v7e-m+dp/hard\libm.a(libm_a-e_fmod.o)
 .debug_rnglists
                0x00000080       0x7e c:/programdata/matlab/supportpackages/r2024a/3p.instrset/gnuarm-armcortex.instrset/win/bin/../lib/gcc/arm-none-eabi/11.3.1/thumb/v7e-m+dp/hard\libc_nano.a(libc_a-findfp.o)
 .debug_rnglists
                0x000000fe       0x13 c:/programdata/matlab/supportpackages/r2024a/3p.instrset/gnuarm-armcortex.instrset/win/bin/../lib/gcc/arm-none-eabi/11.3.1/thumb/v7e-m+dp/hard\libc_nano.a(libc_a-memset.o)
 .debug_rnglists
                0x00000111       0x26 c:/programdata/matlab/supportpackages/r2024a/3p.instrset/gnuarm-armcortex.instrset/win/bin/../lib/gcc/arm-none-eabi/11.3.1/thumb/v7e-m+dp/hard\libc_nano.a(libc_a-reent.o)
 .debug_rnglists
                0x00000137       0x13 c:/programdata/matlab/supportpackages/r2024a/3p.instrset/gnuarm-armcortex.instrset/win/bin/../lib/gcc/arm-none-eabi/11.3.1/thumb/v7e-m+dp/hard\libc_nano.a(libc_a-errno.o)
 .debug_rnglists
                0x0000014a       0x13 c:/programdata/matlab/supportpackages/r2024a/3p.instrset/gnuarm-armcortex.instrset/win/bin/../lib/gcc/arm-none-eabi/11.3.1/thumb/v7e-m+dp/hard\libc_nano.a(libc_a-init.o)
 .debug_rnglists
                0x0000015d       0x19 c:/programdata/matlab/supportpackages/r2024a/3p.instrset/gnuarm-armcortex.instrset/win/bin/../lib/gcc/arm-none-eabi/11.3.1/thumb/v7e-m+dp/hard\libc_nano.a(libc_a-lock.o)
 .debug_rnglists